
> phpurs@0.1.0 build
> spago build && NODE_OPTIONS="--no-deprecation" purs-backend-es bundle-app -p node -m Main --to bin/phpurs.js

Reading Spago workspace configuration...

✓ Selecting package to build: phpurs

Downloading dependencies...
Building...
[1 of 2] Compiling Phpurs.CodeGen
[2 of 2] Compiling Main
[WARNING 1/26 UnusedExplicitImport] src/Main.purs:7:1

  7  import Effect.Aff (Aff, launchAff_, attempt)
     ^^^^^^^^^^^^^^^^^^^^^^^^^^^^^^^^^^^^^^^^^^^^

  The import of module Effect.Aff contains the following unused references:
    Aff
  It could be replaced with:
    import Effect.Aff (attempt, launchAff_)

[WARNING 2/26 UnusedImport] src/Main.purs:10:1

  10  import Node.FS.Stats as Stats
      ^^^^^^^^^^^^^^^^^^^^^^^^^^^^^

  The qualified import of Node.FS.Stats as Stats is redundant

[WARNING 3/26 UnusedImport] src/Main.purs:13:1

  13  import Data.Argonaut.Parser (jsonParser)
      ^^^^^^^^^^^^^^^^^^^^^^^^^^^^^^^^^^^^^^^^

  The import of Data.Argonaut.Parser is redundant

[WARNING 4/26 UnusedImport] src/Main.purs:15:1

  15  import Data.Either (Either(..), isRight)
      ^^^^^^^^^^^^^^^^^^^^^^^^^^^^^^^^^^^^^^^^

  The import of Data.Either is redundant

[WARNING 5/26 UnusedImport] src/Main.purs:16:1

  16  import Data.Bifunctor (lmap)
      ^^^^^^^^^^^^^^^^^^^^^^^^^^^^

  The import of Data.Bifunctor is redundant

[WARNING 6/26 UnusedImport] src/Main.purs:17:1

  17  import Data.Argonaut.Decode.Error (printJsonDecodeError)
      ^^^^^^^^^^^^^^^^^^^^^^^^^^^^^^^^^^^^^^^^^^^^^^^^^^^^^^^^

  The import of Data.Argonaut.Decode.Error is redundant

[WARNING 7/26 UnusedImport] src/Main.purs:19:1

  19  import Data.List as List
      ^^^^^^^^^^^^^^^^^^^^^^^^

  The qualified import of Data.List as List is redundant

[WARNING 8/26 UnusedExplicitImport] src/Main.purs:20:1

  20  import Data.Maybe (Maybe(..), isJust, maybe, fromMaybe)
      ^^^^^^^^^^^^^^^^^^^^^^^^^^^^^^^^^^^^^^^^^^^^^^^^^^^^^^^

  The import of module Data.Maybe contains the following unused references:
    maybe
  It could be replaced with:
    import Data.Maybe (Maybe(..), fromMaybe, isJust)

[WARNING 9/26 UnusedImport] src/Main.purs:27:1

  27  import PureScript.Backend.Optimizer.CoreFn.Json (decodeModule)
      ^^^^^^^^^^^^^^^^^^^^^^^^^^^^^^^^^^^^^^^^^^^^^^^^^^^^^^^^^^^^^^

  The import of PureScript.Backend.Optimizer.CoreFn.Json is redundant

[WARNING 10/26 UnusedImport] src/Main.purs:28:1

  28  import PureScript.Backend.Optimizer.CoreFn.Sort (sortModules)
      ^^^^^^^^^^^^^^^^^^^^^^^^^^^^^^^^^^^^^^^^^^^^^^^^^^^^^^^^^^^^^

  The import of PureScript.Backend.Optimizer.CoreFn.Sort is redundant

[WARNING 11/26 UnusedExplicitImport] src/Main.purs:30:1

  30  import PureScript.Backend.Optimizer.CoreFn (Module(..), Ann, Ident(..), importName, Qualified(..), ModuleName(..), ExprType(..))
      ^^^^^^^^^^^^^^^^^^^^^^^^^^^^^^^^^^^^^^^^^^^^^^^^^^^^^^^^^^^^^^^^^^^^^^^^^^^^^^^^^^^^^^^^^^^^^^^^^^^^^^^^^^^^^^^^^^^^^^^^^^^^^^^^

  The import of module PureScript.Backend.Optimizer.CoreFn contains the following unused references:
    Ann
    Qualified
  It could be replaced with:
    import PureScript.Backend.Optimizer.CoreFn (ExprType(..), Ident(..), Module(..), ModuleName(..), importName)

[WARNING 12/26 UnusedExplicitImport] src/Main.purs:38:1

  38  import Data.String (joinWith, replace, replaceAll, trim, length, contains)
      ^^^^^^^^^^^^^^^^^^^^^^^^^^^^^^^^^^^^^^^^^^^^^^^^^^^^^^^^^^^^^^^^^^^^^^^^^^

  The import of module Data.String contains the following unused references:
    contains
  It could be replaced with:
    import Data.String (joinWith, length, replace, replaceAll, trim)

[WARNING 13/26 UnusedExplicitImport] src/Main.purs:40:1

  40  import PureScript.Backend.Optimizer.App (coreFnModulesFromOutput, parseCLIArgs, checkCache, writeCache, loadDirectives)
      ^^^^^^^^^^^^^^^^^^^^^^^^^^^^^^^^^^^^^^^^^^^^^^^^^^^^^^^^^^^^^^^^^^^^^^^^^^^^^^^^^^^^^^^^^^^^^^^^^^^^^^^^^^^^^^^^^^^^^^^

  The import of module PureScript.Backend.Optimizer.App contains the following unused references:
    checkCache
    writeCache
  It could be replaced with:
    import PureScript.Backend.Optimizer.App (coreFnModulesFromOutput, loadDirectives, parseCLIArgs)

[WARNING 14/26 UnusedImport] src/Main.purs:45:1

  45  import PureScript.Backend.Optimizer.Convert (BackendBindingGroup(..))
      ^^^^^^^^^^^^^^^^^^^^^^^^^^^^^^^^^^^^^^^^^^^^^^^^^^^^^^^^^^^^^^^^^^^^^

  The import of PureScript.Backend.Optimizer.Convert is redundant

[WARNING 15/26 UnusedName] src/Main.purs:96:13

  96          let modNameStr = unwrap coreFnMod.name
                  ^^^^^^^^^^^^^^^^^^^^^^^^^^^^^^^^^^

  Name modNameStr was introduced but not used.
  in value declaration main

[WARNING 16/26 UnusedExplicitImport] src/Phpurs/CodeGen.purs:16:1

  16  import PureScript.Backend.Optimizer.Codegen.Tco (TcoExpr(..), tcoAnalysisOf, unTcoExpr, TcoRef(..), TcoUsage(..), TcoAnalysis(..))
      ^^^^^^^^^^^^^^^^^^^^^^^^^^^^^^^^^^^^^^^^^^^^^^^^^^^^^^^^^^^^^^^^^^^^^^^^^^^^^^^^^^^^^^^^^^^^^^^^^^^^^^^^^^^^^^^^^^^^^^^^^^^^^^^^^^

  The import of module PureScript.Backend.Optimizer.Codegen.Tco contains the following unused references:
    unTcoExpr
  It could be replaced with:
    import PureScript.Backend.Optimizer.Codegen.Tco (TcoAnalysis(..), TcoExpr(..), TcoRef(..), TcoUsage(..), tcoAnalysisOf)

[WARNING 17/26 UnusedImport] src/Phpurs/CodeGen.purs:19:1

  19  import Debug (traceM)
      ^^^^^^^^^^^^^^^^^^^^^

  The import of Debug is redundant

[WARNING 18/26 DuplicateSelectiveImport] src/Phpurs/CodeGen.purs:29:1

  29  import Debug (trace)
      ^^^^^^^^^^^^^^^^^^^^

  There is an existing import of Debug, consider merging the import lists

[WARNING 19/26 UnusedExplicitImport] src/Phpurs/CodeGen.purs:31:1

  31  import Data.Foldable (foldl, foldr, foldMap)
      ^^^^^^^^^^^^^^^^^^^^^^^^^^^^^^^^^^^^^^^^^^^^

  The import of module Data.Foldable contains the following unused references:
    foldr
  It could be replaced with:
    import Data.Foldable (foldMap, foldl)

[WARNING 20/26 UnusedImport] src/Phpurs/CodeGen.purs:37:1

  37  import Data.Set (Set)
      ^^^^^^^^^^^^^^^^^^^^^

  The import of Data.Set is redundant

[WARNING 21/26 UnusedImport] src/Phpurs/CodeGen.purs:38:1

  38  import Data.Set as Set
      ^^^^^^^^^^^^^^^^^^^^^^

  The qualified import of Data.Set as Set is redundant

[WARNING 22/26 UserDefinedWarning] src/Phpurs/CodeGen.purs:131:1

  131  translateExprImpl :: String -> Array String -> Map String String -> Map String String -> Maybe String -> Array LoopCtx -> Boolean -> Int -> TcoExpr -> TranslationRes
       ^^^^^^^^^^^^^^^^^^^^^^^^^^^^^^^^^^^^^^^^^^^^^^^^^^^^^^^^^^^^^^^^^^^^^^^^^^^^^^^^^^^^^^^^^^^^^^^^^^^^^^^^^^^^^^^^^^^^^^^^^^^^^^^^^^^^^^^^^^^^^^^^^^^^^^^^^^^^^^^^^^^^^

  A custom warning occurred while solving type class constraints:
    Debug function usage
  in binding group translateExprImpl

[WARNING 23/26 UserDefinedWarning] src/Phpurs/CodeGen.purs:131:1

  131  translateExprImpl :: String -> Array String -> Map String String -> Map String String -> Maybe String -> Array LoopCtx -> Boolean -> Int -> TcoExpr -> TranslationRes
       ^^^^^^^^^^^^^^^^^^^^^^^^^^^^^^^^^^^^^^^^^^^^^^^^^^^^^^^^^^^^^^^^^^^^^^^^^^^^^^^^^^^^^^^^^^^^^^^^^^^^^^^^^^^^^^^^^^^^^^^^^^^^^^^^^^^^^^^^^^^^^^^^^^^^^^^^^^^^^^^^^^^^^

  A custom warning occurred while solving type class constraints:
    Debug function usage
  in binding group translateExprImpl

[WARNING 24/26 UserDefinedWarning] src/Phpurs/CodeGen.purs:662:1

  662  translate :: Array (Array String) -> BackendModule -> PhpFile
       ^^^^^^^^^^^^^^^^^^^^^^^^^^^^^^^^^^^^^^^^^^^^^^^^^^^^^^^^^^^^^

  A custom warning occurred while solving type class constraints:
    Debug function usage
  in value declaration translate

[WARNING 25/26 UserDefinedWarning] src/Phpurs/CodeGen.purs:662:1

  662  translate :: Array (Array String) -> BackendModule -> PhpFile
       ^^^^^^^^^^^^^^^^^^^^^^^^^^^^^^^^^^^^^^^^^^^^^^^^^^^^^^^^^^^^^

  A custom warning occurred while solving type class constraints:
    Debug function usage
  in value declaration translate

[WARNING 26/26 UnusedName] src/Phpurs/CodeGen.purs:727:29

  727                              useVarsOuter = Array.nub (map (\mapped -> if Array.elem mapped recVars then "&" <> mapped else mapped) mappedFvs)
                                   ^^^^^^^^^^^^^^^^^^^^^^^^^^^^^^^^^^^^^^^^^^^^^^^^^^^^^^^^^^^^^^^^^^^^^^^^^^^^^^^^^^^^^^^^^^^^^^^^^^^^^^^^^^^^^^^^^

  Name useVarsOuter was introduced but not used.
  in value declaration translate

           Src   Lib   All
Warnings    26     0    26
Errors       0     0     0

✓ Build succeeded.

[  1 of 414] Building Control.Semigroupoid
[  2 of 414] Building Type.Proxy
[  3 of 414] Building Data.Symbol
[  4 of 414] Building Data.Unit
[  5 of 414] Building Record.Unsafe
[  6 of 414] Building Data.HeytingAlgebra
[  7 of 414] Building Data.Void
[  8 of 414] Building Data.Eq
[  9 of 414] Building Control.Category
[ 10 of 414] Building Data.Boolean
[ 11 of 414] Building Data.Semigroup
[ 12 of 414] Building Data.Show
[ 13 of 414] Building Data.Ordering
[ 14 of 414] Building Data.Semiring
[ 15 of 414] Building Data.Ring
[ 16 of 414] Building Data.Ord
[ 17 of 414] Building Data.Function
[ 18 of 414] Building Data.Functor
[ 19 of 414] Building Control.Alt
[ 20 of 414] Building Control.Apply
[ 21 of 414] Building Control.Applicative
[ 22 of 414] Building Control.Bind
[ 23 of 414] Building Control.Plus
[ 24 of 414] Building Data.BooleanAlgebra
[ 25 of 414] Building Data.Bounded
[ 26 of 414] Building Data.CommutativeRing
[ 27 of 414] Building Data.EuclideanRing
[ 28 of 414] Building Control.Monad
[ 29 of 414] Building Data.Monoid
[ 30 of 414] Building Data.DivisionRing
[ 31 of 414] Building Data.Field
[ 32 of 414] Building Data.NaturalTransformation
[ 33 of 414] Building Prelude
[ 34 of 414] Building Data.Monoid.Additive
[ 35 of 414] Building Control.Alternative
[ 36 of 414] Building Control.Extend
[ 37 of 414] Building Control.Comonad
[ 38 of 414] Building Data.Monoid.Conj
[ 39 of 414] Building Data.Monoid.Disj
[ 40 of 414] Building Data.Monoid.Dual
[ 41 of 414] Building Data.Monoid.Endo
[ 42 of 414] Building Data.Monoid.Multiplicative
[ 43 of 414] Building Data.Semigroup.First
[ 44 of 414] Building Data.Semigroup.Last
[ 45 of 414] Building Unsafe.Coerce
[ 46 of 414] Building Safe.Coerce
[ 47 of 414] Building Data.Newtype
[ 48 of 414] Building Data.Monoid.Alternate
[ 49 of 414] Building Data.Functor.Invariant
[ 50 of 414] Building Data.Const
[ 51 of 414] Building Data.Generic.Rep
[ 52 of 414] Building Data.Maybe
[ 53 of 414] Building Data.Either
[ 54 of 414] Building Control.Lazy
[ 55 of 414] Building Control.MonadPlus
[ 56 of 414] Building Data.Functor.App
[ 57 of 414] Building Data.Functor.Compose
[ 58 of 414] Building Data.Tuple
[ 59 of 414] Building Data.Bifunctor
[ 60 of 414] Building Data.Functor.Coproduct
[ 61 of 414] Building Data.Functor.Product
[ 62 of 414] Building Data.Identity
[ 63 of 414] Building Data.Maybe.First
[ 64 of 414] Building Data.Maybe.Last
[ 65 of 414] Building Data.Foldable
[ 66 of 414] Building Effect
[ 67 of 414] Building Effect.Ref
[ 68 of 414] Building Partial
[ 69 of 414] Building Partial.Unsafe
[ 70 of 414] Building Control.Monad.Rec.Class
[ 71 of 414] Building Data.FunctorWithIndex
[ 72 of 414] Building Data.FoldableWithIndex
[ 73 of 414] Building Data.Ord.Max
[ 74 of 414] Building Data.Ord.Min
[ 75 of 414] Building Data.Semigroup.Foldable
[ 76 of 414] Building Data.Traversable.Accum
[ 77 of 414] Building Data.Traversable.Accum.Internal
[ 78 of 414] Building Data.Traversable
[ 79 of 414] Building Data.TraversableWithIndex
[ 80 of 414] Building Data.Semigroup.Traversable
[ 81 of 414] Building Data.Unfoldable1
[ 82 of 414] Building Data.Unfoldable
[ 83 of 414] Building Data.NonEmpty
[ 84 of 414] Building Data.List.Types
[ 85 of 414] Building Data.List.Internal
[ 86 of 414] Building Data.List
[ 87 of 414] Building Data.List.NonEmpty
[ 88 of 414] Building Data.Show.Generic
[ 89 of 414] Building Ansi.Codes
[ 90 of 414] Building Ansi.Output
[ 91 of 414] Building Control.Biapply
[ 92 of 414] Building Control.Biapplicative
[ 93 of 414] Building Control.Monad.Trans.Class
[ 94 of 414] Building Data.CatQueue
[ 95 of 414] Building Data.CatList
[ 96 of 414] Building Control.Monad.Free
[ 97 of 414] Building Control.Monad.State.Class
[ 98 of 414] Building Control.Monad.Cont.Class
[ 99 of 414] Building Effect.Exception
[100 of 414] Building Control.Monad.Error.Class
[101 of 414] Building Control.Monad.Reader.Class
[102 of 414] Building Control.Monad.ST.Internal
[103 of 414] Building Control.Monad.ST
[104 of 414] Building Control.Monad.ST.Global
[105 of 414] Building Control.Monad.ST.Class
[106 of 414] Building Control.Monad.Writer.Class
[107 of 414] Building Effect.Class
[108 of 414] Building Control.Monad.State.Trans
[109 of 414] Building Control.Monad.State
[110 of 414] Building Data.Lazy
[111 of 414] Building Control.Comonad.Cofree
[112 of 414] Building Control.Monad.Identity.Trans
[113 of 414] Building Control.Comonad.Trans.Class
[114 of 414] Building Control.Comonad.Env.Trans
[115 of 414] Building Control.Comonad.Store.Trans
[116 of 414] Building Control.Comonad.Traced.Trans
[117 of 414] Building Control.Comonad.Cofree.Class
[118 of 414] Building Control.Comonad.Store.Class
[119 of 414] Building Control.Comonad.Store
[120 of 414] Building Control.Comonad.Env.Class
[121 of 414] Building Control.Comonad.Env
[122 of 414] Building Control.Comonad.Traced.Class
[123 of 414] Building Control.Comonad.Traced
[124 of 414] Building Control.Monad.Cont.Trans
[125 of 414] Building Control.Monad.Cont
[126 of 414] Building Control.Monad.Except.Trans
[127 of 414] Building Control.Monad.Except
[128 of 414] Building Control.Monad.Maybe.Trans
[129 of 414] Building Type.Equality
[130 of 414] Building Data.Distributive
[131 of 414] Building Control.Monad.Reader.Trans
[132 of 414] Building Control.Monad.Writer.Trans
[133 of 414] Building Control.Monad.Free.Class
[134 of 414] Building Control.Monad.Gen.Class
[135 of 414] Building Control.Monad.Gen
[136 of 414] Building Control.Monad.Gen.Common
[137 of 414] Building Control.Monad.List.Trans
[138 of 414] Building Control.Monad.RWS.Trans
[139 of 414] Building Control.Monad.RWS
[140 of 414] Building Control.Monad.Reader
[141 of 414] Building Control.Monad.ST.Ref
[142 of 414] Building Control.Monad.ST.Uncurried
[143 of 414] Building Control.Monad.Trampoline
[144 of 414] Building Control.Monad.Writer
[145 of 414] Building Data.Functor.Contravariant
[146 of 414] Building Data.Profunctor
[147 of 414] Building Data.Profunctor.Closed
[148 of 414] Building Data.Profunctor.Strong
[149 of 414] Building Data.Functor.Costar
[150 of 414] Building Data.Profunctor.Choice
[151 of 414] Building Data.Profunctor.Star
[152 of 414] Building Control.Parallel.Class
[153 of 414] Building Control.Parallel
[154 of 414] Building Data.Function.Uncurried
[155 of 414] Building Data.Array.NonEmpty.Internal
[156 of 414] Building Data.Array.ST
[157 of 414] Building Data.Array.ST.Iterator
[158 of 414] Building Data.Array
[159 of 414] Building Foreign.Object.ST
[160 of 414] Building Type.Data.Boolean
[161 of 414] Building Type.Data.Ordering
[162 of 414] Building Type.Data.Symbol
[163 of 414] Building Type.RowList
[164 of 414] Building Type.Row.Homogeneous
[165 of 414] Building Foreign.Object
[166 of 414] Building Data.Argonaut.Core
[167 of 414] Building Data.Argonaut.Decode.Error
[168 of 414] Building Data.Array.NonEmpty
[169 of 414] Building Data.Int.Bits
[170 of 414] Building Data.Number
[171 of 414] Building Data.Int
[172 of 414] Building Data.Map.Internal
[173 of 414] Building Data.Set
[174 of 414] Building Data.Map
[175 of 414] Building Data.Enum
[176 of 414] Building Data.String.Pattern
[177 of 414] Building Data.String.Unsafe
[178 of 414] Building Data.String.CodeUnits
[179 of 414] Building Data.String.Common
[180 of 414] Building Data.String.CodePoints
[181 of 414] Building Data.String
[182 of 414] Building Data.String.NonEmpty.Internal
[183 of 414] Building Data.String.NonEmpty.CodePoints
[184 of 414] Building Data.String.NonEmpty
[185 of 414] Building Data.Argonaut.Decode.Decoders
[186 of 414] Building Record.Unsafe.Union
[187 of 414] Building Record
[188 of 414] Building Data.Argonaut.Decode.Class
[189 of 414] Building Data.Argonaut.Decode.Combinators
[190 of 414] Building Data.Argonaut.Parser
[191 of 414] Building Data.Argonaut.Decode.Parser
[192 of 414] Building Data.Argonaut.Decode
[193 of 414] Building Data.Argonaut.Encode.Encoders
[194 of 414] Building Data.Argonaut.Encode.Class
[195 of 414] Building Data.Argonaut.Encode.Combinators
[196 of 414] Building Data.Argonaut.Encode
[197 of 414] Building Data.Char.Gen
[198 of 414] Building Data.String.Gen
[199 of 414] Building Data.Argonaut.Gen
[200 of 414] Building Data.Argonaut.JCursor
[201 of 414] Building Data.Argonaut.JCursor.Gen
[202 of 414] Building Data.Lens.Internal.Wander
[203 of 414] Building Data.Lens.Internal.Indexed
[204 of 414] Building Data.Lens.Internal.Shop
[205 of 414] Building Data.Functor.Clown
[206 of 414] Building Data.Functor.Flip
[207 of 414] Building Data.Functor.Joker
[208 of 414] Building Data.Functor.Product2
[209 of 414] Building Data.Bifoldable
[210 of 414] Building Data.Bitraversable
[211 of 414] Building Data.Lens.Internal.Bazaar
[212 of 414] Building Data.Lens.Internal.Exchange
[213 of 414] Building Data.Profunctor.Cochoice
[214 of 414] Building Data.Lens.Internal.Forget
[215 of 414] Building Data.Lens.Internal.Grating
[216 of 414] Building Data.Lens.Internal.Market
[217 of 414] Building Data.Profunctor.Costrong
[218 of 414] Building Data.Lens.Internal.Re
[219 of 414] Building Data.Lens.Internal.Stall
[220 of 414] Building Data.Lens.Internal.Tagged
[221 of 414] Building Data.Lens.Types
[222 of 414] Building Data.Lens.Lens
[223 of 414] Building Data.Lens.Lens.Tuple
[224 of 414] Building Data.Lens.Lens.Unit
[225 of 414] Building Data.Lens.Prism
[226 of 414] Building Data.Lens.Prism.Either
[227 of 414] Building Data.Lens.Prism.Maybe
[228 of 414] Building Data.Lens.Common
[229 of 414] Building Data.Lens.Fold
[230 of 414] Building Data.Lens.Getter
[231 of 414] Building Data.Lens.Internal.Zipping
[232 of 414] Building Data.Lens.Grate
[233 of 414] Building Data.Lens.Iso
[234 of 414] Building Data.Lens.Setter
[235 of 414] Building Data.Lens.Iso.Newtype
[236 of 414] Building Data.Lens.Indexed
[237 of 414] Building Data.Lens.Traversal
[238 of 414] Building Data.Lens
[239 of 414] Building Data.Argonaut.Prisms
[240 of 414] Building Data.Argonaut.Traversals
[241 of 414] Building Data.Argonaut
[242 of 414] Building Data.Array.Partial
[243 of 414] Building Data.Array.ST.Partial
[244 of 414] Building Data.ArrayBuffer.Types
[245 of 414] Building Data.Bifunctor.Join
[246 of 414] Building Data.Bounded.Generic
[247 of 414] Building Data.Char
[248 of 414] Building Data.Comparison
[249 of 414] Building Data.Exists
[250 of 414] Building Data.Coyoneda
[251 of 414] Building Data.Date.Component
[252 of 414] Building Data.Enum.Gen
[253 of 414] Building Data.Date.Component.Gen
[254 of 414] Building Data.Time.Duration
[255 of 414] Building Data.Date
[256 of 414] Building Data.Date.Gen
[257 of 414] Building Data.Time.Component
[258 of 414] Building Data.Time
[259 of 414] Building Data.DateTime
[260 of 414] Building Data.Time.Component.Gen
[261 of 414] Building Data.Time.Gen
[262 of 414] Building Data.DateTime.Gen
[263 of 414] Building Data.DateTime.Instant
[264 of 414] Building Data.Equivalence
[265 of 414] Building Data.Op
[266 of 414] Building Data.Predicate
[267 of 414] Building Data.Divide
[268 of 414] Building Data.Decide
[269 of 414] Building Data.Divisible
[270 of 414] Building Data.Decidable
[271 of 414] Building Data.Either.Inject
[272 of 414] Building Data.Either.Nested
[273 of 414] Building Data.Enum.Generic
[274 of 414] Building Data.Eq.Generic
[275 of 414] Building Data.Functor.Coproduct.Inject
[276 of 414] Building Data.Functor.Coproduct.Nested
[277 of 414] Building Data.Functor.Product.Nested
[278 of 414] Building Data.HeytingAlgebra.Generic
[279 of 414] Building Data.Interval.Duration
[280 of 414] Building Data.Interval.Duration.Iso
[281 of 414] Building Data.Interval
[282 of 414] Building Foreign
[283 of 414] Building Data.JSDate
[284 of 414] Building Data.Lens.AffineTraversal
[285 of 414] Building Data.Lens.Index
[286 of 414] Building Data.Lens.At
[287 of 414] Building Data.Lens.Fold.Partial
[288 of 414] Building Data.Lens.Internal.Focusing
[289 of 414] Building Data.Lens.Lens.Product
[290 of 414] Building Data.Lens.Lens.Void
[291 of 414] Building Data.Lens.Prism.Coproduct
[292 of 414] Building Data.Lens.Record
[293 of 414] Building Data.Lens.Zoom
[294 of 414] Building Data.List.Lazy.Types
[295 of 414] Building Data.List.Lazy
[296 of 414] Building Data.List.Lazy.NonEmpty
[297 of 414] Building Data.List.Partial
[298 of 414] Building Data.List.ZipList
[299 of 414] Building Data.Map.Gen
[300 of 414] Building Data.Monoid.Generic
[301 of 414] Building Data.Nullable
[302 of 414] Building Data.Number.Approximate
[303 of 414] Building Data.Number.Format
[304 of 414] Building Data.Ord.Down
[305 of 414] Building Data.Ord.Generic
[306 of 414] Building Data.Posix.Signal
[307 of 414] Building Data.Posix
[308 of 414] Building Data.Profunctor.Join
[309 of 414] Building Data.Profunctor.Split
[310 of 414] Building Data.Reflectable
[311 of 414] Building Data.Ring.Generic
[312 of 414] Building Data.Semigroup.Generic
[313 of 414] Building Data.Semiring.Generic
[314 of 414] Building Data.Set.NonEmpty
[315 of 414] Building Data.String.CaseInsensitive
[316 of 414] Building Data.String.NonEmpty.CaseInsensitive
[317 of 414] Building Data.String.NonEmpty.CodeUnits
[318 of 414] Building Data.String.Regex.Flags
[319 of 414] Building Data.String.Regex
[320 of 414] Building Data.String.Regex.Unsafe
[321 of 414] Building Data.Time.Duration.Gen
[322 of 414] Building Data.Tuple.Nested
[323 of 414] Building Data.Yoneda
[324 of 414] Building Debug
[325 of 414] Building Dodo.Internal
[326 of 414] Building Dodo.Internal.Buffer
[327 of 414] Building Dodo
[328 of 414] Building Dodo.Ansi
[329 of 414] Building Dodo.Box
[330 of 414] Building Dodo.Common
[331 of 414] Building Effect.Unsafe
[332 of 414] Building Effect.Aff
[333 of 414] Building Effect.Aff.Class
[334 of 414] Building Effect.Uncurried
[335 of 414] Building Effect.Aff.Compat
[336 of 414] Building Effect.Console
[337 of 414] Building Effect.Class.Console
[338 of 414] Building Effect.Exception.Unsafe
[339 of 414] Building Foreign.Index
[340 of 414] Building Foreign.Keys
[341 of 414] Building Foreign.Object.Gen
[342 of 414] Building Foreign.Object.ST.Unsafe
[343 of 414] Building Foreign.Object.Unsafe
[344 of 414] Building Node.Encoding
[345 of 414] Building Node.Buffer.Types
[346 of 414] Building Node.Buffer.Immutable
[347 of 414] Building Node.Buffer.Class
[348 of 414] Building Node.Buffer
[349 of 414] Building Node.FS.Constants
[350 of 414] Building Node.FS
[351 of 414] Building Node.FS.Perms
[352 of 414] Building Node.FS.Stats
[353 of 414] Building Node.Path
[354 of 414] Building Node.FS.Async
[355 of 414] Building Node.FS.Aff
[356 of 414] Building Node.Symbol
[357 of 414] Building Node.EventEmitter
[358 of 414] Building Node.EventEmitter.UtilTypes
[359 of 414] Building Node.Platform
[360 of 414] Building Node.Stream
[361 of 414] Building Node.Process
[362 of 414] Building Phpurs.PhpAst
[363 of 414] Building PureScript.Backend.Optimizer.CoreFn
[364 of 414] Building PureScript.Backend.Optimizer.Syntax
[365 of 414] Building PureScript.Backend.Optimizer.Analysis
[366 of 414] Building PureScript.Backend.Optimizer.Utils
[367 of 414] Building PureScript.Backend.Optimizer.Semantics
[368 of 414] Building PureScript.Backend.Optimizer.Codegen.Tco
[369 of 414] Building PureScript.CST.Types
[370 of 414] Building PureScript.CST.Print
[371 of 414] Building PureScript.CST.Errors
[372 of 414] Building PureScript.CST.Layout
[373 of 414] Building PureScript.CST.TokenStream
[374 of 414] Building PureScript.CST.Lexer
[375 of 414] Building PureScript.CST.Parser.Monad
[376 of 414] Building PureScript.Backend.Optimizer.Directives
[377 of 414] Building PureScript.Backend.Optimizer.Semantics.Foreign
[378 of 414] Building PureScript.Backend.Optimizer.Convert
[379 of 414] Building PureScript.Backend.Optimizer.FreeVars
[380 of 414] Building Phpurs.CodeGen
[381 of 414] Building Phpurs.ComposerMerge
[382 of 414] Building Phpurs.GenNativeForeign
[383 of 414] Building Phpurs.Printer
[384 of 414] Building PureScript.Backend.Optimizer.CoreFn.Json
[385 of 414] Building PureScript.Backend.Optimizer.CoreFn.Sort
[386 of 414] Building PureScript.Backend.Optimizer.Directives.Defaults
[387 of 414] Building PureScript.Backend.Optimizer.App
[388 of 414] Building PureScript.Backend.Optimizer.Builder
[389 of 414] Building PureScript.Backend.Optimizer.FfiSupport
[390 of 414] Building PureScript.Backend.Optimizer.Reachability
[391 of 414] Building Main
[392 of 414] Building Node.Buffer.Constants
[393 of 414] Building Node.Buffer.ST
[394 of 414] Building Node.FS.Stream
[395 of 414] Building Node.FS.Sync
[396 of 414] Building Node.Stream.Aff
[397 of 414] Building Phpurs.Mtime
[398 of 414] Building PureScript.Backend.Optimizer.Debug
[399 of 414] Building PureScript.Backend.Optimizer.Substitute
[400 of 414] Building PureScript.Backend.Optimizer.Monomorphize
[401 of 414] Building PureScript.Backend.Optimizer.TestUnify
[402 of 414] Building PureScript.Backend.Optimizer.Tracer.Printer
[403 of 414] Building PureScript.CST.ModuleGraph
[404 of 414] Building PureScript.CST.Parser
[405 of 414] Building PureScript.CST.Range.TokenList
[406 of 414] Building PureScript.CST.Range
[407 of 414] Building Type.Row
[408 of 414] Building PureScript.CST.Traversal
[409 of 414] Building PureScript.CST
[410 of 414] Building Record.Builder
[411 of 414] Building ScratchTco
[412 of 414] Building Spago.Generated.BuildInfo
[413 of 414] Building Type.Function
[414 of 414] Building Type.Prelude

  bin/phpurs.js  729.5kb

⚡ Done in 20ms
