Running tests from /Users/0x1/Documents/htdocs/phpurs/tests/passing...
=> Testing RowNub.purs
Done
   [0;32m[OK][0m
=> Testing RowPolyInstanceContext.purs
Done
   [0;32m[OK][0m
=> Testing RowUnion.purs
1
true
true
1
1
1
1
1
2
1
1
2
1
Done
   [0;32m[OK][0m
=> Testing RowsInInstanceContext.purs
Done
   [0;32m[OK][0m
=> Testing RowsInKinds.purs
Done
   [0;32m[OK][0m
=> Testing RowsInKinds2.purs
Done
   [0;32m[OK][0m
=> Testing RunFnInline.purs
Done
   [0;32m[OK][0m
=> Testing RuntimeScopeIssue.purs
true
Done
   [0;32m[OK][0m
=> Testing ScopedTypeVariables.purs
Done
   [0;32m[OK][0m
=> Testing Sequence.purs
Done
   [0;32m[OK][0m
=> Testing SequenceDesugared.purs
Done
Done
Done
Done
   [0;32m[OK][0m
=> Testing ShadowedModuleName.purs
Done
   [0;32m[OK][0m
=> Testing ShadowedName.purs
Done
   [0;32m[OK][0m
=> Testing ShadowedRename.purs
Done
   [0;32m[OK][0m
=> Testing ShadowedTCO.purs
4.0
Done
   [0;32m[OK][0m
=> Testing ShadowedTCOLet.purs
1.0
Done
   [0;32m[OK][0m
=> Testing SignedNumericLiterals.purs
Done
   [0;32m[OK][0m
=> Testing SingleInstanceFundep.purs
Done
   [0;32m[OK][0m
=> Testing SolvingAddInt.purs
Done
   [0;32m[OK][0m
=> Testing SolvingAppendSymbol.purs
Done
   [0;32m[OK][0m
=> Testing SolvingCompareInt.purs
Done
   [0;32m[OK][0m
=> Testing SolvingCompareSymbol.purs
Done
   [0;32m[OK][0m
=> Testing SolvingIsSymbol.purs
Done
   [0;32m[OK][0m
=> Testing SolvingMulInt.purs
Done
   [0;32m[OK][0m
=> Testing SolvingReflectable.purs
Done
   [0;32m[OK][0m
=> Testing StandaloneKindSignatures.purs
Done
   [0;32m[OK][0m
=> Testing Stream.purs
Done
   [0;32m[OK][0m
=> Testing StringEdgeCases.purs
Done
Done
   [0;32m[OK][0m
=> Testing StringEscapes.purs
Done
   [0;32m[OK][0m
=> Testing Superclasses1.purs
21.0
Done
   [0;32m[OK][0m
=> Testing Superclasses3.purs
Done
Done
Done
   [0;32m[OK][0m
=> Testing TCO.purs
0
1
2
3
4
10000
42
Done
   [0;32m[OK][0m
=> Testing TCOCase.purs
Done
   [0;32m[OK][0m
=> Testing TCOFloated.purs
Done
   [0;32m[OK][0m
=> Skipping TCOMutRec.purs (blacklisted)
=> Testing TailCall.purs
6.0
Done
   [0;32m[OK][0m
=> Testing Tick.purs
Done
   [0;32m[OK][0m
=> Testing TopLevelCase.purs
Done
   [0;32m[OK][0m
=> Testing TransitiveImport.purs
unit
Done
   [0;32m[OK][0m
=> Testing TransitiveImportUnnamedInstance.purs
unit
Done
   [0;32m[OK][0m
=> Testing TypeAnnotationPrecedence.purs
Done
   [0;32m[OK][0m
=> Testing TypeClassMemberOrderChange.purs
true
Done
   [0;32m[OK][0m
=> Testing TypeClasses.purs
"Hello"
Done
   [0;32m[OK][0m
=> Testing TypeClassesInOrder.purs
Done
   [0;32m[OK][0m
=> Testing TypeClassesWithOverlappingTypeVariables.purs
Done
   [0;32m[OK][0m
=> Testing TypeDecl.purs
Done
   [0;32m[OK][0m
=> Testing TypeOperators.purs
Done
   [0;32m[OK][0m
=> Testing TypeSynonymInData.purs
Done
   [0;32m[OK][0m
=> Testing TypeSynonymInSuperClass.purs
Done
   [0;32m[OK][0m
=> Testing TypeSynonymInstance.purs
Done
   [0;32m[OK][0m
=> Testing TypeSynonymInstance2.purs
Done
   [0;32m[OK][0m
=> Testing TypeSynonymInstance3.purs
Done
   [0;32m[OK][0m
=> Testing TypeSynonymInstance4.purs
Done
   [0;32m[OK][0m
=> Testing TypeSynonymInstance5.purs
Done
   [0;32m[OK][0m
=> Testing TypeSynonyms.purs
Done
   [0;32m[OK][0m
=> Testing TypeSynonymsInKinds.purs
Done
   [0;32m[OK][0m
=> Testing TypeWildcards.purs
Done
   [0;32m[OK][0m
=> Testing TypeWildcardsRecordExtension.purs
Done
   [0;32m[OK][0m
=> Testing TypeWithoutParens.purs
Done
   [0;32m[OK][0m
=> Testing TypedBinders.purs
Done
   [0;32m[OK][0m
=> Testing TypedWhere.purs
Done
   [0;32m[OK][0m
=> Testing UTF8Sourcefile.purs
Done
   [0;32m[OK][0m
=> Testing UnderscoreIdent.purs
Done
   [0;32m[OK][0m
=> Testing UnicodeIdentifier.purs
Done
   [0;32m[OK][0m
=> Testing UnicodeOperators.purs
Done
   [0;32m[OK][0m
=> Testing UnicodeType.purs
Done
   [0;32m[OK][0m
=> Testing UnifyInTypeInstanceLookup.purs
Done
   [0;32m[OK][0m
=> Testing Unit.purs
unit
Done
   [0;32m[OK][0m
=> Testing UnknownInTypeClassLookup.purs
Done
   [0;32m[OK][0m
=> Testing UnsafeCoerce.purs
Done
   [0;32m[OK][0m
=> Testing UntupledConstraints.purs
Done
   [0;32m[OK][0m
=> Testing UsableTypeClassMethods.purs
Done
   [0;32m[OK][0m
=> Testing VTAsClassHeads.purs
Done
   [0;32m[OK][0m
=> Testing VisibleTypeApplications.purs
Done
   [0;32m[OK][0m
=> Testing Where.purs
2.0
5.0
6.0
3.0
7.0
1.0
10.000052895643
Done
   [0;32m[OK][0m
=> Testing WildcardInInstance.purs
Done
   [0;32m[OK][0m
=> Testing WildcardType.purs
Done
   [0;32m[OK][0m
=> Testing iota.purs
Done
   [0;32m[OK][0m
=> Testing s.purs
Done
   [0;32m[OK][0m

Summary: [0;32m78 passed[0m, 0 failed.
