Generating PHP code for Control.Semigroupoid (Total AST Nodes: 3)
Generating PHP code for Type.Proxy (Total AST Nodes: 1)
Generating PHP code for Data.Symbol (Total AST Nodes: 2)
Generating PHP code for Data.Unit (Total AST Nodes: 0)
Generating PHP code for Record.Unsafe (Total AST Nodes: 0)
Generating PHP code for Data.HeytingAlgebra (Total AST Nodes: 19)
Generating PHP code for Data.Void (Total AST Nodes: 1)
Generating PHP code for Data.Eq (Total AST Nodes: 18)
Generating PHP code for Control.Category (Total AST Nodes: 2)
Generating PHP code for Data.Boolean (Total AST Nodes: 1)
Generating PHP code for Data.Semigroup (Total AST Nodes: 11)
Generating PHP code for Data.Show (Total AST Nodes: 15)
Generating PHP code for Data.Ordering (Total AST Nodes: 7)
Generating PHP code for Data.Semiring (Total AST Nodes: 16)
Generating PHP code for Data.Ring (Total AST Nodes: 11)
Generating PHP code for Data.Ord (Total AST Nodes: 28)
Generating PHP code for Data.Function (Total AST Nodes: 6)
Generating PHP code for Data.Functor (Total AST Nodes: 9)
Generating PHP code for Control.Alt (Total AST Nodes: 2)
Generating PHP code for Control.Apply (Total AST Nodes: 10)
Generating PHP code for Control.Applicative (Total AST Nodes: 7)
Generating PHP code for Control.Bind (Total AST Nodes: 12)
Generating PHP code for Control.Plus (Total AST Nodes: 2)
Generating PHP code for Data.BooleanAlgebra (Total AST Nodes: 7)
Generating PHP code for Data.Bounded (Total AST Nodes: 14)
Generating PHP code for Data.CommutativeRing (Total AST Nodes: 8)
Generating PHP code for Data.EuclideanRing (Total AST Nodes: 7)
Generating PHP code for Control.Monad (Total AST Nodes: 7)
Generating PHP code for Data.Monoid (Total AST Nodes: 12)
Generating PHP code for Data.DivisionRing (Total AST Nodes: 4)
Generating PHP code for Data.Field (Total AST Nodes: 1)
Generating PHP code for Data.NaturalTransformation (Total AST Nodes: 0)
Generating PHP code for Prelude (Total AST Nodes: 0)
Generating PHP code for Data.Monoid.Additive (Total AST Nodes: 15)
Generating PHP code for Control.Alternative (Total AST Nodes: 2)
Generating PHP code for Control.Extend (Total AST Nodes: 7)
Generating PHP code for Control.Comonad (Total AST Nodes: 1)
Generating PHP code for Data.Monoid.Conj (Total AST Nodes: 16)
Generating PHP code for Data.Monoid.Disj (Total AST Nodes: 16)
Generating PHP code for Data.Monoid.Dual (Total AST Nodes: 15)
Generating PHP code for Data.Monoid.Endo (Total AST Nodes: 8)
Generating PHP code for Data.Monoid.Multiplicative (Total AST Nodes: 15)
Generating PHP code for Data.Semigroup.First (Total AST Nodes: 14)
Generating PHP code for Data.Semigroup.Last (Total AST Nodes: 14)
Generating PHP code for Unsafe.Coerce (Total AST Nodes: 0)
Generating PHP code for Safe.Coerce (Total AST Nodes: 1)
Generating PHP code for Data.Newtype (Total AST Nodes: 24)
Generating PHP code for Data.Monoid.Alternate (Total AST Nodes: 21)
Generating PHP code for Data.Functor.Invariant (Total AST Nodes: 11)
Generating PHP code for Data.Const (Total AST Nodes: 22)
Generating PHP code for Data.Generic.Rep (Total AST Nodes: 16)
Generating PHP code for Data.Maybe (Total AST Nodes: 30)
Generating PHP code for Data.Either (Total AST Nodes: 30)
Generating PHP code for Control.Lazy (Total AST Nodes: 4)
Generating PHP code for Control.MonadPlus (Total AST Nodes: 1)
Generating PHP code for Data.Functor.App (Total AST Nodes: 25)
Generating PHP code for Data.Functor.Compose (Total AST Nodes: 15)
Generating PHP code for Data.Tuple (Total AST Nodes: 30)
Generating PHP code for Data.Bifunctor (Total AST Nodes: 7)
Generating PHP code for Data.Functor.Coproduct (Total AST Nodes: 15)
Generating PHP code for Data.Functor.Product (Total AST Nodes: 15)
Generating PHP code for Data.Identity (Total AST Nodes: 27)
Generating PHP code for Data.Maybe.First (Total AST Nodes: 21)
Generating PHP code for Data.Maybe.Last (Total AST Nodes: 21)
Generating PHP code for Data.Foldable (Total AST Nodes: 53)
Generating PHP code for Effect (Total AST Nodes: 7)
Generating PHP code for Effect.Ref (Total AST Nodes: 4)
Generating PHP code for Partial (Total AST Nodes: 2)
Generating PHP code for Partial.Unsafe (Total AST Nodes: 2)
Generating PHP code for Control.Monad.Rec.Class (Total AST Nodes: 20)
Generating PHP code for Data.FunctorWithIndex (Total AST Nodes: 19)
Generating PHP code for Data.FoldableWithIndex (Total AST Nodes: 35)
Generating PHP code for Data.Ord.Max (Total AST Nodes: 8)
Generating PHP code for Data.Ord.Min (Total AST Nodes: 8)
Generating PHP code for Data.Semigroup.Foldable (Total AST Nodes: 25)
Generating PHP code for Data.Traversable.Accum (Total AST Nodes: 0)
Generating PHP code for Data.Traversable.Accum.Internal (Total AST Nodes: 12)
Generating PHP code for Data.Traversable (Total AST Nodes: 26)
Generating PHP code for Data.TraversableWithIndex (Total AST Nodes: 25)
Generating PHP code for Data.Semigroup.Traversable (Total AST Nodes: 8)
Generating PHP code for Data.Unfoldable1 (Total AST Nodes: 8)
Generating PHP code for Data.Unfoldable (Total AST Nodes: 7)
Generating PHP code for Data.NonEmpty (Total AST Nodes: 21)
Generating PHP code for Data.List.Types (Total AST Nodes: 54)
Generating PHP code for Data.List.Internal (Total AST Nodes: 12)
Generating PHP code for Data.List (Total AST Nodes: 75)
Generating PHP code for Data.List.NonEmpty (Total AST Nodes: 59)
Generating PHP code for Data.Show.Generic (Total AST Nodes: 9)
Generating PHP code for Ansi.Codes (Total AST Nodes: 75)
Generating PHP code for Ansi.Output (Total AST Nodes: 9)
Generating PHP code for Control.Biapply (Total AST Nodes: 6)
Generating PHP code for Control.Biapplicative (Total AST Nodes: 2)
Generating PHP code for Control.Monad.Trans.Class (Total AST Nodes: 1)
Generating PHP code for Data.CatQueue (Total AST Nodes: 28)
Generating PHP code for Data.CatList (Total AST Nodes: 30)
Generating PHP code for Control.Monad.Free (Total AST Nodes: 29)
Generating PHP code for Control.Monad.State.Class (Total AST Nodes: 6)
Generating PHP code for Control.Monad.Cont.Class (Total AST Nodes: 1)
Generating PHP code for Effect.Exception (Total AST Nodes: 4)
Generating PHP code for Control.Monad.Error.Class (Total AST Nodes: 13)
Generating PHP code for Control.Monad.Reader.Class (Total AST Nodes: 5)
Generating PHP code for Control.Monad.ST.Internal (Total AST Nodes: 10)
Generating PHP code for Control.Monad.ST (Total AST Nodes: 0)
Generating PHP code for Control.Monad.ST.Global (Total AST Nodes: 1)
Generating PHP code for Control.Monad.ST.Class (Total AST Nodes: 3)
Generating PHP code for Control.Monad.Writer.Class (Total AST Nodes: 5)
Generating PHP code for Effect.Class (Total AST Nodes: 2)
Generating PHP code for Control.Monad.State.Trans (Total AST Nodes: 32)
Generating PHP code for Control.Monad.State (Total AST Nodes: 5)
Generating PHP code for Data.Lazy (Total AST Nodes: 30)
Generating PHP code for Control.Comonad.Cofree (Total AST Nodes: 27)
Generating PHP code for Control.Monad.Identity.Trans (Total AST Nodes: 34)
Generating PHP code for Control.Comonad.Trans.Class (Total AST Nodes: 2)
Generating PHP code for Control.Comonad.Env.Trans (Total AST Nodes: 15)
Generating PHP code for Control.Comonad.Store.Trans (Total AST Nodes: 8)
Generating PHP code for Control.Comonad.Traced.Trans (Total AST Nodes: 8)
Generating PHP code for Control.Comonad.Cofree.Class (Total AST Nodes: 5)
Generating PHP code for Control.Comonad.Store.Class (Total AST Nodes: 9)
Generating PHP code for Control.Comonad.Store (Total AST Nodes: 2)
Generating PHP code for Control.Comonad.Env.Class (Total AST Nodes: 11)
Generating PHP code for Control.Comonad.Env (Total AST Nodes: 4)
Generating PHP code for Control.Comonad.Traced.Class (Total AST Nodes: 9)
Generating PHP code for Control.Comonad.Traced (Total AST Nodes: 2)
Generating PHP code for Control.Monad.Cont.Trans (Total AST Nodes: 20)
Generating PHP code for Control.Monad.Cont (Total AST Nodes: 4)
Generating PHP code for Control.Monad.Except.Trans (Total AST Nodes: 30)
Generating PHP code for Control.Monad.Except (Total AST Nodes: 3)
Generating PHP code for Control.Monad.Maybe.Trans (Total AST Nodes: 28)
Generating PHP code for Type.Equality (Total AST Nodes: 4)
Generating PHP code for Data.Distributive (Total AST Nodes: 8)
Generating PHP code for Control.Monad.Reader.Trans (Total AST Nodes: 30)
Generating PHP code for Control.Monad.Writer.Trans (Total AST Nodes: 29)
Generating PHP code for Control.Monad.Free.Class (Total AST Nodes: 7)
Generating PHP code for Control.Monad.Gen.Class (Total AST Nodes: 5)
Generating PHP code for Control.Monad.Gen (Total AST Nodes: 11)
Generating PHP code for Control.Monad.Gen.Common (Total AST Nodes: 7)
Generating PHP code for Control.Monad.List.Trans (Total AST Nodes: 53)
Generating PHP code for Control.Monad.RWS.Trans (Total AST Nodes: 31)
Generating PHP code for Control.Monad.RWS (Total AST Nodes: 6)
Generating PHP code for Control.Monad.Reader (Total AST Nodes: 3)
Generating PHP code for Control.Monad.ST.Ref (Total AST Nodes: 0)
Generating PHP code for Control.Monad.ST.Uncurried (Total AST Nodes: 0)
Generating PHP code for Control.Monad.Trampoline (Total AST Nodes: 3)
Generating PHP code for Control.Monad.Writer (Total AST Nodes: 4)
Generating PHP code for Data.Functor.Contravariant (Total AST Nodes: 5)
Generating PHP code for Data.Profunctor (Total AST Nodes: 7)
Generating PHP code for Data.Profunctor.Closed (Total AST Nodes: 2)
Generating PHP code for Data.Profunctor.Strong (Total AST Nodes: 5)
Generating PHP code for Data.Functor.Costar (Total AST Nodes: 17)
Generating PHP code for Data.Profunctor.Choice (Total AST Nodes: 5)
Generating PHP code for Data.Profunctor.Star (Total AST Nodes: 21)
Generating PHP code for Control.Parallel.Class (Total AST Nodes: 18)
Generating PHP code for Control.Parallel (Total AST Nodes: 7)
Generating PHP code for Data.Function.Uncurried (Total AST Nodes: 2)
Generating PHP code for Data.Array.NonEmpty.Internal (Total AST Nodes: 22)
Generating PHP code for Data.Array.ST (Total AST Nodes: 22)
Generating PHP code for Data.Array.ST.Iterator (Total AST Nodes: 8)
Generating PHP code for Data.Array (Total AST Nodes: 86)
Generating PHP code for Foreign.Object.ST (Total AST Nodes: 1)
Generating PHP code for Type.Data.Boolean (Total AST Nodes: 16)
Generating PHP code for Type.Data.Ordering (Total AST Nodes: 23)
Generating PHP code for Type.Data.Symbol (Total AST Nodes: 5)
Generating PHP code for Type.RowList (Total AST Nodes: 9)
Generating PHP code for Type.Row.Homogeneous (Total AST Nodes: 3)
Generating PHP code for Foreign.Object (Total AST Nodes: 44)
Generating PHP code for Data.Argonaut.Core (Total AST Nodes: 29)
Generating PHP code for Data.Argonaut.Decode.Error (Total AST Nodes: 11)
Generating PHP code for Data.Array.NonEmpty (Total AST Nodes: 103)
Generating PHP code for Data.Int.Bits (Total AST Nodes: 0)
Generating PHP code for Data.Number (Total AST Nodes: 10)
Generating PHP code for Data.Int (Total AST Nodes: 28)
Generating PHP code for Data.Map.Internal (Total AST Nodes: 93)
Generating PHP code for Data.Set (Total AST Nodes: 33)
Generating PHP code for Data.Map (Total AST Nodes: 21)
Generating PHP code for Data.Enum (Total AST Nodes: 36)
Generating PHP code for Data.String.Pattern (Total AST Nodes: 12)
Generating PHP code for Data.String.Unsafe (Total AST Nodes: 0)
Generating PHP code for Data.String.CodeUnits (Total AST Nodes: 14)
Generating PHP code for Data.String.Common (Total AST Nodes: 2)
Generating PHP code for Data.String.CodePoints (Total AST Nodes: 33)
Generating PHP code for Data.String (Total AST Nodes: 0)
Generating PHP code for Data.String.NonEmpty.Internal (Total AST Nodes: 33)
Generating PHP code for Data.String.NonEmpty.CodePoints (Total AST Nodes: 21)
Generating PHP code for Data.String.NonEmpty (Total AST Nodes: 0)
Generating PHP code for Data.Argonaut.Decode.Decoders (Total AST Nodes: 26)
Generating PHP code for Record.Unsafe.Union (Total AST Nodes: 1)
Generating PHP code for Record (Total AST Nodes: 14)
Generating PHP code for Data.Argonaut.Decode.Class (Total AST Nodes: 30)
Generating PHP code for Data.Argonaut.Decode.Combinators (Total AST Nodes: 4)
Generating PHP code for Data.Argonaut.Parser (Total AST Nodes: 1)
Generating PHP code for Data.Argonaut.Decode.Parser (Total AST Nodes: 1)
Generating PHP code for Data.Argonaut.Decode (Total AST Nodes: 1)
Generating PHP code for Data.Argonaut.Encode.Encoders (Total AST Nodes: 26)
Generating PHP code for Data.Argonaut.Encode.Class (Total AST Nodes: 28)
Generating PHP code for Data.Argonaut.Encode.Combinators (Total AST Nodes: 4)
Generating PHP code for Data.Argonaut.Encode (Total AST Nodes: 1)
Generating PHP code for Data.Argonaut.JCursor (Total AST Nodes: 29)
Generating PHP code for Data.Lens.Internal.Wander (Total AST Nodes: 3)
Generating PHP code for Data.Lens.Internal.Indexed (Total AST Nodes: 7)
Generating PHP code for Data.Lens.Internal.Shop (Total AST Nodes: 3)
Generating PHP code for Data.Functor.Clown (Total AST Nodes: 12)
Generating PHP code for Data.Functor.Flip (Total AST Nodes: 13)
Generating PHP code for Data.Functor.Joker (Total AST Nodes: 17)
Generating PHP code for Data.Functor.Product2 (Total AST Nodes: 9)
Generating PHP code for Data.Bifoldable (Total AST Nodes: 20)
Generating PHP code for Data.Bitraversable (Total AST Nodes: 16)
Generating PHP code for Data.Lens.Internal.Bazaar (Total AST Nodes: 7)
Generating PHP code for Data.Lens.Internal.Exchange (Total AST Nodes: 3)
Generating PHP code for Data.Profunctor.Cochoice (Total AST Nodes: 2)
Generating PHP code for Data.Lens.Internal.Forget (Total AST Nodes: 10)
Generating PHP code for Data.Lens.Internal.Grating (Total AST Nodes: 5)
Generating PHP code for Data.Lens.Internal.Market (Total AST Nodes: 4)
Generating PHP code for Data.Profunctor.Costrong (Total AST Nodes: 2)
Generating PHP code for Data.Lens.Internal.Re (Total AST Nodes: 8)
Generating PHP code for Data.Lens.Internal.Stall (Total AST Nodes: 5)
Generating PHP code for Data.Lens.Internal.Tagged (Total AST Nodes: 14)
Generating PHP code for Data.Lens.Types (Total AST Nodes: 0)
Generating PHP code for Data.Lens.Lens (Total AST Nodes: 9)
Generating PHP code for Data.Lens.Lens.Tuple (Total AST Nodes: 2)
Generating PHP code for Data.Lens.Lens.Unit (Total AST Nodes: 1)
Generating PHP code for Data.Lens.Prism (Total AST Nodes: 11)
Generating PHP code for Data.Lens.Prism.Either (Total AST Nodes: 2)
Generating PHP code for Data.Lens.Prism.Maybe (Total AST Nodes: 2)
Generating PHP code for Data.Lens.Common (Total AST Nodes: 1)
Generating PHP code for Data.Lens.Fold (Total AST Nodes: 41)
Generating PHP code for Data.Lens.Getter (Total AST Nodes: 8)
Generating PHP code for Data.Lens.Internal.Zipping (Total AST Nodes: 5)
Generating PHP code for Data.Lens.Grate (Total AST Nodes: 7)
Generating PHP code for Data.Lens.Iso (Total AST Nodes: 14)
Generating PHP code for Data.Lens.Setter (Total AST Nodes: 21)
Generating PHP code for Data.Lens.Iso.Newtype (Total AST Nodes: 2)
Generating PHP code for Data.Lens.Indexed (Total AST Nodes: 6)
Generating PHP code for Data.Lens.Traversal (Total AST Nodes: 10)
Generating PHP code for Data.Lens (Total AST Nodes: 0)
Generating PHP code for Data.Argonaut.Prisms (Total AST Nodes: 6)
Generating PHP code for Data.Argonaut.Traversals (Total AST Nodes: 6)
Generating PHP code for Data.Argonaut (Total AST Nodes: 0)
Generating PHP code for Data.Char.Gen (Total AST Nodes: 7)
Generating PHP code for Data.String.Gen (Total AST Nodes: 8)
Generating PHP code for Data.Argonaut.Gen (Total AST Nodes: 1)
Generating PHP code for Data.Argonaut.JCursor.Gen (Total AST Nodes: 1)
Generating PHP code for Data.Array.Partial (Total AST Nodes: 4)
Generating PHP code for Data.Array.ST.Partial (Total AST Nodes: 2)
Generating PHP code for Data.ArrayBuffer.Types (Total AST Nodes: 0)
Generating PHP code for Data.Bifunctor.Join (Total AST Nodes: 9)
Generating PHP code for Data.Bounded.Generic (Total AST Nodes: 14)
Generating PHP code for Data.Char (Total AST Nodes: 2)
Generating PHP code for Data.Comparison (Total AST Nodes: 7)
Generating PHP code for Data.Exists (Total AST Nodes: 2)
Generating PHP code for Data.Coyoneda (Total AST Nodes: 30)
Generating PHP code for Data.Date.Component (Total AST Nodes: 43)
Generating PHP code for Data.Time.Duration (Total AST Nodes: 49)
Generating PHP code for Data.Date (Total AST Nodes: 16)
Generating PHP code for Data.Enum.Gen (Total AST Nodes: 1)
Generating PHP code for Data.Date.Component.Gen (Total AST Nodes: 4)
Generating PHP code for Data.Date.Gen (Total AST Nodes: 1)
Generating PHP code for Data.Time.Component (Total AST Nodes: 24)
Generating PHP code for Data.Time (Total AST Nodes: 19)
Generating PHP code for Data.DateTime (Total AST Nodes: 14)
Generating PHP code for Data.Time.Component.Gen (Total AST Nodes: 4)
Generating PHP code for Data.Time.Gen (Total AST Nodes: 1)
Generating PHP code for Data.DateTime.Gen (Total AST Nodes: 1)
Generating PHP code for Data.DateTime.Instant (Total AST Nodes: 10)
Generating PHP code for Data.Equivalence (Total AST Nodes: 8)
Generating PHP code for Data.Op (Total AST Nodes: 8)
Generating PHP code for Data.Predicate (Total AST Nodes: 6)
Generating PHP code for Data.Divide (Total AST Nodes: 6)
Generating PHP code for Data.Decide (Total AST Nodes: 6)
Generating PHP code for Data.Divisible (Total AST Nodes: 5)
Generating PHP code for Data.Decidable (Total AST Nodes: 6)
Generating PHP code for Data.Either.Inject (Total AST Nodes: 5)
Generating PHP code for Data.Either.Nested (Total AST Nodes: 30)
Generating PHP code for Data.Enum.Generic (Total AST Nodes: 20)
Generating PHP code for Data.Eq.Generic (Total AST Nodes: 8)
Generating PHP code for Data.Functor.Coproduct.Inject (Total AST Nodes: 5)
Generating PHP code for Data.Functor.Coproduct.Nested (Total AST Nodes: 30)
Generating PHP code for Data.Functor.Product.Nested (Total AST Nodes: 20)
Generating PHP code for Data.HeytingAlgebra.Generic (Total AST Nodes: 16)
Generating PHP code for Data.Interval.Duration (Total AST Nodes: 26)
Generating PHP code for Data.Interval (Total AST Nodes: 26)
Generating PHP code for Data.Interval.Duration.Iso (Total AST Nodes: 18)
Generating PHP code for Foreign (Total AST Nodes: 21)
Generating PHP code for Data.JSDate (Total AST Nodes: 31)
Generating PHP code for Data.Lens.AffineTraversal (Total AST Nodes: 4)
Generating PHP code for Data.Lens.Index (Total AST Nodes: 10)
Generating PHP code for Data.Lens.At (Total AST Nodes: 7)
Generating PHP code for Data.Lens.Fold.Partial (Total AST Nodes: 2)
Generating PHP code for Data.Lens.Internal.Focusing (Total AST Nodes: 6)
Generating PHP code for Data.Lens.Lens.Product (Total AST Nodes: 2)
Generating PHP code for Data.Lens.Lens.Void (Total AST Nodes: 1)
Generating PHP code for Data.Lens.Prism.Coproduct (Total AST Nodes: 2)
Generating PHP code for Data.Lens.Record (Total AST Nodes: 1)
Generating PHP code for Data.Lens.Zoom (Total AST Nodes: 1)
Generating PHP code for Data.List.Lazy.Types (Total AST Nodes: 61)
Generating PHP code for Data.List.Lazy (Total AST Nodes: 73)
Generating PHP code for Data.List.Lazy.NonEmpty (Total AST Nodes: 16)
Generating PHP code for Data.List.Partial (Total AST Nodes: 4)
Generating PHP code for Data.List.ZipList (Total AST Nodes: 17)
Generating PHP code for Data.Map.Gen (Total AST Nodes: 1)
Generating PHP code for Data.Monoid.Generic (Total AST Nodes: 6)
Generating PHP code for Data.Nullable (Total AST Nodes: 7)
Generating PHP code for Data.Number.Approximate (Total AST Nodes: 8)
Generating PHP code for Data.Number.Format (Total AST Nodes: 7)
Generating PHP code for Data.Ord.Down (Total AST Nodes: 7)
Generating PHP code for Data.Ord.Generic (Total AST Nodes: 8)
Generating PHP code for Data.Posix (Total AST Nodes: 18)
Generating PHP code for Data.Posix.Signal (Total AST Nodes: 43)
Generating PHP code for Data.Profunctor.Join (Total AST Nodes: 9)
Generating PHP code for Data.Profunctor.Split (Total AST Nodes: 8)
Generating PHP code for Data.Reflectable (Total AST Nodes: 6)
Generating PHP code for Data.Ring.Generic (Total AST Nodes: 6)
Generating PHP code for Data.Semigroup.Generic (Total AST Nodes: 7)
Generating PHP code for Data.Semiring.Generic (Total AST Nodes: 12)
Generating PHP code for Data.Set.NonEmpty (Total AST Nodes: 30)
Generating PHP code for Data.String.CaseInsensitive (Total AST Nodes: 6)
Generating PHP code for Data.String.NonEmpty.CaseInsensitive (Total AST Nodes: 6)
Generating PHP code for Data.String.NonEmpty.CodeUnits (Total AST Nodes: 24)
Generating PHP code for Data.String.Regex.Flags (Total AST Nodes: 15)
Generating PHP code for Data.String.Regex (Total AST Nodes: 8)
Generating PHP code for Data.String.Regex.Unsafe (Total AST Nodes: 1)
Generating PHP code for Data.Time.Duration.Gen (Total AST Nodes: 5)
Generating PHP code for Data.Tuple.Nested (Total AST Nodes: 50)
Generating PHP code for Data.Yoneda (Total AST Nodes: 18)
Generating PHP code for Debug (Total AST Nodes: 7)
Generating PHP code for Dodo.Internal (Total AST Nodes: 17)
Generating PHP code for Dodo.Internal.Buffer (Total AST Nodes: 9)
Generating PHP code for Dodo (Total AST Nodes: 44)
Generating PHP code for Dodo.Ansi (Total AST Nodes: 12)
Generating PHP code for Dodo.Box (Total AST Nodes: 65)
Generating PHP code for Dodo.Common (Total AST Nodes: 9)
Generating PHP code for Effect.Unsafe (Total AST Nodes: 0)
Generating PHP code for Effect.Aff (Total AST Nodes: 56)
Generating PHP code for Effect.Aff.Class (Total AST Nodes: 10)
Generating PHP code for Effect.Uncurried (Total AST Nodes: 20)
Generating PHP code for Effect.Aff.Compat (Total AST Nodes: 5)
Generating PHP code for Effect.Console (Total AST Nodes: 6)
Generating PHP code for Effect.Class.Console (Total AST Nodes: 18)
Generating PHP code for Effect.Exception.Unsafe (Total AST Nodes: 2)
Generating PHP code for Foreign.Index (Total AST Nodes: 13)
Generating PHP code for Foreign.Keys (Total AST Nodes: 1)
Generating PHP code for Foreign.Object.Gen (Total AST Nodes: 1)
Generating PHP code for Foreign.Object.ST.Unsafe (Total AST Nodes: 0)
Generating PHP code for Foreign.Object.Unsafe (Total AST Nodes: 0)
Generating PHP code for Node.Encoding (Total AST Nodes: 12)
Generating PHP code for Node.Buffer.Types (Total AST Nodes: 15)
Generating PHP code for Node.Buffer.Immutable (Total AST Nodes: 13)
Generating PHP code for Node.Buffer.Class (Total AST Nodes: 23)
Generating PHP code for Node.Buffer (Total AST Nodes: 34)
Generating PHP code for Node.FS.Constants (Total AST Nodes: 18)
Generating PHP code for Node.FS (Total AST Nodes: 6)
Generating PHP code for Node.FS.Perms (Total AST Nodes: 21)
Generating PHP code for Node.FS.Stats (Total AST Nodes: 26)
Generating PHP code for Node.Path (Total AST Nodes: 0)
Generating PHP code for Node.FS.Async (Total AST Nodes: 39)
Generating PHP code for Node.FS.Aff (Total AST Nodes: 42)
Generating PHP code for Node.Symbol (Total AST Nodes: 4)
Generating PHP code for Node.EventEmitter (Total AST Nodes: 17)
Generating PHP code for Node.EventEmitter.UtilTypes (Total AST Nodes: 0)
Generating PHP code for Node.Platform (Total AST Nodes: 13)
Generating PHP code for Node.Stream (Total AST Nodes: 58)
Generating PHP code for Node.Process (Total AST Nodes: 41)
Generating PHP code for Phpurs.PhpAst (Total AST Nodes: 38)
