=== Rebuilding phpurs backend ===
Host compiler: /Users/0x1/Documents/htdocs/altbak.pub-phpurs/run/bak/js/node_modules/purescript/purs.bin (0.15.16)
Reading Spago workspace configuration...

✓ Selecting package to build: phpurs

Downloading dependencies...
Building...
           Src   Lib   All
Warnings     0     0     0
Errors       0     0     0

✓ Build succeeded.

Reading Spago workspace configuration...

✓ Selecting package to build: phpurs

Downloading dependencies...
Building...
           Src   Lib   All
Warnings     0     0     0
Errors       0     0     0

✓ Build succeeded.

Bundling...

  bin/phpurs.js  1.1mb ⚠️

⚡ Done in 27ms

✓ Bundle succeeded.

Building...
Reading Spago workspace configuration...

✓ Selecting package to build: ps-php-test

Downloading dependencies...
Building...
[  1 of 301] Compiling Unsafe.Coerce
[  3 of 301] Compiling Type.Proxy
[  7 of 301] Compiling Data.Traversable.Accum
[  5 of 301] Compiling Partial
[  6 of 301] Compiling Record.Unsafe
[  2 of 301] Compiling Spago.Generated.BuildInfo
[  4 of 301] Compiling Type.Equality
[  8 of 301] Compiling Data.String.Unsafe
[  9 of 301] Compiling Data.Void
[ 10 of 301] Compiling Data.Unit
[ 11 of 301] Compiling Data.NaturalTransformation
[ 12 of 301] Compiling Data.Int.Bits
[ 13 of 301] Compiling Control.Semigroupoid
[ 14 of 301] Compiling Data.Boolean
[ 15 of 301] Compiling Data.Symbol
[ 17 of 301] Compiling Data.Exists
[ 16 of 301] Compiling Partial.Unsafe
[ 18 of 301] Compiling Safe.Coerce
[ 19 of 301] Compiling Control.Lazy
[ 20 of 301] Compiling Control.Category
[ 21 of 301] Compiling Data.Function.Uncurried
[ 22 of 301] Compiling Data.Semigroup
[ 23 of 301] Compiling Data.Semiring
[ 24 of 301] Compiling Data.HeytingAlgebra
[ 25 of 301] Compiling Data.Show
[ 26 of 301] Compiling Data.Ring
[ 27 of 301] Compiling Data.Generic.Rep
[ 28 of 301] Compiling Data.BooleanAlgebra
[ 29 of 301] Compiling Data.Eq
[ 30 of 301] Compiling Data.CommutativeRing
[ 31 of 301] Compiling Data.Ordering
[ 32 of 301] Compiling Data.EuclideanRing
[ 33 of 301] Compiling Data.Ord
[ 34 of 301] Compiling Data.DivisionRing
[ 35 of 301] Compiling Data.Field
[ 36 of 301] Compiling Data.Bounded
[ 37 of 301] Compiling Data.Function
[ 38 of 301] Compiling Data.Reflectable
[ 39 of 301] Compiling Data.Monoid
[ 40 of 301] Compiling Data.Functor
[ 42 of 301] Compiling Data.Bounded.Generic
[ 43 of 301] Compiling Control.Alt
[ 41 of 301] Compiling Control.Extend
[ 44 of 301] Compiling Data.Monoid.Generic
[ 45 of 301] Compiling Control.Apply
[ 46 of 301] Compiling Control.Plus
[ 47 of 301] Compiling Control.Comonad
[ 48 of 301] Compiling Control.Applicative
[ 50 of 301] Compiling Control.Bind
[ 49 of 301] Compiling Control.Alternative
[ 51 of 301] Compiling Control.Monad
[ 52 of 301] Compiling Prelude
[ 53 of 301] Compiling Control.MonadPlus
[ 54 of 301] Compiling Data.Semiring.Generic
[ 55 of 301] Compiling Data.Number.Format
[ 56 of 301] Compiling Data.Traversable.Accum.Internal
[ 57 of 301] Compiling Data.Monoid.Endo
[ 58 of 301] Compiling Data.Semigroup.Generic
[ 60 of 301] Compiling Control.Monad.Cont.Class
[ 59 of 301] Compiling Data.Monoid.Multiplicative
[ 61 of 301] Compiling Data.Monoid.Additive
[ 62 of 301] Compiling Data.Monoid.Conj
[ 63 of 301] Compiling Data.Ord.Generic
[ 65 of 301] Compiling Data.Monoid.Dual
[ 64 of 301] Compiling Data.Semigroup.Last
[ 66 of 301] Compiling Data.Show.Generic
[ 67 of 301] Compiling Data.Ring.Generic
[ 68 of 301] Compiling Data.Eq.Generic
[ 69 of 301] Compiling Control.Monad.Gen.Class
[ 71 of 301] Compiling Data.Semigroup.First
[ 72 of 301] Compiling Control.Monad.Reader.Class
[ 73 of 301] Compiling Control.Monad.Trans.Class
[ 74 of 301] Compiling Data.Monoid.Disj
[ 70 of 301] Compiling Data.HeytingAlgebra.Generic
[ 75 of 301] Compiling Effect
[ 77 of 301] Compiling Effect.Class
[ 76 of 301] Compiling Effect.Ref
[ 81 of 301] Compiling Effect.Unsafe
[ 78 of 301] Compiling Effect.Uncurried
[ 80 of 301] Compiling Test.Main
[ 79 of 301] Compiling Effect.Console
[ 82 of 301] Compiling Data.Newtype
[ 83 of 301] Compiling Bench
[ 85 of 301] Compiling Test.TC
[ 84 of 301] Compiling Effect.Class.Console
[ 86 of 301] Compiling Test.PolymorphismFFI
[ 87 of 301] Compiling Test.Primes
[ 88 of 301] Compiling Test.LazyEvaluationFFI
[ 89 of 301] Compiling Test.RBTreeFFI
[ 91 of 301] Compiling Test.RecordsFFICheatcode
[ 90 of 301] Compiling Test.RecordsFFI
[ 93 of 301] Compiling Test.RBTreeFFICheatcode
[ 92 of 301] Compiling Test.Polymorphism
[ 94 of 301] Compiling Test.LazyEvaluation
[ 95 of 301] Compiling Test.TCOFFICheatcode
[ 96 of 301] Compiling Test.FibFFI
[ 97 of 301] Compiling Test.AstTree
[ 98 of 301] Compiling Test.PrimesFFICheatcode
[ 99 of 301] Compiling Test.AstTreeFFICheatcode
[100 of 301] Compiling Test.ChurchFFI
[102 of 301] Compiling Test.ChurchFFICheatcode
[101 of 301] Compiling Test.RowToList
[103 of 301] Compiling Test.StateMonadFFI
[104 of 301] Compiling Test.PolymorphismFFICheatcode
[105 of 301] Compiling Test.RowToListFFICheatcode
[106 of 301] Compiling Test.AstTreeFFI
[107 of 301] Compiling Test.PrimesFFI
[108 of 301] Compiling Test.ArrayOpsFFI
[109 of 301] Compiling Test.StateMonadFFICheatcode
[110 of 301] Compiling Test.TCO
[111 of 301] Compiling Test.RBTree
[112 of 301] Compiling Test.Fib
[113 of 301] Compiling Test.Records
[114 of 301] Compiling Test.Church
[115 of 301] Compiling Test.ListOpsFFI
[117 of 301] Compiling Test.LazyEvaluationFFICheatcode
[118 of 301] Compiling Test.Ackermann
[119 of 301] Compiling Test.AckermannFFI
[120 of 301] Compiling Test.TCOFFI
[121 of 301] Compiling Test.ListOpsFFICheatcode
[122 of 301] Compiling Test.ListOps
[116 of 301] Compiling Test.AckermannFFICheatcode
[123 of 301] Compiling Test.ArrayOpsFFICheatcode
[125 of 301] Compiling Test.RowToListFFI
[127 of 301] Compiling Data.String.Pattern
[126 of 301] Compiling Test.FibFFICheatcode
[124 of 301] Compiling Test.StateMonad
[128 of 301] Compiling Data.Monoid.Alternate
[129 of 301] Compiling Data.Time.Duration
[132 of 301] Compiling Data.Ord.Min
[131 of 301] Compiling Data.Profunctor
[134 of 301] Compiling Data.Ord.Max
[133 of 301] Compiling Data.Ord.Down
[130 of 301] Compiling Data.Functor.App
[135 of 301] Compiling AppFFI
[136 of 301] Compiling AppFFICheatcode
[137 of 301] Compiling Data.String.Common
[138 of 301] Compiling Data.Functor.Invariant
[139 of 301] Compiling Data.Profunctor.Closed
[140 of 301] Compiling Data.Functor.Compose
[141 of 301] Compiling AppJavaFFI
[142 of 301] Compiling Data.Identity
[145 of 301] Compiling Data.Profunctor.Join
[143 of 301] Compiling Data.Profunctor.Split
[144 of 301] Compiling Data.Maybe
[146 of 301] Compiling Data.Tuple
[147 of 301] Compiling Data.Const
[148 of 301] Compiling AppJavaFFICheatcode
[149 of 301] Compiling Data.Functor.Contravariant
[150 of 301] Compiling Data.Predicate
[152 of 301] Compiling Data.Op
[151 of 301] Compiling Data.Comparison
[153 of 301] Compiling Data.String.CodeUnits
[154 of 301] Compiling Data.Either
[156 of 301] Compiling Data.Maybe.First
[155 of 301] Compiling Data.Number
[157 of 301] Compiling Data.Maybe.Last
[158 of 301] Compiling Data.Equivalence
[160 of 301] Compiling Data.Number.Approximate
[159 of 301] Compiling Data.Int
[161 of 301] Compiling Data.Divide
[162 of 301] Compiling Data.Distributive
[163 of 301] Compiling Control.Monad.State.Class
[164 of 301] Compiling Control.Monad.Writer.Class
[165 of 301] Compiling Data.Profunctor.Strong
[167 of 301] Compiling Data.Profunctor.Costrong
[166 of 301] Compiling Data.Tuple.Nested
[168 of 301] Compiling Data.Divisible
[169 of 301] Compiling Data.Decide
[170 of 301] Compiling Data.Bifunctor
[171 of 301] Compiling Data.Either.Inject
[172 of 301] Compiling Effect.Exception
[175 of 301] Compiling Data.Profunctor.Cochoice
[174 of 301] Compiling Data.Profunctor.Choice
[173 of 301] Compiling Data.Either.Nested
[176 of 301] Compiling Effect.Exception.Unsafe
[177 of 301] Compiling Control.Monad.Error.Class
[178 of 301] Compiling Data.Functor.Product
[180 of 301] Compiling Control.Biapply
[179 of 301] Compiling Control.Monad.Rec.Class
[181 of 301] Compiling Data.Functor.Coproduct
[182 of 301] Compiling Data.Profunctor.Star
[183 of 301] Compiling Data.Functor.Costar
[184 of 301] Compiling Data.Decidable
[185 of 301] Compiling Control.Biapplicative
[186 of 301] Compiling Data.Functor.Clown
[187 of 301] Compiling Data.Functor.Flip
[189 of 301] Compiling Data.Functor.Product2
[188 of 301] Compiling Data.Bifunctor.Join
[190 of 301] Compiling Data.Functor.Joker
[191 of 301] Compiling Data.Functor.Coproduct.Inject
[192 of 301] Compiling Data.Foldable
[195 of 301] Compiling Data.FunctorWithIndex
[193 of 301] Compiling Data.Functor.Product.Nested
[194 of 301] Compiling Data.Functor.Coproduct.Nested
[196 of 301] Compiling Control.Monad.ST.Internal
[198 of 301] Compiling Control.Monad.ST
[197 of 301] Compiling Control.Monad.ST.Uncurried
[199 of 301] Compiling Control.Monad.ST.Ref
[200 of 301] Compiling Control.Monad.ST.Global
[201 of 301] Compiling Control.Monad.ST.Class
[202 of 301] Compiling Control.Monad.Reader.Trans
[203 of 301] Compiling Control.Monad.Except.Trans
[204 of 301] Compiling Control.Monad.Writer.Trans
[206 of 301] Compiling Control.Monad.State.Trans
[205 of 301] Compiling Control.Monad.RWS.Trans
[208 of 301] Compiling Control.Monad.Maybe.Trans
[207 of 301] Compiling Control.Monad.Cont.Trans
[209 of 301] Compiling Data.Array.ST
[210 of 301] Compiling Data.Array.ST.Partial
[211 of 301] Compiling Data.Array.ST.Iterator
[212 of 301] Compiling Control.Monad.Cont
[213 of 301] Compiling Control.Monad.Reader
[214 of 301] Compiling Control.Parallel.Class
[215 of 301] Compiling Control.Monad.Writer
[216 of 301] Compiling Control.Monad.Except
[217 of 301] Compiling Control.Monad.State
[218 of 301] Compiling Control.Monad.RWS
[219 of 301] Compiling Data.Bifoldable
[220 of 301] Compiling Data.Semigroup.Foldable
[222 of 301] Compiling Data.Traversable
[221 of 301] Compiling Data.FoldableWithIndex
[223 of 301] Compiling Data.Semigroup.Traversable
[224 of 301] Compiling Data.Bitraversable
[225 of 301] Compiling Control.Parallel
[226 of 301] Compiling Control.Monad.Identity.Trans
[227 of 301] Compiling Data.Unfoldable1
[228 of 301] Compiling Effect.Aff
[229 of 301] Compiling Data.TraversableWithIndex
[230 of 301] Compiling Control.Comonad.Trans.Class
[231 of 301] Compiling Control.Comonad.Traced.Trans
[232 of 301] Compiling Control.Comonad.Store.Trans
[233 of 301] Compiling Data.Unfoldable
[235 of 301] Compiling Control.Monad.Gen
[234 of 301] Compiling Data.Enum
[236 of 301] Compiling Data.NonEmpty
[237 of 301] Compiling Data.Array.NonEmpty.Internal
[238 of 301] Compiling Data.Lazy
[239 of 301] Compiling Control.Comonad.Env.Trans
[240 of 301] Compiling Data.Time.Duration.Gen
[241 of 301] Compiling Effect.Aff.Compat
[242 of 301] Compiling Data.Array
[243 of 301] Compiling Data.Time.Component
[244 of 301] Compiling Data.Date.Component
[245 of 301] Compiling Data.Char
[246 of 301] Compiling Data.Enum.Generic
[247 of 301] Compiling Control.Comonad.Store.Class
[248 of 301] Compiling Data.Char.Gen
[249 of 301] Compiling Data.Enum.Gen
[250 of 301] Compiling Data.List.Types
[251 of 301] Compiling Control.Monad.Gen.Common
[252 of 301] Compiling Data.List.Lazy.Types
[253 of 301] Compiling Control.Monad.List.Trans
[254 of 301] Compiling Control.Comonad.Store
[255 of 301] Compiling Data.String.Gen
[256 of 301] Compiling Control.Comonad.Env.Class
[257 of 301] Compiling Data.Time
[258 of 301] Compiling Data.Time.Component.Gen
[259 of 301] Compiling Data.Date.Component.Gen
[260 of 301] Compiling Data.Date
[261 of 301] Compiling Control.Comonad.Env
[262 of 301] Compiling Control.Comonad.Traced.Class
[263 of 301] Compiling Data.Time.Gen
[264 of 301] Compiling Control.Comonad.Traced
[265 of 301] Compiling Data.Date.Gen
[266 of 301] Compiling Data.DateTime
[269 of 301] Compiling Test.ArrayOps
[268 of 301] Compiling Data.String.CodePoints
[270 of 301] Compiling Data.Array.Partial
[267 of 301] Compiling Data.Array.NonEmpty
[272 of 301] Compiling Data.DateTime.Gen
[271 of 301] Compiling Data.DateTime.Instant
[273 of 301] Compiling App
[274 of 301] Compiling Data.List.Internal
[275 of 301] Compiling Effect.Aff.Class
[276 of 301] Compiling Effect.Now
[277 of 301] Compiling Data.List.Lazy
[278 of 301] Compiling Data.List
[279 of 301] Compiling Data.String
[281 of 301] Compiling Data.String.CaseInsensitive
[280 of 301] Compiling Data.String.NonEmpty.Internal
[282 of 301] Compiling Data.String.Regex.Flags
[283 of 301] Compiling Data.String.NonEmpty.CodeUnits
[284 of 301] Compiling Data.String.Regex
[285 of 301] Compiling Data.String.NonEmpty.CodePoints
[286 of 301] Compiling Data.String.Regex.Unsafe
[287 of 301] Compiling Data.String.NonEmpty
[288 of 301] Compiling Data.String.NonEmpty.CaseInsensitive
[289 of 301] Compiling Main
[292 of 301] Compiling Data.List.Partial
[291 of 301] Compiling Data.List.NonEmpty
[290 of 301] Compiling Data.Map.Internal
[294 of 301] Compiling Data.List.ZipList
[293 of 301] Compiling Data.List.Lazy.NonEmpty
[295 of 301] Compiling Data.Set
[296 of 301] Compiling Data.Map
[297 of 301] Compiling Data.Set.NonEmpty
[299 of 301] Compiling Data.Map.Gen
[298 of 301] Compiling Data.Interval.Duration
[300 of 301] Compiling Data.Interval
[301 of 301] Compiling Data.Interval.Duration.Iso
           Src   Lib   All
Warnings     0     0     0
Errors       0     0     0

✓ Build succeeded.

Compiling with backend "../phpurs/phpurs/bin/phpurs"
Generating PHP code for Control.Semigroupoid (Total AST Nodes: 3)
Generating PHP code for Control.Category (Total AST Nodes: 2)
Generating PHP code for Data.Boolean (Total AST Nodes: 1)
Generating PHP code for Type.Proxy (Total AST Nodes: 1)
Generating PHP code for Data.Symbol (Total AST Nodes: 2)
Generating PHP code for Data.Unit (Total AST Nodes: 0)
Generating PHP code for Record.Unsafe (Total AST Nodes: 0)
Generating PHP code for Data.HeytingAlgebra (Total AST Nodes: 19)
Generating PHP code for Data.Void (Total AST Nodes: 1)
Generating PHP code for Data.Eq (Total AST Nodes: 18)
Generating PHP code for Data.Semigroup (Total AST Nodes: 11)
Generating PHP code for Data.Show (Total AST Nodes: 15)
Generating PHP code for Data.Ordering (Total AST Nodes: 7)
Generating PHP code for Data.Semiring (Total AST Nodes: 16)
Generating PHP code for Data.Ring (Total AST Nodes: 11)
Generating PHP code for Data.Ord (Total AST Nodes: 28)
Generating PHP code for Data.Function (Total AST Nodes: 6)
Generating PHP code for Data.Functor (Total AST Nodes: 9)
Generating PHP code for Control.Apply (Total AST Nodes: 10)
Generating PHP code for Control.Applicative (Total AST Nodes: 7)
Generating PHP code for Control.Bind (Total AST Nodes: 12)
Generating PHP code for Control.Monad (Total AST Nodes: 7)
Generating PHP code for Data.BooleanAlgebra (Total AST Nodes: 7)
Generating PHP code for Data.CommutativeRing (Total AST Nodes: 8)
Generating PHP code for Data.EuclideanRing (Total AST Nodes: 7)
Generating PHP code for Data.Monoid (Total AST Nodes: 12)
Generating PHP code for Data.Bounded (Total AST Nodes: 14)
Generating PHP code for Data.DivisionRing (Total AST Nodes: 4)
Generating PHP code for Data.Field (Total AST Nodes: 1)
Generating PHP code for Data.NaturalTransformation (Total AST Nodes: 0)
Generating PHP code for Prelude (Total AST Nodes: 0)
Generating PHP code for Effect (Total AST Nodes: 7)
Generating PHP code for Effect.Console (Total AST Nodes: 6)
Generating PHP code for Bench (Total AST Nodes: 1)
Generating PHP code for Test.Ackermann (Total AST Nodes: 3)
Generating PHP code for Control.Alt (Total AST Nodes: 2)
Generating PHP code for Control.Plus (Total AST Nodes: 2)
Generating PHP code for Control.Alternative (Total AST Nodes: 2)
Generating PHP code for Control.Lazy (Total AST Nodes: 4)
Generating PHP code for Data.Monoid.Additive (Total AST Nodes: 14)
Generating PHP code for Control.Extend (Total AST Nodes: 7)
Generating PHP code for Control.Comonad (Total AST Nodes: 1)
Generating PHP code for Data.Monoid.Conj (Total AST Nodes: 15)
Generating PHP code for Data.Monoid.Disj (Total AST Nodes: 15)
Generating PHP code for Data.Monoid.Dual (Total AST Nodes: 14)
Generating PHP code for Data.Monoid.Endo (Total AST Nodes: 7)
Generating PHP code for Data.Monoid.Multiplicative (Total AST Nodes: 14)
Generating PHP code for Data.Semigroup.First (Total AST Nodes: 13)
Generating PHP code for Data.Semigroup.Last (Total AST Nodes: 13)
Generating PHP code for Unsafe.Coerce (Total AST Nodes: 0)
Generating PHP code for Safe.Coerce (Total AST Nodes: 1)
Generating PHP code for Data.Newtype (Total AST Nodes: 24)
Generating PHP code for Data.Monoid.Alternate (Total AST Nodes: 20)
Generating PHP code for Data.Functor.Invariant (Total AST Nodes: 11)
Generating PHP code for Data.Const (Total AST Nodes: 21)
Generating PHP code for Data.Generic.Rep (Total AST Nodes: 14)
Generating PHP code for Data.Maybe (Total AST Nodes: 30)
Generating PHP code for Data.Either (Total AST Nodes: 30)
Generating PHP code for Data.Tuple (Total AST Nodes: 30)
Generating PHP code for Data.Bifunctor (Total AST Nodes: 7)
Generating PHP code for Data.Identity (Total AST Nodes: 26)
Generating PHP code for Effect.Ref (Total AST Nodes: 4)
Generating PHP code for Partial (Total AST Nodes: 2)
Generating PHP code for Partial.Unsafe (Total AST Nodes: 2)
Generating PHP code for Control.Monad.Rec.Class (Total AST Nodes: 20)
Generating PHP code for Control.Monad.ST.Internal (Total AST Nodes: 10)
Generating PHP code for Control.Monad.ST (Total AST Nodes: 0)
Generating PHP code for Control.MonadPlus (Total AST Nodes: 1)
Generating PHP code for Data.Functor.App (Total AST Nodes: 24)
Generating PHP code for Data.Functor.Compose (Total AST Nodes: 14)
Generating PHP code for Data.Functor.Coproduct (Total AST Nodes: 14)
Generating PHP code for Data.Functor.Product (Total AST Nodes: 14)
Generating PHP code for Data.Maybe.First (Total AST Nodes: 20)
Generating PHP code for Data.Maybe.Last (Total AST Nodes: 20)
Generating PHP code for Data.Foldable (Total AST Nodes: 58)
Generating PHP code for Data.FunctorWithIndex (Total AST Nodes: 19)
Generating PHP code for Data.FoldableWithIndex (Total AST Nodes: 35)
Generating PHP code for Data.Function.Uncurried (Total AST Nodes: 2)
Generating PHP code for Data.Ord.Max (Total AST Nodes: 7)
Generating PHP code for Data.Ord.Min (Total AST Nodes: 7)
Generating PHP code for Data.Semigroup.Foldable (Total AST Nodes: 26)
Generating PHP code for Data.Traversable.Accum (Total AST Nodes: 0)
Generating PHP code for Data.Traversable.Accum.Internal (Total AST Nodes: 10)
Generating PHP code for Data.Traversable (Total AST Nodes: 26)
Generating PHP code for Data.Semigroup.Traversable (Total AST Nodes: 8)
Generating PHP code for Data.TraversableWithIndex (Total AST Nodes: 25)
Generating PHP code for Data.Unfoldable1 (Total AST Nodes: 8)
Generating PHP code for Data.Array.NonEmpty.Internal (Total AST Nodes: 21)
Generating PHP code for Control.Monad.ST.Uncurried (Total AST Nodes: 0)
Generating PHP code for Data.Array.ST (Total AST Nodes: 22)
Generating PHP code for Control.Monad.ST.Ref (Total AST Nodes: 0)
Generating PHP code for Data.Array.ST.Iterator (Total AST Nodes: 8)
Generating PHP code for Data.Unfoldable (Total AST Nodes: 7)
Generating PHP code for Data.Array (Total AST Nodes: 86)
Generating PHP code for Test.ArrayOps (Total AST Nodes: 5)
Generating PHP code for Test.AstTree (Total AST Nodes: 8)
Generating PHP code for Test.Church (Total AST Nodes: 12)
Generating PHP code for Test.Fib (Total AST Nodes: 3)
Generating PHP code for Test.LazyEvaluation (Total AST Nodes: 7)
Generating PHP code for Test.ListOps (Total AST Nodes: 8)
Generating PHP code for Test.Polymorphism (Total AST Nodes: 6)
Generating PHP code for Test.Primes (Total AST Nodes: 9)
Generating PHP code for Test.RBTree (Total AST Nodes: 13)
Generating PHP code for Test.Records (Total AST Nodes: 4)
Generating PHP code for Test.RowToList (Total AST Nodes: 6)
Generating PHP code for Test.StateMonad (Total AST Nodes: 11)
Generating PHP code for Test.TCO (Total AST Nodes: 3)
Generating PHP code for App (Total AST Nodes: 2)
Generating PHP code for Test.AckermannFFI (Total AST Nodes: 2)
Generating PHP code for Test.AckermannFFICheatcode (Total AST Nodes: 2)
Generating PHP code for Test.ArrayOpsFFI (Total AST Nodes: 2)
Generating PHP code for Test.ArrayOpsFFICheatcode (Total AST Nodes: 2)
Generating PHP code for Test.AstTreeFFI (Total AST Nodes: 2)
Generating PHP code for Test.AstTreeFFICheatcode (Total AST Nodes: 2)
Generating PHP code for Test.ChurchFFI (Total AST Nodes: 2)
Generating PHP code for Test.ChurchFFICheatcode (Total AST Nodes: 2)
Generating PHP code for Test.FibFFI (Total AST Nodes: 2)
Generating PHP code for Test.FibFFICheatcode (Total AST Nodes: 2)
Generating PHP code for Test.LazyEvaluationFFI (Total AST Nodes: 2)
Generating PHP code for Test.LazyEvaluationFFICheatcode (Total AST Nodes: 2)
Generating PHP code for Test.ListOpsFFI (Total AST Nodes: 2)
Generating PHP code for Test.ListOpsFFICheatcode (Total AST Nodes: 2)
Generating PHP code for Test.PolymorphismFFI (Total AST Nodes: 2)
Generating PHP code for Test.PolymorphismFFICheatcode (Total AST Nodes: 2)
Generating PHP code for Test.PrimesFFI (Total AST Nodes: 2)
Generating PHP code for Test.PrimesFFICheatcode (Total AST Nodes: 2)
Generating PHP code for Test.RBTreeFFI (Total AST Nodes: 2)
Generating PHP code for Test.RBTreeFFICheatcode (Total AST Nodes: 2)
Generating PHP code for Test.RecordsFFI (Total AST Nodes: 2)
Generating PHP code for Test.RecordsFFICheatcode (Total AST Nodes: 2)
Generating PHP code for Test.RowToListFFI (Total AST Nodes: 2)
Generating PHP code for Test.RowToListFFICheatcode (Total AST Nodes: 2)
Generating PHP code for Test.StateMonadFFI (Total AST Nodes: 2)
Generating PHP code for Test.StateMonadFFICheatcode (Total AST Nodes: 2)
Generating PHP code for Test.TCOFFI (Total AST Nodes: 2)
Generating PHP code for Test.TCOFFICheatcode (Total AST Nodes: 2)
Generating PHP code for AppFFI (Total AST Nodes: 1)
Generating PHP code for AppFFICheatcode (Total AST Nodes: 1)
Generating PHP code for AppJavaFFI (Total AST Nodes: 3)
Generating PHP code for AppJavaFFICheatcode (Total AST Nodes: 1)
Generating PHP code for Control.Biapply (Total AST Nodes: 6)
Generating PHP code for Control.Biapplicative (Total AST Nodes: 2)
Generating PHP code for Control.Monad.Cont.Class (Total AST Nodes: 1)
Generating PHP code for Effect.Exception (Total AST Nodes: 4)
Generating PHP code for Control.Monad.Error.Class (Total AST Nodes: 13)
Generating PHP code for Control.Monad.Reader.Class (Total AST Nodes: 5)
Generating PHP code for Control.Monad.ST.Global (Total AST Nodes: 1)
Generating PHP code for Control.Monad.ST.Class (Total AST Nodes: 3)
Generating PHP code for Control.Monad.State.Class (Total AST Nodes: 6)
Generating PHP code for Control.Monad.Trans.Class (Total AST Nodes: 1)
Generating PHP code for Control.Monad.Writer.Class (Total AST Nodes: 5)
Generating PHP code for Effect.Class (Total AST Nodes: 2)
Generating PHP code for Control.Monad.Identity.Trans (Total AST Nodes: 33)
Generating PHP code for Control.Comonad.Trans.Class (Total AST Nodes: 2)
Generating PHP code for Control.Comonad.Env.Trans (Total AST Nodes: 14)
Generating PHP code for Control.Comonad.Store.Trans (Total AST Nodes: 7)
Generating PHP code for Control.Comonad.Traced.Trans (Total AST Nodes: 7)
Generating PHP code for Control.Comonad.Store.Class (Total AST Nodes: 9)
Generating PHP code for Control.Comonad.Store (Total AST Nodes: 2)
Generating PHP code for Control.Comonad.Env.Class (Total AST Nodes: 11)
Generating PHP code for Control.Comonad.Env (Total AST Nodes: 4)
Generating PHP code for Control.Comonad.Traced.Class (Total AST Nodes: 10)
Generating PHP code for Control.Comonad.Traced (Total AST Nodes: 2)
Generating PHP code for Control.Monad.Cont.Trans (Total AST Nodes: 19)
Generating PHP code for Control.Monad.Cont (Total AST Nodes: 4)
Generating PHP code for Control.Monad.Except.Trans (Total AST Nodes: 29)
Generating PHP code for Control.Monad.Except (Total AST Nodes: 3)
Generating PHP code for Control.Monad.Gen.Class (Total AST Nodes: 5)
Generating PHP code for Control.Monad.Gen (Total AST Nodes: 12)
Generating PHP code for Data.NonEmpty (Total AST Nodes: 21)
Generating PHP code for Control.Monad.Gen.Common (Total AST Nodes: 7)
Generating PHP code for Data.Lazy (Total AST Nodes: 30)
Generating PHP code for Control.Monad.List.Trans (Total AST Nodes: 52)
Generating PHP code for Control.Monad.Maybe.Trans (Total AST Nodes: 27)
Generating PHP code for Control.Monad.RWS.Trans (Total AST Nodes: 30)
Generating PHP code for Control.Monad.RWS (Total AST Nodes: 6)
Generating PHP code for Type.Equality (Total AST Nodes: 4)
Generating PHP code for Data.Distributive (Total AST Nodes: 8)
Generating PHP code for Control.Monad.Reader.Trans (Total AST Nodes: 29)
Generating PHP code for Control.Monad.Reader (Total AST Nodes: 3)
Generating PHP code for Control.Monad.State.Trans (Total AST Nodes: 31)
Generating PHP code for Control.Monad.State (Total AST Nodes: 5)
Generating PHP code for Control.Monad.Writer.Trans (Total AST Nodes: 28)
Generating PHP code for Control.Monad.Writer (Total AST Nodes: 4)
Generating PHP code for Data.Functor.Contravariant (Total AST Nodes: 5)
Generating PHP code for Data.Profunctor (Total AST Nodes: 7)
Generating PHP code for Data.Profunctor.Closed (Total AST Nodes: 2)
Generating PHP code for Data.Profunctor.Strong (Total AST Nodes: 5)
Generating PHP code for Data.Functor.Costar (Total AST Nodes: 16)
Generating PHP code for Data.Profunctor.Choice (Total AST Nodes: 5)
Generating PHP code for Data.Profunctor.Star (Total AST Nodes: 20)
Generating PHP code for Control.Parallel.Class (Total AST Nodes: 17)
Generating PHP code for Control.Parallel (Total AST Nodes: 7)
Generating PHP code for Data.Array.NonEmpty (Total AST Nodes: 103)
Generating PHP code for Data.Array.Partial (Total AST Nodes: 4)
Generating PHP code for Data.Array.ST.Partial (Total AST Nodes: 2)
Generating PHP code for Data.Functor.Clown (Total AST Nodes: 11)
Generating PHP code for Data.Functor.Flip (Total AST Nodes: 12)
Generating PHP code for Data.Functor.Joker (Total AST Nodes: 16)
Generating PHP code for Data.Functor.Product2 (Total AST Nodes: 9)
Generating PHP code for Data.Bifoldable (Total AST Nodes: 20)
Generating PHP code for Data.Bifunctor.Join (Total AST Nodes: 8)
Generating PHP code for Data.Bitraversable (Total AST Nodes: 16)
Generating PHP code for Data.Bounded.Generic (Total AST Nodes: 14)
Generating PHP code for Data.Enum (Total AST Nodes: 35)
Generating PHP code for Data.Char (Total AST Nodes: 2)
Generating PHP code for Data.Char.Gen (Total AST Nodes: 7)
Generating PHP code for Data.Comparison (Total AST Nodes: 6)
Generating PHP code for Data.Date.Component (Total AST Nodes: 43)
Generating PHP code for Data.Int.Bits (Total AST Nodes: 0)
Generating PHP code for Data.Number (Total AST Nodes: 10)
Generating PHP code for Data.Int (Total AST Nodes: 28)
Generating PHP code for Data.Time.Duration (Total AST Nodes: 44)
Generating PHP code for Data.Date (Total AST Nodes: 16)
Generating PHP code for Data.Enum.Gen (Total AST Nodes: 1)
Generating PHP code for Data.Date.Component.Gen (Total AST Nodes: 4)
Generating PHP code for Data.Date.Gen (Total AST Nodes: 1)
Generating PHP code for Data.Time.Component (Total AST Nodes: 24)
Generating PHP code for Data.Time (Total AST Nodes: 19)
Generating PHP code for Data.DateTime (Total AST Nodes: 14)
Generating PHP code for Data.Time.Component.Gen (Total AST Nodes: 4)
Generating PHP code for Data.Time.Gen (Total AST Nodes: 1)
Generating PHP code for Data.DateTime.Gen (Total AST Nodes: 1)
Generating PHP code for Data.DateTime.Instant (Total AST Nodes: 10)
Generating PHP code for Data.Equivalence (Total AST Nodes: 7)
Generating PHP code for Data.Op (Total AST Nodes: 7)
Generating PHP code for Data.Predicate (Total AST Nodes: 5)
Generating PHP code for Data.Divide (Total AST Nodes: 6)
Generating PHP code for Data.Decide (Total AST Nodes: 6)
Generating PHP code for Data.Divisible (Total AST Nodes: 5)
Generating PHP code for Data.Decidable (Total AST Nodes: 6)
Generating PHP code for Data.Either.Inject (Total AST Nodes: 5)
Generating PHP code for Data.Either.Nested (Total AST Nodes: 30)
Generating PHP code for Data.Enum.Generic (Total AST Nodes: 20)
Generating PHP code for Data.Eq.Generic (Total AST Nodes: 8)
Generating PHP code for Data.Exists (Total AST Nodes: 2)
Generating PHP code for Data.Functor.Coproduct.Inject (Total AST Nodes: 5)
Generating PHP code for Data.Functor.Coproduct.Nested (Total AST Nodes: 30)
Generating PHP code for Data.Functor.Product.Nested (Total AST Nodes: 20)
Generating PHP code for Data.HeytingAlgebra.Generic (Total AST Nodes: 16)
Generating PHP code for Data.List.Types (Total AST Nodes: 53)
Generating PHP code for Data.List.Internal (Total AST Nodes: 12)
Generating PHP code for Data.List (Total AST Nodes: 74)
Generating PHP code for Data.Map.Internal (Total AST Nodes: 94)
Generating PHP code for Data.Set (Total AST Nodes: 34)
Generating PHP code for Data.Map (Total AST Nodes: 20)
Generating PHP code for Data.Interval.Duration (Total AST Nodes: 25)
Generating PHP code for Data.Interval (Total AST Nodes: 28)
Generating PHP code for Data.List.NonEmpty (Total AST Nodes: 60)
Generating PHP code for Data.Interval.Duration.Iso (Total AST Nodes: 18)
Generating PHP code for Data.List.Lazy.Types (Total AST Nodes: 59)
Generating PHP code for Data.List.Lazy (Total AST Nodes: 73)
Generating PHP code for Data.List.Lazy.NonEmpty (Total AST Nodes: 16)
Generating PHP code for Data.List.Partial (Total AST Nodes: 4)
Generating PHP code for Data.List.ZipList (Total AST Nodes: 16)
Generating PHP code for Data.Map.Gen (Total AST Nodes: 1)
Generating PHP code for Data.Monoid.Generic (Total AST Nodes: 6)
Generating PHP code for Data.Number.Approximate (Total AST Nodes: 6)
Generating PHP code for Data.Number.Format (Total AST Nodes: 7)
Generating PHP code for Data.Ord.Down (Total AST Nodes: 6)
Generating PHP code for Data.Ord.Generic (Total AST Nodes: 8)
Generating PHP code for Data.Profunctor.Cochoice (Total AST Nodes: 2)
Generating PHP code for Data.Profunctor.Costrong (Total AST Nodes: 2)
Generating PHP code for Data.Profunctor.Join (Total AST Nodes: 8)
Generating PHP code for Data.Profunctor.Split (Total AST Nodes: 8)
Generating PHP code for Data.Reflectable (Total AST Nodes: 6)
Generating PHP code for Data.Ring.Generic (Total AST Nodes: 6)
Generating PHP code for Data.Semigroup.Generic (Total AST Nodes: 7)
Generating PHP code for Data.Semiring.Generic (Total AST Nodes: 12)
Generating PHP code for Data.Set.NonEmpty (Total AST Nodes: 30)
Generating PHP code for Data.Show.Generic (Total AST Nodes: 9)
Generating PHP code for Data.String.Pattern (Total AST Nodes: 10)
Generating PHP code for Data.String.Unsafe (Total AST Nodes: 0)
Generating PHP code for Data.String.CodeUnits (Total AST Nodes: 16)
Generating PHP code for Data.String.Common (Total AST Nodes: 2)
Generating PHP code for Data.String.CodePoints (Total AST Nodes: 33)
Generating PHP code for Data.String (Total AST Nodes: 0)
Generating PHP code for Data.String.CaseInsensitive (Total AST Nodes: 5)
Generating PHP code for Data.String.Gen (Total AST Nodes: 8)
Generating PHP code for Data.String.NonEmpty.Internal (Total AST Nodes: 33)
Generating PHP code for Data.String.NonEmpty.CodePoints (Total AST Nodes: 23)
Generating PHP code for Data.String.NonEmpty (Total AST Nodes: 0)
Generating PHP code for Data.String.NonEmpty.CaseInsensitive (Total AST Nodes: 5)
Generating PHP code for Data.String.NonEmpty.CodeUnits (Total AST Nodes: 26)
Generating PHP code for Data.String.Regex.Flags (Total AST Nodes: 14)
Generating PHP code for Data.String.Regex (Total AST Nodes: 8)
Generating PHP code for Data.String.Regex.Unsafe (Total AST Nodes: 1)
Generating PHP code for Data.Time.Duration.Gen (Total AST Nodes: 5)
Generating PHP code for Data.Tuple.Nested (Total AST Nodes: 50)
Generating PHP code for Effect.Unsafe (Total AST Nodes: 0)
Generating PHP code for Effect.Aff (Total AST Nodes: 58)
Generating PHP code for Effect.Aff.Class (Total AST Nodes: 10)
Generating PHP code for Effect.Uncurried (Total AST Nodes: 20)
Generating PHP code for Effect.Aff.Compat (Total AST Nodes: 3)
Generating PHP code for Effect.Class.Console (Total AST Nodes: 18)
Generating PHP code for Effect.Exception.Unsafe (Total AST Nodes: 2)
Generating PHP code for Effect.Now (Total AST Nodes: 3)
Generating PHP code for Main (Total AST Nodes: 1)
Generating PHP code for Spago.Generated.BuildInfo (Total AST Nodes: 3)
Generating PHP code for Test.Main (Total AST Nodes: 1)
Generating PHP code for Test.TC (Total AST Nodes: 4)
Writing main.mod.php for App

✓ Backend build succeeded.

=== PHP ===
Loading composer repositories with package information
Updating dependencies
Nothing to modify in lock file
Writing lock file
Installing dependencies from lock file (including require-dev)
Nothing to install, update or remove
Generating autoload files
No security vulnerability advisories found.
Global warm-up in progress (this may take a moment)...

Global warm-up complete. Starting benchmarks...

--------------------------------------------------

(Test)

AST Evaluation:

(Output & Warm-up)

7

(Execution time - best of 10)

5.00 μs

--------------------------------------------------

(Test)

Fibonacci:

(Output & Warm-up)

55

(Execution time - best of 10)

3.00 μs

--------------------------------------------------

(Test)

List Processing (900 elements):

(Output & Warm-up)

202950

(Execution time - best of 10)

157.00 μs

--------------------------------------------------

(Test)

Tail Call Optimization (100k calls):

(Output & Warm-up)

100000

(Execution time - best of 10)

72.00 μs

--------------------------------------------------

(Test)

Deep Record Updates (10k iterations):

(Output & Warm-up)

20000

(Execution time - best of 10)

1502.00 μs

--------------------------------------------------

(Test)

Ackermann (3, 4):

(Output & Warm-up)

125

(Execution time - best of 10)

48.00 μs

--------------------------------------------------

(Test)

Church Numerals (100k Closure Applications):

(Output & Warm-up)

100000

(Execution time - best of 10)

9012.00 μs

--------------------------------------------------

(Test)

Prime Sieve (sum primes up to 500):

(Output & Warm-up)

21536

(Execution time - best of 10)

482.00 μs

--------------------------------------------------

(Test)

Red-Black Tree (100k Worst-Case Insertions):

(Output & Warm-up)

22

(Execution time - best of 10)

257113.00 μs

--------------------------------------------------

(Test)

Polymorphism (10M Type Class Dict Lookups):

(Output & Warm-up)

10000000

(Execution time - best of 10)

6705.00 μs

--------------------------------------------------

(Test)

State Monad (1.2k Binds, 60 Stack Depth):

(Output & Warm-up)

1200

(Execution time - best of 10)

433.00 μs

--------------------------------------------------

(Test)

Lazy Evaluation (1M Thunks Forced, 1k Depth):

(Output & Warm-up)

1000000

(Execution time - best of 10)

51738.00 μs

--------------------------------------------------

(Test)

Array Processing (900 elements):

(Output & Warm-up)

202950

(Execution time - best of 10)

99.00 μs

--------------------------------------------------

(Test)

RowToList (Keys Count):

(Output & Warm-up)

5

(Execution time - best of 10)

1.00 μs


==================================================

Total exec time: 327.37 ms

