[1 of 1] Compiling Main
[WARNING 1/2 UnusedExplicitImport] src/Main.purs:6:1

  6  import Test.Assert (assertEqual, assertThrows)
     ^^^^^^^^^^^^^^^^^^^^^^^^^^^^^^^^^^^^^^^^^^^^^^

  The import of module Test.Assert contains the following unused references:
    assertThrows
  It could be replaced with:
    import Test.Assert (assertEqual)

[WARNING 2/2 ShadowedName] src/Main.purs:32:7

  32      h y = y - 1
            ^

  Name y was shadowed.
  in value declaration tco3

           Src   Lib   All
Warnings     2     0     2
Errors       0     0     0
Generating PHP code for Control.Semigroupoid (Total AST Nodes: 3)
Generating PHP code for Control.Category (Total AST Nodes: 2)
Generating PHP code for Data.Boolean (Total AST Nodes: 1)
Generating PHP code for Type.Proxy (Total AST Nodes: 1)
Generating PHP code for Data.Symbol (Total AST Nodes: 2)
Generating PHP code for Data.Unit (Total AST Nodes: 0)
Generating PHP code for Record.Unsafe (Total AST Nodes: 0)
Generating PHP code for Data.HeytingAlgebra (Total AST Nodes: 19)
Generating PHP code for Data.Void (Total AST Nodes: 1)
Generating PHP code for Data.Eq (Total AST Nodes: 18)
Generating PHP code for Data.Semigroup (Total AST Nodes: 11)
Generating PHP code for Data.Show (Total AST Nodes: 15)
Generating PHP code for Data.Ordering (Total AST Nodes: 7)
Generating PHP code for Data.Semiring (Total AST Nodes: 16)
Generating PHP code for Data.Ring (Total AST Nodes: 11)
Generating PHP code for Data.Ord (Total AST Nodes: 28)
Generating PHP code for Data.Function (Total AST Nodes: 6)
Generating PHP code for Data.Functor (Total AST Nodes: 9)
Generating PHP code for Control.Alt (Total AST Nodes: 2)
Generating PHP code for Control.Apply (Total AST Nodes: 10)
Generating PHP code for Control.Applicative (Total AST Nodes: 7)
Generating PHP code for Control.Plus (Total AST Nodes: 2)
Generating PHP code for Control.Alternative (Total AST Nodes: 2)
Generating PHP code for Data.BooleanAlgebra (Total AST Nodes: 7)
Generating PHP code for Data.Bounded (Total AST Nodes: 14)
Generating PHP code for Data.CommutativeRing (Total AST Nodes: 8)
Generating PHP code for Data.EuclideanRing (Total AST Nodes: 7)
Generating PHP code for Control.Bind (Total AST Nodes: 12)
Generating PHP code for Control.Monad (Total AST Nodes: 7)
Generating PHP code for Data.Monoid (Total AST Nodes: 12)
Generating PHP code for Data.DivisionRing (Total AST Nodes: 4)
Generating PHP code for Data.Field (Total AST Nodes: 1)
Generating PHP code for Data.NaturalTransformation (Total AST Nodes: 0)
Generating PHP code for Prelude (Total AST Nodes: 0)
Generating PHP code for Data.Monoid.Additive (Total AST Nodes: 14)
Generating PHP code for Control.Extend (Total AST Nodes: 7)
Generating PHP code for Control.Comonad (Total AST Nodes: 1)
Generating PHP code for Data.Monoid.Conj (Total AST Nodes: 15)
Generating PHP code for Data.Monoid.Disj (Total AST Nodes: 15)
Generating PHP code for Data.Monoid.Dual (Total AST Nodes: 14)
Generating PHP code for Data.Monoid.Endo (Total AST Nodes: 7)
Generating PHP code for Data.Monoid.Multiplicative (Total AST Nodes: 14)
Generating PHP code for Data.Semigroup.First (Total AST Nodes: 13)
Generating PHP code for Data.Semigroup.Last (Total AST Nodes: 13)
Generating PHP code for Unsafe.Coerce (Total AST Nodes: 0)
Generating PHP code for Safe.Coerce (Total AST Nodes: 1)
Generating PHP code for Data.Newtype (Total AST Nodes: 24)
Generating PHP code for Data.Monoid.Alternate (Total AST Nodes: 20)
Generating PHP code for Data.Functor.Invariant (Total AST Nodes: 11)
Generating PHP code for Data.Const (Total AST Nodes: 21)
Generating PHP code for Data.Generic.Rep (Total AST Nodes: 14)
Generating PHP code for Data.Maybe (Total AST Nodes: 30)
Generating PHP code for Data.Either (Total AST Nodes: 30)
Generating PHP code for Control.Lazy (Total AST Nodes: 4)
Generating PHP code for Data.Tuple (Total AST Nodes: 30)
Generating PHP code for Data.Bifunctor (Total AST Nodes: 7)
Generating PHP code for Control.Biapply (Total AST Nodes: 6)
Generating PHP code for Control.Biapplicative (Total AST Nodes: 2)
Generating PHP code for Control.Monad.Cont.Class (Total AST Nodes: 1)
Generating PHP code for Effect (Total AST Nodes: 7)
Generating PHP code for Effect.Exception (Total AST Nodes: 4)
Generating PHP code for Control.Monad.Error.Class (Total AST Nodes: 13)
Generating PHP code for Control.Monad.Reader.Class (Total AST Nodes: 5)
Generating PHP code for Data.Identity (Total AST Nodes: 26)
Generating PHP code for Effect.Ref (Total AST Nodes: 4)
Generating PHP code for Partial (Total AST Nodes: 2)
Generating PHP code for Partial.Unsafe (Total AST Nodes: 2)
Generating PHP code for Control.Monad.Rec.Class (Total AST Nodes: 20)
Generating PHP code for Control.Monad.ST.Internal (Total AST Nodes: 10)
Generating PHP code for Control.Monad.ST (Total AST Nodes: 0)
Generating PHP code for Control.Monad.ST.Global (Total AST Nodes: 1)
Generating PHP code for Control.Monad.ST.Class (Total AST Nodes: 3)
Generating PHP code for Control.Monad.State.Class (Total AST Nodes: 6)
Generating PHP code for Control.Monad.Trans.Class (Total AST Nodes: 1)
Generating PHP code for Control.Monad.Writer.Class (Total AST Nodes: 5)
Generating PHP code for Control.MonadPlus (Total AST Nodes: 1)
Generating PHP code for Data.Functor.App (Total AST Nodes: 24)
Generating PHP code for Data.Functor.Compose (Total AST Nodes: 14)
Generating PHP code for Data.Functor.Coproduct (Total AST Nodes: 14)
Generating PHP code for Data.Functor.Product (Total AST Nodes: 14)
Generating PHP code for Data.Maybe.First (Total AST Nodes: 20)
Generating PHP code for Data.Maybe.Last (Total AST Nodes: 20)
Generating PHP code for Data.Foldable (Total AST Nodes: 53)
Generating PHP code for Data.Traversable.Accum (Total AST Nodes: 0)
Generating PHP code for Data.Traversable.Accum.Internal (Total AST Nodes: 10)
Generating PHP code for Data.Traversable (Total AST Nodes: 26)
Generating PHP code for Effect.Class (Total AST Nodes: 2)
Generating PHP code for Control.Monad.Identity.Trans (Total AST Nodes: 33)
Generating PHP code for Control.Comonad.Trans.Class (Total AST Nodes: 2)
Generating PHP code for Data.FunctorWithIndex (Total AST Nodes: 19)
Generating PHP code for Data.FoldableWithIndex (Total AST Nodes: 35)
Generating PHP code for Data.TraversableWithIndex (Total AST Nodes: 25)
Generating PHP code for Control.Comonad.Env.Trans (Total AST Nodes: 14)
Generating PHP code for Control.Comonad.Store.Trans (Total AST Nodes: 7)
Generating PHP code for Control.Comonad.Traced.Trans (Total AST Nodes: 7)
Generating PHP code for Control.Comonad.Store.Class (Total AST Nodes: 9)
Generating PHP code for Control.Comonad.Store (Total AST Nodes: 2)
Generating PHP code for Control.Comonad.Env.Class (Total AST Nodes: 11)
Generating PHP code for Control.Comonad.Env (Total AST Nodes: 4)
Generating PHP code for Control.Comonad.Traced.Class (Total AST Nodes: 10)
Generating PHP code for Control.Comonad.Traced (Total AST Nodes: 2)
Generating PHP code for Control.Monad.Cont.Trans (Total AST Nodes: 19)
Generating PHP code for Control.Monad.Cont (Total AST Nodes: 4)
Generating PHP code for Control.Monad.Except.Trans (Total AST Nodes: 29)
Generating PHP code for Control.Monad.Except (Total AST Nodes: 3)
Generating PHP code for Control.Monad.Gen.Class (Total AST Nodes: 5)
Generating PHP code for Data.Ord.Max (Total AST Nodes: 7)
Generating PHP code for Data.Ord.Min (Total AST Nodes: 7)
Generating PHP code for Data.Semigroup.Foldable (Total AST Nodes: 29)
Generating PHP code for Data.Semigroup.Traversable (Total AST Nodes: 8)
Generating PHP code for Data.Unfoldable1 (Total AST Nodes: 8)
Generating PHP code for Data.Unfoldable (Total AST Nodes: 7)
Generating PHP code for Control.Monad.Gen (Total AST Nodes: 12)
Generating PHP code for Data.NonEmpty (Total AST Nodes: 21)
Generating PHP code for Control.Monad.Gen.Common (Total AST Nodes: 7)
Generating PHP code for Data.Lazy (Total AST Nodes: 30)
Generating PHP code for Control.Monad.List.Trans (Total AST Nodes: 52)
Generating PHP code for Control.Monad.Maybe.Trans (Total AST Nodes: 27)
Generating PHP code for Control.Monad.RWS.Trans (Total AST Nodes: 30)
Generating PHP code for Control.Monad.RWS (Total AST Nodes: 6)
Generating PHP code for Type.Equality (Total AST Nodes: 4)
Generating PHP code for Data.Distributive (Total AST Nodes: 8)
Generating PHP code for Control.Monad.Reader.Trans (Total AST Nodes: 29)
Generating PHP code for Control.Monad.Reader (Total AST Nodes: 3)
Generating PHP code for Control.Monad.ST.Ref (Total AST Nodes: 0)
Generating PHP code for Control.Monad.ST.Uncurried (Total AST Nodes: 0)
Generating PHP code for Control.Monad.State.Trans (Total AST Nodes: 31)
Generating PHP code for Control.Monad.State (Total AST Nodes: 5)
Generating PHP code for Control.Monad.Writer.Trans (Total AST Nodes: 28)
Generating PHP code for Control.Monad.Writer (Total AST Nodes: 4)
Generating PHP code for Data.Function.Uncurried (Total AST Nodes: 2)
Generating PHP code for Data.Array.NonEmpty.Internal (Total AST Nodes: 21)
Generating PHP code for Data.Array.ST (Total AST Nodes: 22)
Generating PHP code for Data.Array.ST.Iterator (Total AST Nodes: 8)
Generating PHP code for Data.Array (Total AST Nodes: 86)
Generating PHP code for Data.Array.NonEmpty (Total AST Nodes: 106)
Generating PHP code for Data.Array.Partial (Total AST Nodes: 4)
Generating PHP code for Data.Array.ST.Partial (Total AST Nodes: 2)
Generating PHP code for Data.Functor.Contravariant (Total AST Nodes: 5)
Generating PHP code for Data.Profunctor (Total AST Nodes: 7)
Generating PHP code for Data.Functor.Clown (Total AST Nodes: 11)
Generating PHP code for Data.Functor.Flip (Total AST Nodes: 12)
Generating PHP code for Data.Profunctor.Choice (Total AST Nodes: 5)
Generating PHP code for Data.Functor.Joker (Total AST Nodes: 16)
Generating PHP code for Data.Functor.Product2 (Total AST Nodes: 9)
Generating PHP code for Data.Bifoldable (Total AST Nodes: 20)
Generating PHP code for Data.Bifunctor.Join (Total AST Nodes: 8)
Generating PHP code for Data.Bitraversable (Total AST Nodes: 16)
Generating PHP code for Data.Bounded.Generic (Total AST Nodes: 14)
Generating PHP code for Data.Enum (Total AST Nodes: 35)
Generating PHP code for Data.Char (Total AST Nodes: 2)
Generating PHP code for Data.Char.Gen (Total AST Nodes: 7)
Generating PHP code for Data.Comparison (Total AST Nodes: 6)
Generating PHP code for Data.Equivalence (Total AST Nodes: 7)
Generating PHP code for Data.Op (Total AST Nodes: 7)
Generating PHP code for Data.Predicate (Total AST Nodes: 5)
Generating PHP code for Data.Divide (Total AST Nodes: 6)
Generating PHP code for Data.Decide (Total AST Nodes: 6)
Generating PHP code for Data.Divisible (Total AST Nodes: 5)
Generating PHP code for Data.Decidable (Total AST Nodes: 6)
Generating PHP code for Data.Either.Inject (Total AST Nodes: 5)
Generating PHP code for Data.Either.Nested (Total AST Nodes: 30)
Generating PHP code for Data.Enum.Gen (Total AST Nodes: 1)
Generating PHP code for Data.Enum.Generic (Total AST Nodes: 20)
Generating PHP code for Data.Eq.Generic (Total AST Nodes: 8)
Generating PHP code for Data.Exists (Total AST Nodes: 2)
Generating PHP code for Data.Functor.Coproduct.Inject (Total AST Nodes: 5)
Generating PHP code for Data.Functor.Coproduct.Nested (Total AST Nodes: 30)
Generating PHP code for Data.Profunctor.Closed (Total AST Nodes: 2)
Generating PHP code for Data.Profunctor.Strong (Total AST Nodes: 5)
Generating PHP code for Data.Functor.Costar (Total AST Nodes: 16)
Generating PHP code for Data.Functor.Product.Nested (Total AST Nodes: 20)
Generating PHP code for Data.HeytingAlgebra.Generic (Total AST Nodes: 16)
Generating PHP code for Data.Int.Bits (Total AST Nodes: 0)
Generating PHP code for Data.Number (Total AST Nodes: 10)
Generating PHP code for Data.Int (Total AST Nodes: 28)
Generating PHP code for Data.List.Types (Total AST Nodes: 53)
Generating PHP code for Data.List.Internal (Total AST Nodes: 12)
Generating PHP code for Data.List (Total AST Nodes: 74)
Generating PHP code for Data.List.Lazy.Types (Total AST Nodes: 59)
Generating PHP code for Data.List.Lazy (Total AST Nodes: 73)
Generating PHP code for Data.List.Lazy.NonEmpty (Total AST Nodes: 16)
Generating PHP code for Data.List.NonEmpty (Total AST Nodes: 60)
Generating PHP code for Data.List.Partial (Total AST Nodes: 4)
Generating PHP code for Data.List.ZipList (Total AST Nodes: 16)
Generating PHP code for Data.Monoid.Generic (Total AST Nodes: 6)
Generating PHP code for Data.Number.Approximate (Total AST Nodes: 6)
Generating PHP code for Data.Number.Format (Total AST Nodes: 7)
Generating PHP code for Data.Ord.Down (Total AST Nodes: 6)
Generating PHP code for Data.Ord.Generic (Total AST Nodes: 8)
Generating PHP code for Data.Profunctor.Cochoice (Total AST Nodes: 2)
Generating PHP code for Data.Profunctor.Costrong (Total AST Nodes: 2)
Generating PHP code for Data.Profunctor.Join (Total AST Nodes: 8)
Generating PHP code for Data.Profunctor.Split (Total AST Nodes: 8)
Generating PHP code for Data.Profunctor.Star (Total AST Nodes: 20)
Generating PHP code for Data.Reflectable (Total AST Nodes: 6)
Generating PHP code for Data.Ring.Generic (Total AST Nodes: 6)
Generating PHP code for Data.Semigroup.Generic (Total AST Nodes: 7)
Generating PHP code for Data.Semiring.Generic (Total AST Nodes: 12)
Generating PHP code for Data.Show.Generic (Total AST Nodes: 9)
Generating PHP code for Data.String.Pattern (Total AST Nodes: 10)
Generating PHP code for Data.String.Unsafe (Total AST Nodes: 0)
Generating PHP code for Data.String.CodeUnits (Total AST Nodes: 16)
Generating PHP code for Data.String.Common (Total AST Nodes: 2)
Generating PHP code for Data.String.CodePoints (Total AST Nodes: 33)
Generating PHP code for Data.String (Total AST Nodes: 0)
Generating PHP code for Data.String.CaseInsensitive (Total AST Nodes: 5)
Generating PHP code for Data.String.Gen (Total AST Nodes: 8)
Generating PHP code for Data.String.NonEmpty.Internal (Total AST Nodes: 33)
Generating PHP code for Data.String.NonEmpty.CodePoints (Total AST Nodes: 23)
Generating PHP code for Data.String.NonEmpty (Total AST Nodes: 0)
Generating PHP code for Data.String.NonEmpty.CaseInsensitive (Total AST Nodes: 5)
Generating PHP code for Data.String.NonEmpty.CodeUnits (Total AST Nodes: 26)
Generating PHP code for Data.String.Regex.Flags (Total AST Nodes: 14)
Generating PHP code for Data.String.Regex (Total AST Nodes: 8)
Generating PHP code for Data.String.Regex.Unsafe (Total AST Nodes: 1)
Generating PHP code for Data.Tuple.Nested (Total AST Nodes: 50)
Generating PHP code for Effect.Console (Total AST Nodes: 6)
Generating PHP code for Effect.Class.Console (Total AST Nodes: 18)
Generating PHP code for Effect.Unsafe (Total AST Nodes: 0)
Generating PHP code for Effect.Exception.Unsafe (Total AST Nodes: 2)
Generating PHP code for Effect.Uncurried (Total AST Nodes: 20)
Generating PHP code for Foreign (Total AST Nodes: 21)
Generating PHP code for Foreign.Index (Total AST Nodes: 14)
Generating PHP code for Foreign.Keys (Total AST Nodes: 1)
Generating PHP code for Test.Assert (Total AST Nodes: 10)
Generating PHP code for Main (Total AST Nodes: 9)
Generating PHP code for Spago.Generated.BuildInfo (Total AST Nodes: 3)
Writing main.mod.php for Main
Done
