=== Rebuilding phpurs backend ===
Host compiler: /Users/0x1/Documents/htdocs/altbak.pub-phpurs/run/bak/js/node_modules/purescript/purs.bin (0.15.16)
Reading Spago workspace configuration...

✓ Selecting package to build: phpurs

Downloading dependencies...
Building...
[1 of 3] Compiling Phpurs.EnumRegions
[2 of 3] Compiling Phpurs.CodeGen
[3 of 3] Compiling Main
[WARNING 1/23 UnusedExplicitImport] src/Main.purs:7:1

  7  import Effect.Aff (Aff, launchAff_, attempt)
     ^^^^^^^^^^^^^^^^^^^^^^^^^^^^^^^^^^^^^^^^^^^^

  The import of module Effect.Aff contains the following unused references:
    Aff
  It could be replaced with:
    import Effect.Aff (attempt, launchAff_)

[WARNING 2/23 UnusedImport] src/Main.purs:10:1

  10  import Node.FS.Stats as Stats
      ^^^^^^^^^^^^^^^^^^^^^^^^^^^^^

  The qualified import of Node.FS.Stats as Stats is redundant

[WARNING 3/23 UnusedImport] src/Main.purs:13:1

  13  import Data.Argonaut.Parser (jsonParser)
      ^^^^^^^^^^^^^^^^^^^^^^^^^^^^^^^^^^^^^^^^

  The import of Data.Argonaut.Parser is redundant

[WARNING 4/23 UnusedImport] src/Main.purs:15:1

  15  import Data.Either (Either(..), isRight)
      ^^^^^^^^^^^^^^^^^^^^^^^^^^^^^^^^^^^^^^^^

  The import of Data.Either is redundant

[WARNING 5/23 UnusedImport] src/Main.purs:16:1

  16  import Data.Bifunctor (lmap)
      ^^^^^^^^^^^^^^^^^^^^^^^^^^^^

  The import of Data.Bifunctor is redundant

[WARNING 6/23 UnusedImport] src/Main.purs:17:1

  17  import Data.Argonaut.Decode.Error (printJsonDecodeError)
      ^^^^^^^^^^^^^^^^^^^^^^^^^^^^^^^^^^^^^^^^^^^^^^^^^^^^^^^^

  The import of Data.Argonaut.Decode.Error is redundant

[WARNING 7/23 UnusedImport] src/Main.purs:19:1

  19  import Data.List as List
      ^^^^^^^^^^^^^^^^^^^^^^^^

  The qualified import of Data.List as List is redundant

[WARNING 8/23 UnusedExplicitImport] src/Main.purs:20:1

  20  import Data.Maybe (Maybe(..), isJust, maybe, fromMaybe)
      ^^^^^^^^^^^^^^^^^^^^^^^^^^^^^^^^^^^^^^^^^^^^^^^^^^^^^^^

  The import of module Data.Maybe contains the following unused references:
    maybe
  It could be replaced with:
    import Data.Maybe (Maybe(..), fromMaybe, isJust)

[WARNING 9/23 UnusedImport] src/Main.purs:27:1

  27  import PureScript.Backend.Optimizer.CoreFn.Json (decodeModule)
      ^^^^^^^^^^^^^^^^^^^^^^^^^^^^^^^^^^^^^^^^^^^^^^^^^^^^^^^^^^^^^^

  The import of PureScript.Backend.Optimizer.CoreFn.Json is redundant

[WARNING 10/23 UnusedImport] src/Main.purs:28:1

  28  import PureScript.Backend.Optimizer.CoreFn.Sort (sortModules)
      ^^^^^^^^^^^^^^^^^^^^^^^^^^^^^^^^^^^^^^^^^^^^^^^^^^^^^^^^^^^^^

  The import of PureScript.Backend.Optimizer.CoreFn.Sort is redundant

[WARNING 11/23 UnusedExplicitImport] src/Main.purs:30:1

  30  import PureScript.Backend.Optimizer.CoreFn (Module(..), Ann, Ident(..), importName, Qualified(..), ModuleName(..), ExprType(..))
      ^^^^^^^^^^^^^^^^^^^^^^^^^^^^^^^^^^^^^^^^^^^^^^^^^^^^^^^^^^^^^^^^^^^^^^^^^^^^^^^^^^^^^^^^^^^^^^^^^^^^^^^^^^^^^^^^^^^^^^^^^^^^^^^^

  The import of module PureScript.Backend.Optimizer.CoreFn contains the following unused references:
    Ann
    Qualified
  It could be replaced with:
    import PureScript.Backend.Optimizer.CoreFn (ExprType(..), Ident(..), Module(..), ModuleName(..), importName)

[WARNING 12/23 UnusedExplicitImport] src/Main.purs:38:1

  38  import Data.String (joinWith, replace, replaceAll, trim, length, contains)
      ^^^^^^^^^^^^^^^^^^^^^^^^^^^^^^^^^^^^^^^^^^^^^^^^^^^^^^^^^^^^^^^^^^^^^^^^^^

  The import of module Data.String contains the following unused references:
    contains
  It could be replaced with:
    import Data.String (joinWith, length, replace, replaceAll, trim)

[WARNING 13/23 UnusedExplicitImport] src/Main.purs:40:1

  40  import PureScript.Backend.Optimizer.App (coreFnModulesFromOutput, parseCLIArgs, checkCache, writeCache, loadDirectives)
      ^^^^^^^^^^^^^^^^^^^^^^^^^^^^^^^^^^^^^^^^^^^^^^^^^^^^^^^^^^^^^^^^^^^^^^^^^^^^^^^^^^^^^^^^^^^^^^^^^^^^^^^^^^^^^^^^^^^^^^^

  The import of module PureScript.Backend.Optimizer.App contains the following unused references:
    checkCache
    writeCache
  It could be replaced with:
    import PureScript.Backend.Optimizer.App (coreFnModulesFromOutput, loadDirectives, parseCLIArgs)

[WARNING 14/23 UnusedImport] src/Main.purs:45:1

  45  import PureScript.Backend.Optimizer.Convert (BackendBindingGroup(..))
      ^^^^^^^^^^^^^^^^^^^^^^^^^^^^^^^^^^^^^^^^^^^^^^^^^^^^^^^^^^^^^^^^^^^^^

  The import of PureScript.Backend.Optimizer.Convert is redundant

[WARNING 15/23 UnusedName] src/Main.purs:97:13

  97          let modNameStr = unwrap coreFnMod.name
                  ^^^^^^^^^^^^^^^^^^^^^^^^^^^^^^^^^^

  Name modNameStr was introduced but not used.
  in value declaration main

[WARNING 16/23 UnusedExplicitImport] src/Phpurs/CodeGen.purs:17:1

  17  import PureScript.Backend.Optimizer.Codegen.Tco (TcoExpr(..), tcoAnalysisOf, unTcoExpr, TcoRef(..), TcoUsage(..), TcoAnalysis(..))
      ^^^^^^^^^^^^^^^^^^^^^^^^^^^^^^^^^^^^^^^^^^^^^^^^^^^^^^^^^^^^^^^^^^^^^^^^^^^^^^^^^^^^^^^^^^^^^^^^^^^^^^^^^^^^^^^^^^^^^^^^^^^^^^^^^^

  The import of module PureScript.Backend.Optimizer.Codegen.Tco contains the following unused references:
    unTcoExpr
  It could be replaced with:
    import PureScript.Backend.Optimizer.Codegen.Tco (TcoAnalysis(..), TcoExpr(..), TcoRef(..), TcoUsage(..), tcoAnalysisOf)

[WARNING 17/23 UnusedExplicitImport] src/Phpurs/CodeGen.purs:34:1

  34  import Data.Foldable (all, foldl, foldr, foldMap)
      ^^^^^^^^^^^^^^^^^^^^^^^^^^^^^^^^^^^^^^^^^^^^^^^^^

  The import of module Data.Foldable contains the following unused references:
    foldr
  It could be replaced with:
    import Data.Foldable (all, foldMap, foldl)

[WARNING 18/23 UnusedImport] src/Phpurs/CodeGen.purs:36:1

  36  import Debug as Debug
      ^^^^^^^^^^^^^^^^^^^^^

  The qualified import of Debug as Debug is redundant

[WARNING 19/23 UnusedImport] src/Phpurs/CodeGen.purs:40:1

  40  import Data.Set (Set)
      ^^^^^^^^^^^^^^^^^^^^^

  The import of Data.Set is redundant

[WARNING 20/23 UserDefinedWarning] src/Phpurs/CodeGen.purs:156:1

  156  translateExprImpl_ :: String -> Array String -> Map String String -> Map String String -> Maybe String -> Array LoopCtx -> Boolean -> Boolean -> Int -> TcoExpr -> TranslationRes
       ^^^^^^^^^^^^^^^^^^^^^^^^^^^^^^^^^^^^^^^^^^^^^^^^^^^^^^^^^^^^^^^^^^^^^^^^^^^^^^^^^^^^^^^^^^^^^^^^^^^^^^^^^^^^^^^^^^^^^^^^^^^^^^^^^^^^^^^^^^^^^^^^^^^^^^^^^^^^^^^^^^^^^^^^^^^^^^^^^

  A custom warning occurred while solving type class constraints:
    Debug function usage
  in binding group translateExprImpl_

[WARNING 21/23 UserDefinedWarning] src/Phpurs/CodeGen.purs:729:1

  729  translate :: Array (Array String) -> BackendModule -> PhpFile
       ^^^^^^^^^^^^^^^^^^^^^^^^^^^^^^^^^^^^^^^^^^^^^^^^^^^^^^^^^^^^^

  A custom warning occurred while solving type class constraints:
    Debug function usage
  in value declaration translate

[WARNING 22/23 UserDefinedWarning] src/Phpurs/CodeGen.purs:729:1

  729  translate :: Array (Array String) -> BackendModule -> PhpFile
       ^^^^^^^^^^^^^^^^^^^^^^^^^^^^^^^^^^^^^^^^^^^^^^^^^^^^^^^^^^^^^

  A custom warning occurred while solving type class constraints:
    Debug function usage
  in value declaration translate

[WARNING 23/23 UnusedName] src/Phpurs/CodeGen.purs:805:29

  805                              useVarsOuter = Array.nub (map (\mapped -> if Array.elem mapped recVars then "&" <> mapped else mapped) mappedFvs)
                                   ^^^^^^^^^^^^^^^^^^^^^^^^^^^^^^^^^^^^^^^^^^^^^^^^^^^^^^^^^^^^^^^^^^^^^^^^^^^^^^^^^^^^^^^^^^^^^^^^^^^^^^^^^^^^^^^^^

  Name useVarsOuter was introduced but not used.
  in value declaration translate

           Src   Lib   All
Warnings    23     0    23
Errors       0     0     0

✓ Build succeeded.

Reading Spago workspace configuration...

✓ Selecting package to build: phpurs

Downloading dependencies...
Building...
           Src   Lib   All
Warnings     0     0     0
Errors       0     0     0

✓ Build succeeded.

Bundling...

  bin/phpurs.js  1.1mb ⚠️

⚡ Done in 34ms

✓ Bundle succeeded.

Building...
Reading Spago workspace configuration...

✓ Selecting package to build: ps-php-test

Downloading dependencies...
Building...
[  2 of 301] Compiling Unsafe.Coerce
[  3 of 301] Compiling Spago.Generated.BuildInfo
[  4 of 301] Compiling Type.Equality
[  1 of 301] Compiling Type.Proxy
[  5 of 301] Compiling Record.Unsafe
[  6 of 301] Compiling Partial
[  7 of 301] Compiling Data.Void
[  8 of 301] Compiling Data.String.Unsafe
[  9 of 301] Compiling Data.Traversable.Accum
[ 10 of 301] Compiling Data.Int.Bits
[ 11 of 301] Compiling Data.Unit
[ 12 of 301] Compiling Data.NaturalTransformation
[ 13 of 301] Compiling Control.Semigroupoid
[ 14 of 301] Compiling Data.Boolean
[ 15 of 301] Compiling Control.Lazy
[ 17 of 301] Compiling Data.Symbol
[ 16 of 301] Compiling Data.Function.Uncurried
[ 18 of 301] Compiling Partial.Unsafe
[ 19 of 301] Compiling Safe.Coerce
[ 20 of 301] Compiling Data.Exists
[ 21 of 301] Compiling Control.Category
[ 22 of 301] Compiling Data.HeytingAlgebra
[ 23 of 301] Compiling Data.Semiring
[ 24 of 301] Compiling Data.Semigroup
[ 25 of 301] Compiling Data.Show
[ 26 of 301] Compiling Data.Ring
[ 27 of 301] Compiling Data.Generic.Rep
[ 29 of 301] Compiling Data.BooleanAlgebra
[ 28 of 301] Compiling Data.Eq
[ 30 of 301] Compiling Data.CommutativeRing
[ 31 of 301] Compiling Data.Ordering
[ 32 of 301] Compiling Data.EuclideanRing
[ 33 of 301] Compiling Data.Ord
[ 34 of 301] Compiling Data.DivisionRing
[ 35 of 301] Compiling Data.Field
[ 37 of 301] Compiling Data.Bounded
[ 36 of 301] Compiling Data.Function
[ 38 of 301] Compiling Data.Reflectable
[ 39 of 301] Compiling Data.Monoid
[ 40 of 301] Compiling Data.Functor
[ 43 of 301] Compiling Control.Alt
[ 41 of 301] Compiling Control.Extend
[ 42 of 301] Compiling Control.Apply
[ 44 of 301] Compiling Data.Monoid.Generic
[ 45 of 301] Compiling Data.Bounded.Generic
[ 46 of 301] Compiling Control.Plus
[ 47 of 301] Compiling Control.Comonad
[ 48 of 301] Compiling Control.Applicative
[ 49 of 301] Compiling Control.Alternative
[ 50 of 301] Compiling Control.Bind
[ 51 of 301] Compiling Control.Monad
[ 52 of 301] Compiling Prelude
[ 53 of 301] Compiling Control.MonadPlus
[ 54 of 301] Compiling Data.Eq.Generic
[ 55 of 301] Compiling Data.Semigroup.First
[ 56 of 301] Compiling Data.Monoid.Endo
[ 57 of 301] Compiling Data.Number.Format
[ 58 of 301] Compiling Data.Semigroup.Generic
[ 59 of 301] Compiling Data.Monoid.Disj
[ 60 of 301] Compiling Data.HeytingAlgebra.Generic
[ 61 of 301] Compiling Data.Ord.Generic
[ 62 of 301] Compiling Data.Ring.Generic
[ 63 of 301] Compiling Data.Semiring.Generic
[ 64 of 301] Compiling Control.Monad.Gen.Class
[ 65 of 301] Compiling Control.Monad.Cont.Class
[ 66 of 301] Compiling Effect
[ 67 of 301] Compiling Data.Traversable.Accum.Internal
[ 68 of 301] Compiling Data.Monoid.Conj
[ 69 of 301] Compiling Control.Monad.Trans.Class
[ 70 of 301] Compiling Data.Monoid.Multiplicative
[ 71 of 301] Compiling Data.Monoid.Dual
[ 72 of 301] Compiling Data.Monoid.Additive
[ 73 of 301] Compiling Data.Semigroup.Last
[ 74 of 301] Compiling Control.Monad.Reader.Class
[ 75 of 301] Compiling Effect.Uncurried
[ 76 of 301] Compiling Effect.Ref
[ 77 of 301] Compiling Effect.Class
[ 78 of 301] Compiling Test.Main
[ 79 of 301] Compiling Data.Show.Generic
[ 81 of 301] Compiling Effect.Console
[ 80 of 301] Compiling Effect.Unsafe
[ 82 of 301] Compiling Bench
[ 83 of 301] Compiling Test.TC
[ 84 of 301] Compiling Effect.Class.Console
[ 85 of 301] Compiling Data.Newtype
[ 86 of 301] Compiling Test.Records
[ 87 of 301] Compiling Test.StateMonadFFICheatcode
[ 88 of 301] Compiling Test.AckermannFFICheatcode
[ 89 of 301] Compiling Test.LazyEvaluationFFICheatcode
[ 90 of 301] Compiling Test.ListOpsFFI
[ 91 of 301] Compiling Test.Primes
[ 92 of 301] Compiling Test.Church
[ 93 of 301] Compiling Test.AckermannFFI
[ 94 of 301] Compiling Test.StateMonad
[ 95 of 301] Compiling Test.RowToList
[ 96 of 301] Compiling Test.RBTree
[ 97 of 301] Compiling Test.ArrayOpsFFI
[ 98 of 301] Compiling Test.ChurchFFI
[100 of 301] Compiling Test.ChurchFFICheatcode
[ 99 of 301] Compiling Test.PrimesFFI
[102 of 301] Compiling Test.PolymorphismFFI
[105 of 301] Compiling Test.RBTreeFFI
[107 of 301] Compiling Test.ArrayOpsFFICheatcode
[108 of 301] Compiling Test.ListOpsFFICheatcode
[106 of 301] Compiling Test.AstTree
[103 of 301] Compiling Test.Ackermann
[101 of 301] Compiling Test.FibFFICheatcode
[109 of 301] Compiling Test.LazyEvaluationFFI
[110 of 301] Compiling Test.PrimesFFICheatcode
[111 of 301] Compiling Test.PolymorphismFFICheatcode
[104 of 301] Compiling Test.FibFFI
[112 of 301] Compiling Test.AstTreeFFI
[114 of 301] Compiling Test.TCOFFI
[113 of 301] Compiling Test.RecordsFFICheatcode
[115 of 301] Compiling Test.TCOFFICheatcode
[117 of 301] Compiling Test.Polymorphism
[116 of 301] Compiling Test.RecordsFFI
[118 of 301] Compiling Test.LazyEvaluation
[119 of 301] Compiling Test.StateMonadFFI
[120 of 301] Compiling Test.RowToListFFICheatcode
[121 of 301] Compiling Test.TCO
[123 of 301] Compiling Test.RowToListFFI
[124 of 301] Compiling Test.RBTreeFFICheatcode
[125 of 301] Compiling Test.AstTreeFFICheatcode
[126 of 301] Compiling Data.Time.Duration
[127 of 301] Compiling Test.ListOps
[122 of 301] Compiling Test.Fib
[128 of 301] Compiling Data.Functor.App
[129 of 301] Compiling Data.Ord.Min
[130 of 301] Compiling Data.Profunctor
[131 of 301] Compiling Data.String.Pattern
[132 of 301] Compiling Data.Ord.Max
[133 of 301] Compiling Data.Ord.Down
[134 of 301] Compiling Data.Monoid.Alternate
[135 of 301] Compiling AppFFI
[136 of 301] Compiling AppFFICheatcode
[137 of 301] Compiling Data.String.Common
[138 of 301] Compiling Data.Profunctor.Closed
[139 of 301] Compiling Data.Functor.Invariant
[140 of 301] Compiling Data.Functor.Compose
[141 of 301] Compiling AppJavaFFI
[143 of 301] Compiling Data.Identity
[142 of 301] Compiling Data.Tuple
[144 of 301] Compiling Data.Const
[145 of 301] Compiling Data.Profunctor.Split
[146 of 301] Compiling Data.Profunctor.Join
[147 of 301] Compiling Data.Maybe
[148 of 301] Compiling AppJavaFFICheatcode
[149 of 301] Compiling Data.Functor.Contravariant
[150 of 301] Compiling Data.Comparison
[151 of 301] Compiling Data.Predicate
[152 of 301] Compiling Data.Op
[153 of 301] Compiling Data.Maybe.First
[155 of 301] Compiling Data.Number
[157 of 301] Compiling Data.Maybe.Last
[154 of 301] Compiling Data.String.CodeUnits
[156 of 301] Compiling Data.Either
[158 of 301] Compiling Data.Equivalence
[159 of 301] Compiling Data.Number.Approximate
[160 of 301] Compiling Data.Int
[161 of 301] Compiling Data.Divide
[162 of 301] Compiling Control.Monad.Writer.Class
[163 of 301] Compiling Data.Profunctor.Strong
[164 of 301] Compiling Control.Monad.State.Class
[165 of 301] Compiling Data.Profunctor.Costrong
[166 of 301] Compiling Data.Distributive
[167 of 301] Compiling Data.Tuple.Nested
[168 of 301] Compiling Data.Divisible
[169 of 301] Compiling Data.Bifunctor
[170 of 301] Compiling Data.Decide
[172 of 301] Compiling Effect.Exception
[173 of 301] Compiling Data.Either.Inject
[174 of 301] Compiling Data.Profunctor.Choice
[171 of 301] Compiling Data.Either.Nested
[175 of 301] Compiling Data.Profunctor.Cochoice
[177 of 301] Compiling Effect.Exception.Unsafe
[176 of 301] Compiling Control.Monad.Error.Class
[178 of 301] Compiling Data.Functor.Product
[179 of 301] Compiling Data.Functor.Costar
[180 of 301] Compiling Control.Monad.Rec.Class
[182 of 301] Compiling Data.Profunctor.Star
[181 of 301] Compiling Data.Functor.Coproduct
[183 of 301] Compiling Control.Biapply
[184 of 301] Compiling Data.Decidable
[185 of 301] Compiling Control.Biapplicative
[186 of 301] Compiling Data.Bifunctor.Join
[187 of 301] Compiling Data.Functor.Clown
[188 of 301] Compiling Data.Functor.Joker
[189 of 301] Compiling Data.Functor.Product2
[190 of 301] Compiling Data.Functor.Flip
[192 of 301] Compiling Data.Functor.Coproduct.Inject
[191 of 301] Compiling Data.Functor.Coproduct.Nested
[193 of 301] Compiling Data.Functor.Product.Nested
[194 of 301] Compiling Data.FunctorWithIndex
[195 of 301] Compiling Data.Foldable
[196 of 301] Compiling Control.Monad.ST.Internal
[197 of 301] Compiling Control.Monad.ST
[198 of 301] Compiling Control.Monad.ST.Ref
[199 of 301] Compiling Control.Monad.ST.Uncurried
[200 of 301] Compiling Control.Monad.ST.Global
[201 of 301] Compiling Control.Monad.ST.Class
[202 of 301] Compiling Control.Monad.Maybe.Trans
[203 of 301] Compiling Control.Monad.Reader.Trans
[204 of 301] Compiling Control.Monad.State.Trans
[205 of 301] Compiling Control.Monad.Writer.Trans
[207 of 301] Compiling Control.Monad.Cont.Trans
[206 of 301] Compiling Control.Monad.RWS.Trans
[208 of 301] Compiling Control.Monad.Except.Trans
[209 of 301] Compiling Data.Array.ST
[210 of 301] Compiling Data.Array.ST.Partial
[211 of 301] Compiling Data.Array.ST.Iterator
[212 of 301] Compiling Control.Monad.Cont
[213 of 301] Compiling Control.Monad.Reader
[214 of 301] Compiling Control.Monad.Except
[215 of 301] Compiling Control.Monad.State
[216 of 301] Compiling Control.Parallel.Class
[217 of 301] Compiling Control.Monad.Writer
[218 of 301] Compiling Control.Monad.RWS
[219 of 301] Compiling Data.Semigroup.Foldable
[220 of 301] Compiling Data.Bifoldable
[221 of 301] Compiling Data.Traversable
[222 of 301] Compiling Data.FoldableWithIndex
[223 of 301] Compiling Data.Bitraversable
[224 of 301] Compiling Data.Semigroup.Traversable
[225 of 301] Compiling Control.Monad.Identity.Trans
[226 of 301] Compiling Control.Parallel
[227 of 301] Compiling Effect.Aff
[228 of 301] Compiling Data.Unfoldable1
[229 of 301] Compiling Data.TraversableWithIndex
[230 of 301] Compiling Control.Comonad.Trans.Class
[231 of 301] Compiling Control.Comonad.Store.Trans
[232 of 301] Compiling Control.Comonad.Traced.Trans
[233 of 301] Compiling Data.Unfoldable
[235 of 301] Compiling Control.Monad.Gen
[234 of 301] Compiling Data.Enum
[236 of 301] Compiling Data.Time.Duration.Gen
[237 of 301] Compiling Data.Array.NonEmpty.Internal
[238 of 301] Compiling Data.NonEmpty
[240 of 301] Compiling Data.Lazy
[239 of 301] Compiling Control.Comonad.Env.Trans
[241 of 301] Compiling Effect.Aff.Compat
[242 of 301] Compiling Data.Array
[243 of 301] Compiling Data.Time.Component
[244 of 301] Compiling Data.Char
[245 of 301] Compiling Data.Date.Component
[246 of 301] Compiling Data.Enum.Generic
[247 of 301] Compiling Control.Comonad.Store.Class
[248 of 301] Compiling Data.Enum.Gen
[249 of 301] Compiling Data.Char.Gen
[250 of 301] Compiling Data.List.Types
[251 of 301] Compiling Control.Monad.Gen.Common
[252 of 301] Compiling Data.List.Lazy.Types
[253 of 301] Compiling Control.Monad.List.Trans
[254 of 301] Compiling Data.Time
[255 of 301] Compiling Data.Time.Component.Gen
[256 of 301] Compiling Control.Comonad.Store
[257 of 301] Compiling Data.String.Gen
[258 of 301] Compiling Control.Comonad.Env.Class
[259 of 301] Compiling Data.Date.Component.Gen
[260 of 301] Compiling Data.Date
[261 of 301] Compiling Control.Comonad.Env
[262 of 301] Compiling Data.Time.Gen
[263 of 301] Compiling Control.Comonad.Traced.Class
[264 of 301] Compiling Control.Comonad.Traced
[266 of 301] Compiling Data.Date.Gen
[265 of 301] Compiling Data.DateTime
[267 of 301] Compiling Data.DateTime.Gen
[268 of 301] Compiling Data.DateTime.Instant
[271 of 301] Compiling Test.ArrayOps
[269 of 301] Compiling Data.String.CodePoints
[272 of 301] Compiling Data.Array.Partial
[270 of 301] Compiling Data.Array.NonEmpty
[273 of 301] Compiling App
[274 of 301] Compiling Data.List.Internal
[275 of 301] Compiling Effect.Now
[276 of 301] Compiling Effect.Aff.Class
[277 of 301] Compiling Data.List
[278 of 301] Compiling Data.List.Lazy
[279 of 301] Compiling Data.String
[280 of 301] Compiling Data.String.Regex.Flags
[281 of 301] Compiling Data.String.CaseInsensitive
[282 of 301] Compiling Data.String.NonEmpty.Internal
[283 of 301] Compiling Data.String.NonEmpty.CodePoints
[284 of 301] Compiling Data.String.Regex
[285 of 301] Compiling Data.String.NonEmpty.CodeUnits
[286 of 301] Compiling Data.String.Regex.Unsafe
[287 of 301] Compiling Data.String.NonEmpty
[288 of 301] Compiling Data.String.NonEmpty.CaseInsensitive
[290 of 301] Compiling Data.List.Partial
[291 of 301] Compiling Main
[289 of 301] Compiling Data.List.NonEmpty
[292 of 301] Compiling Data.Map.Internal
[293 of 301] Compiling Data.List.ZipList
[294 of 301] Compiling Data.List.Lazy.NonEmpty
[295 of 301] Compiling Data.Set
[297 of 301] Compiling Data.Map
[296 of 301] Compiling Data.Set.NonEmpty
[298 of 301] Compiling Data.Map.Gen
[299 of 301] Compiling Data.Interval.Duration
[300 of 301] Compiling Data.Interval
[301 of 301] Compiling Data.Interval.Duration.Iso
           Src   Lib   All
Warnings     0     0     0
Errors       0     0     0

✓ Build succeeded.

Compiling with backend "../phpurs/phpurs/bin/phpurs"
Generating PHP code for Control.Semigroupoid (Total AST Nodes: 3)
Generating PHP code for Control.Category (Total AST Nodes: 2)
Generating PHP code for Data.Boolean (Total AST Nodes: 1)
Generating PHP code for Type.Proxy (Total AST Nodes: 1)
Generating PHP code for Data.Symbol (Total AST Nodes: 2)
Generating PHP code for Data.Unit (Total AST Nodes: 0)
Generating PHP code for Record.Unsafe (Total AST Nodes: 0)
Generating PHP code for Data.HeytingAlgebra (Total AST Nodes: 19)
Generating PHP code for Data.Void (Total AST Nodes: 1)
Generating PHP code for Data.Eq (Total AST Nodes: 18)
Generating PHP code for Data.Semigroup (Total AST Nodes: 11)
Generating PHP code for Data.Show (Total AST Nodes: 15)
Generating PHP code for Data.Ordering (Total AST Nodes: 7)
Generating PHP code for Data.Semiring (Total AST Nodes: 16)
Generating PHP code for Data.Ring (Total AST Nodes: 11)
Generating PHP code for Data.Ord (Total AST Nodes: 28)
Generating PHP code for Data.Function (Total AST Nodes: 6)
Generating PHP code for Data.Functor (Total AST Nodes: 9)
Generating PHP code for Control.Apply (Total AST Nodes: 10)
Generating PHP code for Control.Applicative (Total AST Nodes: 7)
Generating PHP code for Control.Bind (Total AST Nodes: 12)
Generating PHP code for Control.Monad (Total AST Nodes: 7)
Generating PHP code for Data.BooleanAlgebra (Total AST Nodes: 7)
Generating PHP code for Data.CommutativeRing (Total AST Nodes: 8)
Generating PHP code for Data.EuclideanRing (Total AST Nodes: 7)
Generating PHP code for Data.Monoid (Total AST Nodes: 12)
Generating PHP code for Data.Bounded (Total AST Nodes: 14)
Generating PHP code for Data.DivisionRing (Total AST Nodes: 4)
Generating PHP code for Data.Field (Total AST Nodes: 1)
Generating PHP code for Data.NaturalTransformation (Total AST Nodes: 0)
Generating PHP code for Prelude (Total AST Nodes: 0)
Generating PHP code for Effect (Total AST Nodes: 7)
Generating PHP code for Effect.Console (Total AST Nodes: 6)
Generating PHP code for Bench (Total AST Nodes: 1)
Generating PHP code for Test.Ackermann (Total AST Nodes: 3)
Generating PHP code for Control.Alt (Total AST Nodes: 2)
Generating PHP code for Control.Plus (Total AST Nodes: 2)
Generating PHP code for Control.Alternative (Total AST Nodes: 2)
Generating PHP code for Control.Lazy (Total AST Nodes: 4)
Generating PHP code for Data.Monoid.Additive (Total AST Nodes: 14)
Generating PHP code for Control.Extend (Total AST Nodes: 7)
Generating PHP code for Control.Comonad (Total AST Nodes: 1)
Generating PHP code for Data.Monoid.Conj (Total AST Nodes: 15)
Generating PHP code for Data.Monoid.Disj (Total AST Nodes: 15)
Generating PHP code for Data.Monoid.Dual (Total AST Nodes: 14)
Generating PHP code for Data.Monoid.Endo (Total AST Nodes: 7)
Generating PHP code for Data.Monoid.Multiplicative (Total AST Nodes: 14)
Generating PHP code for Data.Semigroup.First (Total AST Nodes: 13)
Generating PHP code for Data.Semigroup.Last (Total AST Nodes: 13)
Generating PHP code for Unsafe.Coerce (Total AST Nodes: 0)
Generating PHP code for Safe.Coerce (Total AST Nodes: 1)
Generating PHP code for Data.Newtype (Total AST Nodes: 24)
Generating PHP code for Data.Monoid.Alternate (Total AST Nodes: 20)
Generating PHP code for Data.Functor.Invariant (Total AST Nodes: 11)
Generating PHP code for Data.Const (Total AST Nodes: 21)
Generating PHP code for Data.Generic.Rep (Total AST Nodes: 14)
Generating PHP code for Data.Maybe (Total AST Nodes: 30)
Generating PHP code for Data.Either (Total AST Nodes: 30)
Generating PHP code for Data.Tuple (Total AST Nodes: 30)
Generating PHP code for Data.Bifunctor (Total AST Nodes: 7)
Generating PHP code for Data.Identity (Total AST Nodes: 26)
Generating PHP code for Effect.Ref (Total AST Nodes: 4)
Generating PHP code for Partial (Total AST Nodes: 2)
Generating PHP code for Partial.Unsafe (Total AST Nodes: 2)
Generating PHP code for Control.Monad.Rec.Class (Total AST Nodes: 20)
Generating PHP code for Control.Monad.ST.Internal (Total AST Nodes: 10)
Generating PHP code for Control.Monad.ST (Total AST Nodes: 0)
Generating PHP code for Control.MonadPlus (Total AST Nodes: 1)
Generating PHP code for Data.Functor.App (Total AST Nodes: 24)
Generating PHP code for Data.Functor.Compose (Total AST Nodes: 14)
Generating PHP code for Data.Functor.Coproduct (Total AST Nodes: 14)
Generating PHP code for Data.Functor.Product (Total AST Nodes: 14)
Generating PHP code for Data.Maybe.First (Total AST Nodes: 20)
Generating PHP code for Data.Maybe.Last (Total AST Nodes: 20)
Generating PHP code for Data.Foldable (Total AST Nodes: 58)
Generating PHP code for Data.FunctorWithIndex (Total AST Nodes: 19)
Generating PHP code for Data.FoldableWithIndex (Total AST Nodes: 35)
Generating PHP code for Data.Function.Uncurried (Total AST Nodes: 2)
Generating PHP code for Data.Ord.Max (Total AST Nodes: 7)
Generating PHP code for Data.Ord.Min (Total AST Nodes: 7)
Generating PHP code for Data.Semigroup.Foldable (Total AST Nodes: 26)
Generating PHP code for Data.Traversable.Accum (Total AST Nodes: 0)
Generating PHP code for Data.Traversable.Accum.Internal (Total AST Nodes: 10)
Generating PHP code for Data.Traversable (Total AST Nodes: 26)
Generating PHP code for Data.Semigroup.Traversable (Total AST Nodes: 8)
Generating PHP code for Data.TraversableWithIndex (Total AST Nodes: 25)
Generating PHP code for Data.Unfoldable1 (Total AST Nodes: 8)
Generating PHP code for Data.Array.NonEmpty.Internal (Total AST Nodes: 21)
Generating PHP code for Control.Monad.ST.Uncurried (Total AST Nodes: 0)
Generating PHP code for Data.Array.ST (Total AST Nodes: 22)
Generating PHP code for Control.Monad.ST.Ref (Total AST Nodes: 0)
Generating PHP code for Data.Array.ST.Iterator (Total AST Nodes: 8)
Generating PHP code for Data.Unfoldable (Total AST Nodes: 7)
Generating PHP code for Data.Array (Total AST Nodes: 86)
Generating PHP code for Test.ArrayOps (Total AST Nodes: 5)
Generating PHP code for Test.AstTree (Total AST Nodes: 8)
Generating PHP code for Test.Church (Total AST Nodes: 12)
Generating PHP code for Test.Fib (Total AST Nodes: 3)
Generating PHP code for Test.LazyEvaluation (Total AST Nodes: 7)
Generating PHP code for Test.ListOps (Total AST Nodes: 8)
Generating PHP code for Test.Polymorphism (Total AST Nodes: 6)
Generating PHP code for Test.Primes (Total AST Nodes: 9)
Generating PHP code for Test.RBTree (Total AST Nodes: 13)
Generating PHP code for Test.Records (Total AST Nodes: 4)
Generating PHP code for Test.RowToList (Total AST Nodes: 6)
Generating PHP code for Test.StateMonad (Total AST Nodes: 11)
Generating PHP code for Test.TCO (Total AST Nodes: 3)
Generating PHP code for App (Total AST Nodes: 2)
Generating PHP code for Test.AckermannFFI (Total AST Nodes: 2)
Generating PHP code for Test.AckermannFFICheatcode (Total AST Nodes: 2)
Generating PHP code for Test.ArrayOpsFFI (Total AST Nodes: 2)
Generating PHP code for Test.ArrayOpsFFICheatcode (Total AST Nodes: 2)
Generating PHP code for Test.AstTreeFFI (Total AST Nodes: 2)
Generating PHP code for Test.AstTreeFFICheatcode (Total AST Nodes: 2)
Generating PHP code for Test.ChurchFFI (Total AST Nodes: 2)
Generating PHP code for Test.ChurchFFICheatcode (Total AST Nodes: 2)
Generating PHP code for Test.FibFFI (Total AST Nodes: 2)
Generating PHP code for Test.FibFFICheatcode (Total AST Nodes: 2)
Generating PHP code for Test.LazyEvaluationFFI (Total AST Nodes: 2)
Generating PHP code for Test.LazyEvaluationFFICheatcode (Total AST Nodes: 2)
Generating PHP code for Test.ListOpsFFI (Total AST Nodes: 2)
Generating PHP code for Test.ListOpsFFICheatcode (Total AST Nodes: 2)
Generating PHP code for Test.PolymorphismFFI (Total AST Nodes: 2)
Generating PHP code for Test.PolymorphismFFICheatcode (Total AST Nodes: 2)
Generating PHP code for Test.PrimesFFI (Total AST Nodes: 2)
Generating PHP code for Test.PrimesFFICheatcode (Total AST Nodes: 2)
Generating PHP code for Test.RBTreeFFI (Total AST Nodes: 2)
Generating PHP code for Test.RBTreeFFICheatcode (Total AST Nodes: 2)
Generating PHP code for Test.RecordsFFI (Total AST Nodes: 2)
Generating PHP code for Test.RecordsFFICheatcode (Total AST Nodes: 2)
Generating PHP code for Test.RowToListFFI (Total AST Nodes: 2)
Generating PHP code for Test.RowToListFFICheatcode (Total AST Nodes: 2)
Generating PHP code for Test.StateMonadFFI (Total AST Nodes: 2)
Generating PHP code for Test.StateMonadFFICheatcode (Total AST Nodes: 2)
Generating PHP code for Test.TCOFFI (Total AST Nodes: 2)
Generating PHP code for Test.TCOFFICheatcode (Total AST Nodes: 2)
Generating PHP code for AppFFI (Total AST Nodes: 1)
Generating PHP code for AppFFICheatcode (Total AST Nodes: 1)
Generating PHP code for AppJavaFFI (Total AST Nodes: 3)
Generating PHP code for AppJavaFFICheatcode (Total AST Nodes: 1)
Generating PHP code for Control.Biapply (Total AST Nodes: 6)
Generating PHP code for Control.Biapplicative (Total AST Nodes: 2)
Generating PHP code for Control.Monad.Cont.Class (Total AST Nodes: 1)
Generating PHP code for Effect.Exception (Total AST Nodes: 4)
Generating PHP code for Control.Monad.Error.Class (Total AST Nodes: 13)
Generating PHP code for Control.Monad.Reader.Class (Total AST Nodes: 5)
Generating PHP code for Control.Monad.ST.Global (Total AST Nodes: 1)
Generating PHP code for Control.Monad.ST.Class (Total AST Nodes: 3)
Generating PHP code for Control.Monad.State.Class (Total AST Nodes: 6)
Generating PHP code for Control.Monad.Trans.Class (Total AST Nodes: 1)
Generating PHP code for Control.Monad.Writer.Class (Total AST Nodes: 5)
Generating PHP code for Effect.Class (Total AST Nodes: 2)
Generating PHP code for Control.Monad.Identity.Trans (Total AST Nodes: 33)
Generating PHP code for Control.Comonad.Trans.Class (Total AST Nodes: 2)
Generating PHP code for Control.Comonad.Env.Trans (Total AST Nodes: 14)
Generating PHP code for Control.Comonad.Store.Trans (Total AST Nodes: 7)
Generating PHP code for Control.Comonad.Traced.Trans (Total AST Nodes: 7)
Generating PHP code for Control.Comonad.Store.Class (Total AST Nodes: 9)
Generating PHP code for Control.Comonad.Store (Total AST Nodes: 2)
Generating PHP code for Control.Comonad.Env.Class (Total AST Nodes: 11)
Generating PHP code for Control.Comonad.Env (Total AST Nodes: 4)
Generating PHP code for Control.Comonad.Traced.Class (Total AST Nodes: 10)
Generating PHP code for Control.Comonad.Traced (Total AST Nodes: 2)
Generating PHP code for Control.Monad.Cont.Trans (Total AST Nodes: 19)
Generating PHP code for Control.Monad.Cont (Total AST Nodes: 4)
Generating PHP code for Control.Monad.Except.Trans (Total AST Nodes: 29)
Generating PHP code for Control.Monad.Except (Total AST Nodes: 3)
Generating PHP code for Control.Monad.Gen.Class (Total AST Nodes: 5)
Generating PHP code for Control.Monad.Gen (Total AST Nodes: 12)
Generating PHP code for Data.NonEmpty (Total AST Nodes: 21)
Generating PHP code for Control.Monad.Gen.Common (Total AST Nodes: 7)
Generating PHP code for Data.Lazy (Total AST Nodes: 30)
Generating PHP code for Control.Monad.List.Trans (Total AST Nodes: 52)
Generating PHP code for Control.Monad.Maybe.Trans (Total AST Nodes: 27)
Generating PHP code for Control.Monad.RWS.Trans (Total AST Nodes: 30)
Generating PHP code for Control.Monad.RWS (Total AST Nodes: 6)
Generating PHP code for Type.Equality (Total AST Nodes: 4)
Generating PHP code for Data.Distributive (Total AST Nodes: 8)
Generating PHP code for Control.Monad.Reader.Trans (Total AST Nodes: 29)
Generating PHP code for Control.Monad.Reader (Total AST Nodes: 3)
Generating PHP code for Control.Monad.State.Trans (Total AST Nodes: 31)
Generating PHP code for Control.Monad.State (Total AST Nodes: 5)
Generating PHP code for Control.Monad.Writer.Trans (Total AST Nodes: 28)
Generating PHP code for Control.Monad.Writer (Total AST Nodes: 4)
Generating PHP code for Data.Functor.Contravariant (Total AST Nodes: 5)
Generating PHP code for Data.Profunctor (Total AST Nodes: 7)
Generating PHP code for Data.Profunctor.Closed (Total AST Nodes: 2)
Generating PHP code for Data.Profunctor.Strong (Total AST Nodes: 5)
Generating PHP code for Data.Functor.Costar (Total AST Nodes: 16)
Generating PHP code for Data.Profunctor.Choice (Total AST Nodes: 5)
Generating PHP code for Data.Profunctor.Star (Total AST Nodes: 20)
Generating PHP code for Control.Parallel.Class (Total AST Nodes: 17)
Generating PHP code for Control.Parallel (Total AST Nodes: 7)
Generating PHP code for Data.Array.NonEmpty (Total AST Nodes: 103)
Generating PHP code for Data.Array.Partial (Total AST Nodes: 4)
Generating PHP code for Data.Array.ST.Partial (Total AST Nodes: 2)
Generating PHP code for Data.Functor.Clown (Total AST Nodes: 11)
Generating PHP code for Data.Functor.Flip (Total AST Nodes: 12)
Generating PHP code for Data.Functor.Joker (Total AST Nodes: 16)
Generating PHP code for Data.Functor.Product2 (Total AST Nodes: 9)
Generating PHP code for Data.Bifoldable (Total AST Nodes: 20)
Generating PHP code for Data.Bifunctor.Join (Total AST Nodes: 8)
Generating PHP code for Data.Bitraversable (Total AST Nodes: 16)
Generating PHP code for Data.Bounded.Generic (Total AST Nodes: 14)
Generating PHP code for Data.Enum (Total AST Nodes: 35)
Generating PHP code for Data.Char (Total AST Nodes: 2)
Generating PHP code for Data.Char.Gen (Total AST Nodes: 7)
Generating PHP code for Data.Comparison (Total AST Nodes: 6)
Generating PHP code for Data.Date.Component (Total AST Nodes: 43)
Generating PHP code for Data.Int.Bits (Total AST Nodes: 0)
Generating PHP code for Data.Number (Total AST Nodes: 10)
Generating PHP code for Data.Int (Total AST Nodes: 28)
Generating PHP code for Data.Time.Duration (Total AST Nodes: 44)
Generating PHP code for Data.Date (Total AST Nodes: 16)
Generating PHP code for Data.Enum.Gen (Total AST Nodes: 1)
Generating PHP code for Data.Date.Component.Gen (Total AST Nodes: 4)
Generating PHP code for Data.Date.Gen (Total AST Nodes: 1)
Generating PHP code for Data.Time.Component (Total AST Nodes: 24)
Generating PHP code for Data.Time (Total AST Nodes: 19)
Generating PHP code for Data.DateTime (Total AST Nodes: 14)
Generating PHP code for Data.Time.Component.Gen (Total AST Nodes: 4)
Generating PHP code for Data.Time.Gen (Total AST Nodes: 1)
Generating PHP code for Data.DateTime.Gen (Total AST Nodes: 1)
Generating PHP code for Data.DateTime.Instant (Total AST Nodes: 10)
Generating PHP code for Data.Equivalence (Total AST Nodes: 7)
Generating PHP code for Data.Op (Total AST Nodes: 7)
Generating PHP code for Data.Predicate (Total AST Nodes: 5)
Generating PHP code for Data.Divide (Total AST Nodes: 6)
Generating PHP code for Data.Decide (Total AST Nodes: 6)
Generating PHP code for Data.Divisible (Total AST Nodes: 5)
Generating PHP code for Data.Decidable (Total AST Nodes: 6)
Generating PHP code for Data.Either.Inject (Total AST Nodes: 5)
Generating PHP code for Data.Either.Nested (Total AST Nodes: 30)
Generating PHP code for Data.Enum.Generic (Total AST Nodes: 20)
Generating PHP code for Data.Eq.Generic (Total AST Nodes: 8)
Generating PHP code for Data.Exists (Total AST Nodes: 2)
Generating PHP code for Data.Functor.Coproduct.Inject (Total AST Nodes: 5)
Generating PHP code for Data.Functor.Coproduct.Nested (Total AST Nodes: 30)
Generating PHP code for Data.Functor.Product.Nested (Total AST Nodes: 20)
Generating PHP code for Data.HeytingAlgebra.Generic (Total AST Nodes: 16)
Generating PHP code for Data.List.Types (Total AST Nodes: 53)
Generating PHP code for Data.List.Internal (Total AST Nodes: 12)
Generating PHP code for Data.List (Total AST Nodes: 74)
Generating PHP code for Data.Map.Internal (Total AST Nodes: 94)
Generating PHP code for Data.Set (Total AST Nodes: 34)
Generating PHP code for Data.Map (Total AST Nodes: 20)
Generating PHP code for Data.Interval.Duration (Total AST Nodes: 25)
Generating PHP code for Data.Interval (Total AST Nodes: 28)
Generating PHP code for Data.List.NonEmpty (Total AST Nodes: 60)
Generating PHP code for Data.Interval.Duration.Iso (Total AST Nodes: 18)
Generating PHP code for Data.List.Lazy.Types (Total AST Nodes: 59)
Generating PHP code for Data.List.Lazy (Total AST Nodes: 73)
Generating PHP code for Data.List.Lazy.NonEmpty (Total AST Nodes: 16)
Generating PHP code for Data.List.Partial (Total AST Nodes: 4)
Generating PHP code for Data.List.ZipList (Total AST Nodes: 16)
Generating PHP code for Data.Map.Gen (Total AST Nodes: 1)
Generating PHP code for Data.Monoid.Generic (Total AST Nodes: 6)
Generating PHP code for Data.Number.Approximate (Total AST Nodes: 6)
Generating PHP code for Data.Number.Format (Total AST Nodes: 7)
Generating PHP code for Data.Ord.Down (Total AST Nodes: 6)
Generating PHP code for Data.Ord.Generic (Total AST Nodes: 8)
Generating PHP code for Data.Profunctor.Cochoice (Total AST Nodes: 2)
Generating PHP code for Data.Profunctor.Costrong (Total AST Nodes: 2)
Generating PHP code for Data.Profunctor.Join (Total AST Nodes: 8)
Generating PHP code for Data.Profunctor.Split (Total AST Nodes: 8)
Generating PHP code for Data.Reflectable (Total AST Nodes: 6)
Generating PHP code for Data.Ring.Generic (Total AST Nodes: 6)
Generating PHP code for Data.Semigroup.Generic (Total AST Nodes: 7)
Generating PHP code for Data.Semiring.Generic (Total AST Nodes: 12)
Generating PHP code for Data.Set.NonEmpty (Total AST Nodes: 30)
Generating PHP code for Data.Show.Generic (Total AST Nodes: 9)
Generating PHP code for Data.String.Pattern (Total AST Nodes: 10)
Generating PHP code for Data.String.Unsafe (Total AST Nodes: 0)
Generating PHP code for Data.String.CodeUnits (Total AST Nodes: 16)
Generating PHP code for Data.String.Common (Total AST Nodes: 2)
Generating PHP code for Data.String.CodePoints (Total AST Nodes: 33)
Generating PHP code for Data.String (Total AST Nodes: 0)
Generating PHP code for Data.String.CaseInsensitive (Total AST Nodes: 5)
Generating PHP code for Data.String.Gen (Total AST Nodes: 8)
Generating PHP code for Data.String.NonEmpty.Internal (Total AST Nodes: 33)
Generating PHP code for Data.String.NonEmpty.CodePoints (Total AST Nodes: 23)
Generating PHP code for Data.String.NonEmpty (Total AST Nodes: 0)
Generating PHP code for Data.String.NonEmpty.CaseInsensitive (Total AST Nodes: 5)
Generating PHP code for Data.String.NonEmpty.CodeUnits (Total AST Nodes: 26)
Generating PHP code for Data.String.Regex.Flags (Total AST Nodes: 14)
Generating PHP code for Data.String.Regex (Total AST Nodes: 8)
Generating PHP code for Data.String.Regex.Unsafe (Total AST Nodes: 1)
Generating PHP code for Data.Time.Duration.Gen (Total AST Nodes: 5)
Generating PHP code for Data.Tuple.Nested (Total AST Nodes: 50)
Generating PHP code for Effect.Unsafe (Total AST Nodes: 0)
Generating PHP code for Effect.Aff (Total AST Nodes: 58)
Generating PHP code for Effect.Aff.Class (Total AST Nodes: 10)
Generating PHP code for Effect.Uncurried (Total AST Nodes: 20)
Generating PHP code for Effect.Aff.Compat (Total AST Nodes: 3)
Generating PHP code for Effect.Class.Console (Total AST Nodes: 18)
Generating PHP code for Effect.Exception.Unsafe (Total AST Nodes: 2)
Generating PHP code for Effect.Now (Total AST Nodes: 3)
Generating PHP code for Main (Total AST Nodes: 1)
Generating PHP code for Spago.Generated.BuildInfo (Total AST Nodes: 3)
Generating PHP code for Test.Main (Total AST Nodes: 1)
Generating PHP code for Test.TC (Total AST Nodes: 4)
Writing main.mod.php for App

✓ Backend build succeeded.

=== PHP ===
Loading composer repositories with package information
Updating dependencies
Nothing to modify in lock file
Writing lock file
Installing dependencies from lock file (including require-dev)
Nothing to install, update or remove
Generating autoload files
No security vulnerability advisories found.
Global warm-up in progress (this may take a moment)...

Global warm-up complete. Starting benchmarks...

--------------------------------------------------

(Test)

AST Evaluation:

(Output & Warm-up)

7

(Execution time - best of 10)

5.00 μs

--------------------------------------------------

(Test)

Fibonacci:

(Output & Warm-up)

55

(Execution time - best of 10)

2.00 μs

--------------------------------------------------

(Test)

List Processing (900 elements):

(Output & Warm-up)

202950

(Execution time - best of 10)

151.00 μs

--------------------------------------------------

(Test)

Tail Call Optimization (100k calls):

(Output & Warm-up)

100000

(Execution time - best of 10)

75.00 μs

--------------------------------------------------

(Test)

Deep Record Updates (10k iterations):

(Output & Warm-up)

20000

(Execution time - best of 10)

1521.00 μs

--------------------------------------------------

(Test)

Ackermann (3, 4):

(Output & Warm-up)

125

(Execution time - best of 10)

49.00 μs

--------------------------------------------------

(Test)

Church Numerals (100k Closure Applications):

(Output & Warm-up)

100000

(Execution time - best of 10)

8790.00 μs

--------------------------------------------------

(Test)

Prime Sieve (sum primes up to 500):

(Output & Warm-up)

21536

(Execution time - best of 10)

487.00 μs

--------------------------------------------------

(Test)

Red-Black Tree (100k Worst-Case Insertions):

(Output & Warm-up)

22

(Execution time - best of 10)

169779.00 μs

--------------------------------------------------

(Test)

Polymorphism (10M Type Class Dict Lookups):

(Output & Warm-up)

10000000

(Execution time - best of 10)

6433.00 μs

--------------------------------------------------

(Test)

State Monad (1.2k Binds, 60 Stack Depth):

(Output & Warm-up)

1200

(Execution time - best of 10)

427.00 μs

--------------------------------------------------

(Test)

Lazy Evaluation (1M Thunks Forced, 1k Depth):

(Output & Warm-up)

1000000

(Execution time - best of 10)

45997.00 μs

--------------------------------------------------

(Test)

Array Processing (900 elements):

(Output & Warm-up)

202950

(Execution time - best of 10)

98.00 μs

--------------------------------------------------

(Test)

RowToList (Keys Count):

(Output & Warm-up)

5

(Execution time - best of 10)

1.00 μs


==================================================

Total exec time: 233.82 ms

