[  1 of 228] Compiling Unsafe.Coerce
[  2 of 228] Compiling Type.Equality
[  3 of 228] Compiling Spago.Generated.BuildInfo
[  4 of 228] Compiling Record.Unsafe
[  5 of 228] Compiling Data.Void
[  6 of 228] Compiling Data.Int.Bits
[  7 of 228] Compiling Data.NaturalTransformation
[  8 of 228] Compiling Data.String.Unsafe
[  9 of 228] Compiling Data.Unit
[ 10 of 228] Compiling Data.Traversable.Accum
[ 11 of 228] Compiling Type.Proxy
[ 12 of 228] Compiling Partial
[ 13 of 228] Compiling Data.Boolean
[ 14 of 228] Compiling Control.Semigroupoid
[ 16 of 228] Compiling Safe.Coerce
[ 17 of 228] Compiling Data.Symbol
[ 18 of 228] Compiling Control.Lazy
[ 15 of 228] Compiling Data.Function.Uncurried
[ 19 of 228] Compiling Data.Exists
[ 20 of 228] Compiling Control.Category
[ 21 of 228] Compiling Partial.Unsafe
[ 23 of 228] Compiling Data.HeytingAlgebra
[ 22 of 228] Compiling Data.Semigroup
[ 24 of 228] Compiling Data.Semiring
[ 25 of 228] Compiling Data.Show
[ 26 of 228] Compiling Data.Ring
[ 27 of 228] Compiling Data.Generic.Rep
[ 28 of 228] Compiling Data.BooleanAlgebra
[ 29 of 228] Compiling Data.Eq
[ 30 of 228] Compiling Data.CommutativeRing
[ 32 of 228] Compiling Data.Ordering
[ 31 of 228] Compiling Data.EuclideanRing
[ 33 of 228] Compiling Data.Ord
[ 34 of 228] Compiling Data.DivisionRing
[ 35 of 228] Compiling Data.Field
[ 38 of 228] Compiling Data.Bounded
[ 36 of 228] Compiling Data.Monoid
[ 39 of 228] Compiling Data.Reflectable
[ 37 of 228] Compiling Data.Function
[ 40 of 228] Compiling Data.Functor
[ 41 of 228] Compiling Control.Alt
[ 43 of 228] Compiling Control.Extend
[ 42 of 228] Compiling Control.Apply
[ 44 of 228] Compiling Data.Monoid.Generic
[ 45 of 228] Compiling Data.Bounded.Generic
[ 46 of 228] Compiling Control.Plus
[ 47 of 228] Compiling Control.Comonad
[ 48 of 228] Compiling Control.Applicative
[ 49 of 228] Compiling Control.Alternative
[ 50 of 228] Compiling Control.Bind
[ 51 of 228] Compiling Control.Monad
[ 53 of 228] Compiling Control.MonadPlus
[ 52 of 228] Compiling Prelude
[ 54 of 228] Compiling Data.Monoid.Endo
[ 55 of 228] Compiling Data.Monoid.Disj
[ 56 of 228] Compiling Effect
[ 57 of 228] Compiling Data.Monoid.Multiplicative
[ 58 of 228] Compiling Data.Ring.Generic
[ 59 of 228] Compiling Data.Monoid.Additive
[ 60 of 228] Compiling Data.Show.Generic
[ 61 of 228] Compiling Data.Semigroup.Last
[ 62 of 228] Compiling Data.Monoid.Conj
[ 63 of 228] Compiling Data.Semigroup.Generic
[ 64 of 228] Compiling Data.HeytingAlgebra.Generic
[ 65 of 228] Compiling Control.Monad.Trans.Class
[ 66 of 228] Compiling Data.Monoid.Dual
[ 67 of 228] Compiling Data.Eq.Generic
[ 68 of 228] Compiling Data.Traversable.Accum.Internal
[ 71 of 228] Compiling Control.Monad.Reader.Class
[ 69 of 228] Compiling Control.Monad.Cont.Class
[ 70 of 228] Compiling Data.Semigroup.First
[ 72 of 228] Compiling Data.Number.Format
[ 73 of 228] Compiling Data.Semiring.Generic
[ 75 of 228] Compiling Control.Monad.Gen.Class
[ 76 of 228] Compiling Effect.Ref
[ 77 of 228] Compiling Effect.Class
[ 74 of 228] Compiling Data.Ord.Generic
[ 78 of 228] Compiling Effect.Console
[ 80 of 228] Compiling Effect.Uncurried
[ 79 of 228] Compiling Effect.Unsafe
[ 81 of 228] Compiling Data.Newtype
[ 83 of 228] Compiling Test.Assert
[ 82 of 228] Compiling Effect.Class.Console
[ 84 of 228] Compiling Main
[ 85 of 228] Compiling Data.Functor.App
[ 86 of 228] Compiling Data.Ord.Down
[ 87 of 228] Compiling Data.Ord.Min
[ 88 of 228] Compiling Data.Monoid.Alternate
[ 90 of 228] Compiling Data.String.Pattern
[ 89 of 228] Compiling Data.Profunctor
[ 91 of 228] Compiling Data.Ord.Max
[ 92 of 228] Compiling Data.Profunctor.Closed
[ 93 of 228] Compiling Data.String.Common
[ 94 of 228] Compiling Data.Functor.Invariant
[ 95 of 228] Compiling Data.Functor.Compose
[ 96 of 228] Compiling Data.Maybe
[ 97 of 228] Compiling Data.Const
[ 99 of 228] Compiling Data.Identity
[ 98 of 228] Compiling Data.Tuple
[101 of 228] Compiling Data.Profunctor.Join
[100 of 228] Compiling Data.Profunctor.Split
[102 of 228] Compiling Data.Functor.Contravariant
[103 of 228] Compiling Data.Predicate
[105 of 228] Compiling Data.Op
[104 of 228] Compiling Data.Comparison
[106 of 228] Compiling Data.Equivalence
[108 of 228] Compiling Data.Maybe.First
[107 of 228] Compiling Data.Either
[109 of 228] Compiling Data.String.CodeUnits
[110 of 228] Compiling Data.Maybe.Last
[111 of 228] Compiling Data.Number
[112 of 228] Compiling Data.Number.Approximate
[113 of 228] Compiling Data.Int
[114 of 228] Compiling Data.Divide
[116 of 228] Compiling Data.Distributive
[117 of 228] Compiling Data.Profunctor.Strong
[118 of 228] Compiling Data.Profunctor.Costrong
[115 of 228] Compiling Data.Tuple.Nested
[119 of 228] Compiling Control.Monad.Writer.Class
[120 of 228] Compiling Control.Monad.State.Class
[121 of 228] Compiling Data.Divisible
[122 of 228] Compiling Data.Decide
[123 of 228] Compiling Data.Bifunctor
[124 of 228] Compiling Data.Profunctor.Cochoice
[126 of 228] Compiling Data.Profunctor.Choice
[128 of 228] Compiling Data.Either.Inject
[127 of 228] Compiling Effect.Exception
[125 of 228] Compiling Data.Either.Nested
[130 of 228] Compiling Effect.Exception.Unsafe
[129 of 228] Compiling Control.Monad.Error.Class
[131 of 228] Compiling Control.Biapply
[133 of 228] Compiling Data.Profunctor.Star
[132 of 228] Compiling Control.Monad.Rec.Class
[134 of 228] Compiling Data.Functor.Costar
[135 of 228] Compiling Data.Functor.Product
[136 of 228] Compiling Data.Functor.Coproduct
[137 of 228] Compiling Data.Decidable
[138 of 228] Compiling Control.Biapplicative
[139 of 228] Compiling Data.Bifunctor.Join
[140 of 228] Compiling Data.Functor.Joker
[141 of 228] Compiling Data.Functor.Product2
[142 of 228] Compiling Data.Functor.Clown
[143 of 228] Compiling Data.Functor.Flip
[144 of 228] Compiling Data.Functor.Product.Nested
[145 of 228] Compiling Data.Functor.Coproduct.Inject
[146 of 228] Compiling Data.Functor.Coproduct.Nested
[147 of 228] Compiling Data.FunctorWithIndex
[148 of 228] Compiling Data.Foldable
[149 of 228] Compiling Control.Monad.ST.Internal
[150 of 228] Compiling Control.Monad.ST.Ref
[151 of 228] Compiling Control.Monad.ST
[152 of 228] Compiling Control.Monad.ST.Uncurried
[153 of 228] Compiling Control.Monad.ST.Global
[154 of 228] Compiling Control.Monad.ST.Class
[155 of 228] Compiling Control.Monad.Maybe.Trans
[156 of 228] Compiling Control.Monad.RWS.Trans
[157 of 228] Compiling Control.Monad.Reader.Trans
[158 of 228] Compiling Control.Monad.Except.Trans
[159 of 228] Compiling Control.Monad.Cont.Trans
[160 of 228] Compiling Control.Monad.State.Trans
[161 of 228] Compiling Control.Monad.Writer.Trans
[162 of 228] Compiling Data.Array.ST
[163 of 228] Compiling Data.Array.ST.Iterator
[164 of 228] Compiling Data.Array.ST.Partial
[165 of 228] Compiling Control.Monad.Cont
[166 of 228] Compiling Control.Monad.Reader
[167 of 228] Compiling Control.Monad.State
[168 of 228] Compiling Control.Monad.Writer
[169 of 228] Compiling Control.Monad.Except
[170 of 228] Compiling Data.Bifoldable
[171 of 228] Compiling Data.Traversable
[172 of 228] Compiling Data.Semigroup.Foldable
[173 of 228] Compiling Data.FoldableWithIndex
[174 of 228] Compiling Control.Monad.RWS
[175 of 228] Compiling Data.Semigroup.Traversable
[176 of 228] Compiling Control.Monad.Identity.Trans
[177 of 228] Compiling Data.Bitraversable
[178 of 228] Compiling Data.Unfoldable1
[179 of 228] Compiling Control.Comonad.Trans.Class
[180 of 228] Compiling Data.TraversableWithIndex
[181 of 228] Compiling Control.Comonad.Store.Trans
[182 of 228] Compiling Control.Comonad.Traced.Trans
[183 of 228] Compiling Data.Unfoldable
[184 of 228] Compiling Control.Monad.Gen
[185 of 228] Compiling Data.Enum
[186 of 228] Compiling Data.NonEmpty
[187 of 228] Compiling Data.Lazy
[188 of 228] Compiling Data.Array.NonEmpty.Internal
[189 of 228] Compiling Control.Comonad.Env.Trans
[190 of 228] Compiling Data.Array
[191 of 228] Compiling Data.Char
[192 of 228] Compiling Data.Enum.Generic
[193 of 228] Compiling Control.Comonad.Store.Class
[194 of 228] Compiling Control.Monad.List.Trans
[195 of 228] Compiling Control.Monad.Gen.Common
[196 of 228] Compiling Data.List.Lazy.Types
[197 of 228] Compiling Data.Char.Gen
[198 of 228] Compiling Data.Enum.Gen
[199 of 228] Compiling Data.List.Types
[200 of 228] Compiling Control.Comonad.Store
[201 of 228] Compiling Control.Comonad.Env.Class
[202 of 228] Compiling Data.String.Gen
[203 of 228] Compiling Control.Comonad.Env
[204 of 228] Compiling Control.Comonad.Traced.Class
[205 of 228] Compiling Control.Comonad.Traced
[208 of 228] Compiling Data.Array.Partial
[206 of 228] Compiling Data.String.CodePoints
[207 of 228] Compiling Data.Array.NonEmpty
[209 of 228] Compiling Data.List.Internal
[210 of 228] Compiling Data.String
[211 of 228] Compiling Data.String.NonEmpty.Internal
[212 of 228] Compiling Data.String.CaseInsensitive
[213 of 228] Compiling Data.String.Regex.Flags
[215 of 228] Compiling Data.List.Lazy
[214 of 228] Compiling Data.List
[216 of 228] Compiling Data.String.NonEmpty.CodeUnits
[218 of 228] Compiling Data.String.Regex
[217 of 228] Compiling Data.String.NonEmpty.CodePoints
[219 of 228] Compiling Data.String.Regex.Unsafe
[220 of 228] Compiling Data.String.NonEmpty
[221 of 228] Compiling Data.String.NonEmpty.CaseInsensitive
[223 of 228] Compiling Data.List.ZipList
[222 of 228] Compiling Data.List.Lazy.NonEmpty
[225 of 228] Compiling Data.List.Partial
[224 of 228] Compiling Data.List.NonEmpty
[226 of 228] Compiling Foreign
[228 of 228] Compiling Foreign.Keys
[227 of 228] Compiling Foreign.Index
           Src   Lib   All
Warnings     0     0     0
Errors       0     0     0
Generating PHP code for Control.Semigroupoid (Total AST Nodes: 3)
Generating PHP code for Control.Category (Total AST Nodes: 2)
Generating PHP code for Data.Boolean (Total AST Nodes: 1)
Generating PHP code for Type.Proxy (Total AST Nodes: 1)
Generating PHP code for Data.Symbol (Total AST Nodes: 2)
Generating PHP code for Data.Unit (Total AST Nodes: 0)
Generating PHP code for Record.Unsafe (Total AST Nodes: 0)
Generating PHP code for Data.HeytingAlgebra (Total AST Nodes: 19)
Generating PHP code for Data.Void (Total AST Nodes: 1)
Generating PHP code for Data.Eq (Total AST Nodes: 18)
Generating PHP code for Data.Semigroup (Total AST Nodes: 11)
Generating PHP code for Data.Show (Total AST Nodes: 15)
Generating PHP code for Data.Ordering (Total AST Nodes: 7)
Generating PHP code for Data.Semiring (Total AST Nodes: 16)
Generating PHP code for Data.Ring (Total AST Nodes: 11)
Generating PHP code for Data.Ord (Total AST Nodes: 28)
Generating PHP code for Data.Function (Total AST Nodes: 6)
Generating PHP code for Data.Functor (Total AST Nodes: 9)
Generating PHP code for Control.Alt (Total AST Nodes: 2)
Generating PHP code for Control.Apply (Total AST Nodes: 10)
Generating PHP code for Control.Applicative (Total AST Nodes: 7)
Generating PHP code for Control.Plus (Total AST Nodes: 2)
Generating PHP code for Control.Alternative (Total AST Nodes: 2)
Generating PHP code for Data.BooleanAlgebra (Total AST Nodes: 7)
Generating PHP code for Data.Bounded (Total AST Nodes: 14)
Generating PHP code for Data.CommutativeRing (Total AST Nodes: 8)
Generating PHP code for Data.EuclideanRing (Total AST Nodes: 7)
Generating PHP code for Control.Bind (Total AST Nodes: 12)
Generating PHP code for Control.Monad (Total AST Nodes: 7)
Generating PHP code for Data.Monoid (Total AST Nodes: 12)
Generating PHP code for Data.DivisionRing (Total AST Nodes: 4)
Generating PHP code for Data.Field (Total AST Nodes: 1)
Generating PHP code for Data.NaturalTransformation (Total AST Nodes: 0)
Generating PHP code for Prelude (Total AST Nodes: 0)
Generating PHP code for Data.Monoid.Additive (Total AST Nodes: 14)
Generating PHP code for Control.Extend (Total AST Nodes: 7)
Generating PHP code for Control.Comonad (Total AST Nodes: 1)
Generating PHP code for Data.Monoid.Conj (Total AST Nodes: 15)
Generating PHP code for Data.Monoid.Disj (Total AST Nodes: 15)
Generating PHP code for Data.Monoid.Dual (Total AST Nodes: 14)
Generating PHP code for Data.Monoid.Endo (Total AST Nodes: 7)
Generating PHP code for Data.Monoid.Multiplicative (Total AST Nodes: 14)
Generating PHP code for Data.Semigroup.First (Total AST Nodes: 13)
Generating PHP code for Data.Semigroup.Last (Total AST Nodes: 13)
Generating PHP code for Unsafe.Coerce (Total AST Nodes: 0)
Generating PHP code for Safe.Coerce (Total AST Nodes: 1)
Generating PHP code for Data.Newtype (Total AST Nodes: 24)
Generating PHP code for Data.Monoid.Alternate (Total AST Nodes: 20)
Generating PHP code for Data.Functor.Invariant (Total AST Nodes: 11)
Generating PHP code for Data.Const (Total AST Nodes: 21)
Generating PHP code for Data.Generic.Rep (Total AST Nodes: 14)
Generating PHP code for Data.Maybe (Total AST Nodes: 30)
Generating PHP code for Data.Either (Total AST Nodes: 30)
Generating PHP code for Control.Lazy (Total AST Nodes: 4)
Generating PHP code for Data.Tuple (Total AST Nodes: 30)
Generating PHP code for Data.Bifunctor (Total AST Nodes: 7)
Generating PHP code for Control.Biapply (Total AST Nodes: 6)
Generating PHP code for Control.Biapplicative (Total AST Nodes: 2)
Generating PHP code for Control.Monad.Cont.Class (Total AST Nodes: 1)
Generating PHP code for Effect (Total AST Nodes: 7)
Generating PHP code for Effect.Exception (Total AST Nodes: 4)
Generating PHP code for Control.Monad.Error.Class (Total AST Nodes: 13)
Generating PHP code for Control.Monad.Reader.Class (Total AST Nodes: 5)
Generating PHP code for Data.Identity (Total AST Nodes: 26)
Generating PHP code for Effect.Ref (Total AST Nodes: 4)
Generating PHP code for Partial (Total AST Nodes: 2)
Generating PHP code for Partial.Unsafe (Total AST Nodes: 2)
Generating PHP code for Control.Monad.Rec.Class (Total AST Nodes: 20)
Generating PHP code for Control.Monad.ST.Internal (Total AST Nodes: 10)
Generating PHP code for Control.Monad.ST (Total AST Nodes: 0)
Generating PHP code for Control.Monad.ST.Global (Total AST Nodes: 1)
Generating PHP code for Control.Monad.ST.Class (Total AST Nodes: 3)
Generating PHP code for Control.Monad.State.Class (Total AST Nodes: 6)
Generating PHP code for Control.Monad.Trans.Class (Total AST Nodes: 1)
Generating PHP code for Control.Monad.Writer.Class (Total AST Nodes: 5)
Generating PHP code for Control.MonadPlus (Total AST Nodes: 1)
Generating PHP code for Data.Functor.App (Total AST Nodes: 24)
Generating PHP code for Data.Functor.Compose (Total AST Nodes: 14)
Generating PHP code for Data.Functor.Coproduct (Total AST Nodes: 14)
Generating PHP code for Data.Functor.Product (Total AST Nodes: 14)
Generating PHP code for Data.Maybe.First (Total AST Nodes: 20)
Generating PHP code for Data.Maybe.Last (Total AST Nodes: 20)
Generating PHP code for Data.Foldable (Total AST Nodes: 53)
Generating PHP code for Data.Traversable.Accum (Total AST Nodes: 0)
Generating PHP code for Data.Traversable.Accum.Internal (Total AST Nodes: 10)
Generating PHP code for Data.Traversable (Total AST Nodes: 26)
Generating PHP code for Effect.Class (Total AST Nodes: 2)
Generating PHP code for Control.Monad.Identity.Trans (Total AST Nodes: 33)
Generating PHP code for Control.Comonad.Trans.Class (Total AST Nodes: 2)
Generating PHP code for Data.FunctorWithIndex (Total AST Nodes: 19)
Generating PHP code for Data.FoldableWithIndex (Total AST Nodes: 35)
Generating PHP code for Data.TraversableWithIndex (Total AST Nodes: 25)
Generating PHP code for Control.Comonad.Env.Trans (Total AST Nodes: 14)
Generating PHP code for Control.Comonad.Store.Trans (Total AST Nodes: 7)
Generating PHP code for Control.Comonad.Traced.Trans (Total AST Nodes: 7)
Generating PHP code for Control.Comonad.Store.Class (Total AST Nodes: 9)
Generating PHP code for Control.Comonad.Store (Total AST Nodes: 2)
Generating PHP code for Control.Comonad.Env.Class (Total AST Nodes: 11)
Generating PHP code for Control.Comonad.Env (Total AST Nodes: 4)
Generating PHP code for Control.Comonad.Traced.Class (Total AST Nodes: 10)
Generating PHP code for Control.Comonad.Traced (Total AST Nodes: 2)
Generating PHP code for Control.Monad.Cont.Trans (Total AST Nodes: 19)
Generating PHP code for Control.Monad.Cont (Total AST Nodes: 4)
Generating PHP code for Control.Monad.Except.Trans (Total AST Nodes: 29)
Generating PHP code for Control.Monad.Except (Total AST Nodes: 3)
Generating PHP code for Control.Monad.Gen.Class (Total AST Nodes: 5)
Generating PHP code for Data.Ord.Max (Total AST Nodes: 7)
Generating PHP code for Data.Ord.Min (Total AST Nodes: 7)
Generating PHP code for Data.Semigroup.Foldable (Total AST Nodes: 29)
Generating PHP code for Data.Semigroup.Traversable (Total AST Nodes: 8)
Generating PHP code for Data.Unfoldable1 (Total AST Nodes: 8)
Generating PHP code for Data.Unfoldable (Total AST Nodes: 7)
Generating PHP code for Control.Monad.Gen (Total AST Nodes: 12)
Generating PHP code for Data.NonEmpty (Total AST Nodes: 21)
Generating PHP code for Control.Monad.Gen.Common (Total AST Nodes: 7)
Generating PHP code for Data.Lazy (Total AST Nodes: 30)
Generating PHP code for Control.Monad.List.Trans (Total AST Nodes: 52)
Generating PHP code for Control.Monad.Maybe.Trans (Total AST Nodes: 27)
Generating PHP code for Control.Monad.RWS.Trans (Total AST Nodes: 30)
Generating PHP code for Control.Monad.RWS (Total AST Nodes: 6)
Generating PHP code for Type.Equality (Total AST Nodes: 4)
Generating PHP code for Data.Distributive (Total AST Nodes: 8)
Generating PHP code for Control.Monad.Reader.Trans (Total AST Nodes: 29)
Generating PHP code for Control.Monad.Reader (Total AST Nodes: 3)
Generating PHP code for Control.Monad.ST.Ref (Total AST Nodes: 0)
Generating PHP code for Control.Monad.ST.Uncurried (Total AST Nodes: 0)
Generating PHP code for Control.Monad.State.Trans (Total AST Nodes: 31)
Generating PHP code for Control.Monad.State (Total AST Nodes: 5)
Generating PHP code for Control.Monad.Writer.Trans (Total AST Nodes: 28)
Generating PHP code for Control.Monad.Writer (Total AST Nodes: 4)
Generating PHP code for Data.Function.Uncurried (Total AST Nodes: 2)
Generating PHP code for Data.Array.NonEmpty.Internal (Total AST Nodes: 21)
Generating PHP code for Data.Array.ST (Total AST Nodes: 22)
Generating PHP code for Data.Array.ST.Iterator (Total AST Nodes: 8)
Generating PHP code for Data.Array (Total AST Nodes: 86)
Generating PHP code for Data.Array.NonEmpty (Total AST Nodes: 106)
Generating PHP code for Data.Array.Partial (Total AST Nodes: 4)
Generating PHP code for Data.Array.ST.Partial (Total AST Nodes: 2)
Generating PHP code for Data.Functor.Contravariant (Total AST Nodes: 5)
Generating PHP code for Data.Profunctor (Total AST Nodes: 7)
Generating PHP code for Data.Functor.Clown (Total AST Nodes: 11)
Generating PHP code for Data.Functor.Flip (Total AST Nodes: 12)
Generating PHP code for Data.Profunctor.Choice (Total AST Nodes: 5)
Generating PHP code for Data.Functor.Joker (Total AST Nodes: 16)
Generating PHP code for Data.Functor.Product2 (Total AST Nodes: 9)
Generating PHP code for Data.Bifoldable (Total AST Nodes: 20)
Generating PHP code for Data.Bifunctor.Join (Total AST Nodes: 8)
Generating PHP code for Data.Bitraversable (Total AST Nodes: 16)
Generating PHP code for Data.Bounded.Generic (Total AST Nodes: 14)
Generating PHP code for Data.Enum (Total AST Nodes: 35)
Generating PHP code for Data.Char (Total AST Nodes: 2)
Generating PHP code for Data.Char.Gen (Total AST Nodes: 7)
Generating PHP code for Data.Comparison (Total AST Nodes: 6)
Generating PHP code for Data.Equivalence (Total AST Nodes: 7)
Generating PHP code for Data.Op (Total AST Nodes: 7)
Generating PHP code for Data.Predicate (Total AST Nodes: 5)
Generating PHP code for Data.Divide (Total AST Nodes: 6)
Generating PHP code for Data.Decide (Total AST Nodes: 6)
Generating PHP code for Data.Divisible (Total AST Nodes: 5)
Generating PHP code for Data.Decidable (Total AST Nodes: 6)
Generating PHP code for Data.Either.Inject (Total AST Nodes: 5)
Generating PHP code for Data.Either.Nested (Total AST Nodes: 30)
Generating PHP code for Data.Enum.Gen (Total AST Nodes: 1)
Generating PHP code for Data.Enum.Generic (Total AST Nodes: 20)
Generating PHP code for Data.Eq.Generic (Total AST Nodes: 8)
Generating PHP code for Data.Exists (Total AST Nodes: 2)
Generating PHP code for Data.Functor.Coproduct.Inject (Total AST Nodes: 5)
Generating PHP code for Data.Functor.Coproduct.Nested (Total AST Nodes: 30)
Generating PHP code for Data.Profunctor.Closed (Total AST Nodes: 2)
Generating PHP code for Data.Profunctor.Strong (Total AST Nodes: 5)
Generating PHP code for Data.Functor.Costar (Total AST Nodes: 16)
Generating PHP code for Data.Functor.Product.Nested (Total AST Nodes: 20)
Generating PHP code for Data.HeytingAlgebra.Generic (Total AST Nodes: 16)
Generating PHP code for Data.Int.Bits (Total AST Nodes: 0)
Generating PHP code for Data.Number (Total AST Nodes: 10)
Generating PHP code for Data.Int (Total AST Nodes: 28)
Generating PHP code for Data.List.Types (Total AST Nodes: 53)
Generating PHP code for Data.List.Internal (Total AST Nodes: 12)
Generating PHP code for Data.List (Total AST Nodes: 74)
Generating PHP code for Data.List.Lazy.Types (Total AST Nodes: 59)
Generating PHP code for Data.List.Lazy (Total AST Nodes: 73)
Generating PHP code for Data.List.Lazy.NonEmpty (Total AST Nodes: 16)
Generating PHP code for Data.List.NonEmpty (Total AST Nodes: 60)
Generating PHP code for Data.List.Partial (Total AST Nodes: 4)
Generating PHP code for Data.List.ZipList (Total AST Nodes: 16)
Generating PHP code for Data.Monoid.Generic (Total AST Nodes: 6)
Generating PHP code for Data.Number.Approximate (Total AST Nodes: 6)
Generating PHP code for Data.Number.Format (Total AST Nodes: 7)
Generating PHP code for Data.Ord.Down (Total AST Nodes: 6)
Generating PHP code for Data.Ord.Generic (Total AST Nodes: 8)
Generating PHP code for Data.Profunctor.Cochoice (Total AST Nodes: 2)
Generating PHP code for Data.Profunctor.Costrong (Total AST Nodes: 2)
Generating PHP code for Data.Profunctor.Join (Total AST Nodes: 8)
Generating PHP code for Data.Profunctor.Split (Total AST Nodes: 8)
Generating PHP code for Data.Profunctor.Star (Total AST Nodes: 20)
Generating PHP code for Data.Reflectable (Total AST Nodes: 6)
Generating PHP code for Data.Ring.Generic (Total AST Nodes: 6)
Generating PHP code for Data.Semigroup.Generic (Total AST Nodes: 7)
Generating PHP code for Data.Semiring.Generic (Total AST Nodes: 12)
Generating PHP code for Data.Show.Generic (Total AST Nodes: 9)
Generating PHP code for Data.String.Pattern (Total AST Nodes: 10)
Generating PHP code for Data.String.Unsafe (Total AST Nodes: 0)
Generating PHP code for Data.String.CodeUnits (Total AST Nodes: 16)
Generating PHP code for Data.String.Common (Total AST Nodes: 2)
Generating PHP code for Data.String.CodePoints (Total AST Nodes: 33)
Generating PHP code for Data.String (Total AST Nodes: 0)
Generating PHP code for Data.String.CaseInsensitive (Total AST Nodes: 5)
Generating PHP code for Data.String.Gen (Total AST Nodes: 8)
Generating PHP code for Data.String.NonEmpty.Internal (Total AST Nodes: 33)
Generating PHP code for Data.String.NonEmpty.CodePoints (Total AST Nodes: 23)
Generating PHP code for Data.String.NonEmpty (Total AST Nodes: 0)
Generating PHP code for Data.String.NonEmpty.CaseInsensitive (Total AST Nodes: 5)
Generating PHP code for Data.String.NonEmpty.CodeUnits (Total AST Nodes: 26)
Generating PHP code for Data.String.Regex.Flags (Total AST Nodes: 14)
Generating PHP code for Data.String.Regex (Total AST Nodes: 8)
Generating PHP code for Data.String.Regex.Unsafe (Total AST Nodes: 1)
Generating PHP code for Data.Tuple.Nested (Total AST Nodes: 50)
Generating PHP code for Effect.Console (Total AST Nodes: 6)
Generating PHP code for Effect.Class.Console (Total AST Nodes: 18)
Generating PHP code for Effect.Unsafe (Total AST Nodes: 0)
Generating PHP code for Effect.Exception.Unsafe (Total AST Nodes: 2)
Generating PHP code for Effect.Uncurried (Total AST Nodes: 20)
Generating PHP code for Foreign (Total AST Nodes: 21)
Generating PHP code for Foreign.Index (Total AST Nodes: 14)
Generating PHP code for Foreign.Keys (Total AST Nodes: 1)
Generating PHP code for Test.Assert (Total AST Nodes: 10)
Generating PHP code for Main (Total AST Nodes: 8)
Generating PHP code for Spago.Generated.BuildInfo (Total AST Nodes: 3)
Writing main.mod.php for Main
Done
