node:internal/modules/run_main:107
    triggerUncaughtException(
    ^

AssertionError [ERR_ASSERTION]: PHP Fatal error:  Uncaught RuntimeException: Captured functions must retain the Closure FFI contract in Standard input code:152
Stack trace:
#0 {main}
  thrown in Standard input code on line 152


255 !== 0

    at file:///Users/0x1/Documents/htdocs/phpurs/phpurs/tests/codegen/unary-callables.mjs:58:8
    at ModuleJob.run (node:internal/modules/esm/module_job:371:25)
    at async onImport.tracePromise.__proto__ (node:internal/modules/esm/loader:702:26)
    at async asyncRunEntryPointWithESMLoader (node:internal/modules/run_main:101:5) {
  generatedMessage: false,
  code: 'ERR_ASSERTION',
  actual: 255,
  expected: 0,
  operator: 'strictEqual',
  diff: 'simple'
}

Node.js v24.8.0
