=== Rebuilding phpurs backend ===

> phpurs@0.1.0 build
> spago build && spago bundle --module Main --platform node --outfile bin/phpurs.js --bundle-type app

Reading Spago workspace configuration...

✓ Selecting package to build: phpurs

Downloading dependencies...
Building...
           Src   Lib   All
Warnings     0     0     0
Errors       0     0     0

✓ Build succeeded.

Reading Spago workspace configuration...

✓ Selecting package to build: phpurs

Downloading dependencies...
Building...
           Src   Lib   All
Warnings     0     0     0
Errors       0     0     0

✓ Build succeeded.

Bundling...

  bin/phpurs.js  1.1mb ⚠️

⚡ Done in 43ms

✓ Bundle succeeded.

Building...
Reading Spago workspace configuration...

✓ Selecting package to build: ps-php-test

Downloading dependencies...
Building...
[  4 of 299] Compiling Partial
[  1 of 299] Compiling Type.Equality
[  5 of 299] Compiling Type.Proxy
[  3 of 299] Compiling Spago.Generated.BuildInfo
[  2 of 299] Compiling Unsafe.Coerce
[  6 of 299] Compiling Data.Unit
[  7 of 299] Compiling Data.NaturalTransformation
[  8 of 299] Compiling Data.String.Unsafe
[  9 of 299] Compiling Data.Traversable.Accum
[ 10 of 299] Compiling Data.Void
[ 11 of 299] Compiling Data.Int.Bits
[ 12 of 299] Compiling Record.Unsafe
[ 13 of 299] Compiling Control.Semigroupoid
[ 14 of 299] Compiling Data.Boolean
[ 16 of 299] Compiling Control.Lazy
[ 17 of 299] Compiling Partial.Unsafe
[ 18 of 299] Compiling Data.Exists
[ 15 of 299] Compiling Data.Function.Uncurried
[ 19 of 299] Compiling Safe.Coerce
[ 20 of 299] Compiling Control.Category
[ 21 of 299] Compiling Data.Symbol
[ 22 of 299] Compiling Data.Semiring
[ 23 of 299] Compiling Data.HeytingAlgebra
[ 24 of 299] Compiling Data.Semigroup
[ 25 of 299] Compiling Data.Show
[ 26 of 299] Compiling Data.Ring
[ 27 of 299] Compiling Data.Generic.Rep
[ 29 of 299] Compiling Data.BooleanAlgebra
[ 28 of 299] Compiling Data.Eq
[ 30 of 299] Compiling Data.CommutativeRing
[ 31 of 299] Compiling Data.Ordering
[ 32 of 299] Compiling Data.EuclideanRing
[ 33 of 299] Compiling Data.Ord
[ 34 of 299] Compiling Data.DivisionRing
[ 35 of 299] Compiling Data.Field
[ 36 of 299] Compiling Data.Bounded
[ 37 of 299] Compiling Data.Monoid
[ 39 of 299] Compiling Data.Reflectable
[ 38 of 299] Compiling Data.Function
[ 40 of 299] Compiling Data.Functor
[ 43 of 299] Compiling Control.Alt
[ 42 of 299] Compiling Data.Monoid.Generic
[ 44 of 299] Compiling Control.Extend
[ 41 of 299] Compiling Control.Apply
[ 45 of 299] Compiling Data.Bounded.Generic
[ 46 of 299] Compiling Control.Plus
[ 47 of 299] Compiling Control.Comonad
[ 48 of 299] Compiling Control.Applicative
[ 50 of 299] Compiling Control.Alternative
[ 49 of 299] Compiling Control.Bind
[ 51 of 299] Compiling Control.Monad
[ 52 of 299] Compiling Control.MonadPlus
[ 53 of 299] Compiling Prelude
[ 54 of 299] Compiling Data.Monoid.Additive
[ 55 of 299] Compiling Data.Monoid.Dual
[ 56 of 299] Compiling Control.Monad.Reader.Class
[ 57 of 299] Compiling Data.Semigroup.Last
[ 58 of 299] Compiling Data.Monoid.Conj
[ 59 of 299] Compiling Data.Number.Format
[ 60 of 299] Compiling Control.Monad.Trans.Class
[ 61 of 299] Compiling Data.Traversable.Accum.Internal
[ 63 of 299] Compiling Data.Semigroup.First
[ 62 of 299] Compiling Data.Semigroup.Generic
[ 64 of 299] Compiling Data.Eq.Generic
[ 65 of 299] Compiling Data.Ord.Generic
[ 67 of 299] Compiling Data.Monoid.Endo
[ 66 of 299] Compiling Data.HeytingAlgebra.Generic
[ 68 of 299] Compiling Data.Monoid.Disj
[ 69 of 299] Compiling Data.Show.Generic
[ 70 of 299] Compiling Data.Monoid.Multiplicative
[ 71 of 299] Compiling Effect
[ 74 of 299] Compiling Data.Semiring.Generic
[ 72 of 299] Compiling Data.Ring.Generic
[ 73 of 299] Compiling Control.Monad.Cont.Class
[ 75 of 299] Compiling Control.Monad.Gen.Class
[ 76 of 299] Compiling Effect.Class
[ 77 of 299] Compiling Effect.Unsafe
[ 78 of 299] Compiling Test.Main
[ 79 of 299] Compiling Effect.Console
[ 80 of 299] Compiling Effect.Ref
[ 81 of 299] Compiling Effect.Uncurried
[ 82 of 299] Compiling Data.Newtype
[ 85 of 299] Compiling Bench
[ 84 of 299] Compiling Test.TC
[ 83 of 299] Compiling Effect.Class.Console
[ 86 of 299] Compiling Data.Ord.Down
[ 87 of 299] Compiling Data.Profunctor
[ 88 of 299] Compiling Data.Time.Duration
[ 89 of 299] Compiling Data.Monoid.Alternate
[ 90 of 299] Compiling Data.Functor.App
[ 91 of 299] Compiling Data.Ord.Max
[ 92 of 299] Compiling Data.Ord.Min
[ 93 of 299] Compiling Data.String.Pattern
[ 94 of 299] Compiling Test.TCO
[ 95 of 299] Compiling Test.RecordsFFICheatcode
[ 96 of 299] Compiling Test.FibFFI
[ 98 of 299] Compiling Test.LazyEvaluationFFI
[ 97 of 299] Compiling Test.ListOpsFFICheatcode
[ 99 of 299] Compiling Test.Ackermann
[100 of 299] Compiling Test.Records
[102 of 299] Compiling Test.Church
[103 of 299] Compiling Test.PolymorphismFFICheatcode
[104 of 299] Compiling Test.FibFFICheatcode
[105 of 299] Compiling Test.StateMonadFFI
[106 of 299] Compiling Test.AstTreeFFI
[107 of 299] Compiling Test.TCOFFI
[108 of 299] Compiling Test.AckermannFFICheatcode
[101 of 299] Compiling Test.ListOpsFFI
[109 of 299] Compiling Test.Primes
[111 of 299] Compiling Test.AstTree
[110 of 299] Compiling Test.StateMonad
[113 of 299] Compiling Test.PolymorphismFFI
[112 of 299] Compiling Test.AstTreeFFICheatcode
[115 of 299] Compiling Test.ArrayOpsFFI
[116 of 299] Compiling Test.RBTreeFFI
[114 of 299] Compiling Test.LazyEvaluationFFICheatcode
[117 of 299] Compiling Test.StateMonadFFICheatcode
[118 of 299] Compiling Test.Fib
[119 of 299] Compiling Test.RowToListFFICheatcode
[120 of 299] Compiling Test.PrimesFFICheatcode
[122 of 299] Compiling Test.PrimesFFI
[124 of 299] Compiling Test.ArrayOpsFFICheatcode
[125 of 299] Compiling Test.LazyEvaluation
[123 of 299] Compiling Test.RecordsFFI
[126 of 299] Compiling Test.Polymorphism
[127 of 299] Compiling Test.ChurchFFICheatcode
[128 of 299] Compiling Test.RowToListFFI
[129 of 299] Compiling Test.ListOps
[130 of 299] Compiling Test.RBTree
[121 of 299] Compiling Test.TCOFFICheatcode
[131 of 299] Compiling Test.RowToList
[132 of 299] Compiling Test.ChurchFFI
[135 of 299] Compiling Data.String.Common
[133 of 299] Compiling Test.RBTreeFFICheatcode
[136 of 299] Compiling Data.Profunctor.Closed
[137 of 299] Compiling Data.Functor.Invariant
[134 of 299] Compiling Test.AckermannFFI
[138 of 299] Compiling Data.Functor.Compose
[139 of 299] Compiling AppFFICheatcode
[140 of 299] Compiling AppFFI
[141 of 299] Compiling Data.Maybe
[142 of 299] Compiling Data.Tuple
[143 of 299] Compiling Data.Const
[145 of 299] Compiling Data.Profunctor.Join
[144 of 299] Compiling Data.Profunctor.Split
[146 of 299] Compiling Data.Identity
[147 of 299] Compiling Data.Functor.Contravariant
[148 of 299] Compiling Data.Predicate
[149 of 299] Compiling Data.Comparison
[150 of 299] Compiling Data.Op
[151 of 299] Compiling Data.Either
[152 of 299] Compiling Data.String.CodeUnits
[153 of 299] Compiling Data.Maybe.Last
[154 of 299] Compiling Data.Maybe.First
[155 of 299] Compiling Data.Number
[156 of 299] Compiling Data.Equivalence
[158 of 299] Compiling Data.Number.Approximate
[157 of 299] Compiling Data.Int
[159 of 299] Compiling Data.Divide
[160 of 299] Compiling Data.Profunctor.Strong
[161 of 299] Compiling Data.Distributive
[162 of 299] Compiling Control.Monad.Writer.Class
[164 of 299] Compiling Data.Profunctor.Costrong
[163 of 299] Compiling Control.Monad.State.Class
[165 of 299] Compiling Data.Tuple.Nested
[166 of 299] Compiling Data.Divisible
[167 of 299] Compiling Data.Bifunctor
[168 of 299] Compiling Data.Decide
[169 of 299] Compiling Effect.Exception
[170 of 299] Compiling Data.Profunctor.Choice
[171 of 299] Compiling Data.Either.Inject
[172 of 299] Compiling Data.Profunctor.Cochoice
[173 of 299] Compiling Data.Either.Nested
[174 of 299] Compiling Effect.Exception.Unsafe
[175 of 299] Compiling Control.Monad.Error.Class
[176 of 299] Compiling Control.Monad.Rec.Class
[177 of 299] Compiling Data.Functor.Product
[178 of 299] Compiling Data.Functor.Costar
[179 of 299] Compiling Data.Profunctor.Star
[180 of 299] Compiling Data.Functor.Coproduct
[181 of 299] Compiling Control.Biapply
[182 of 299] Compiling Data.Decidable
[183 of 299] Compiling Control.Biapplicative
[184 of 299] Compiling Data.Bifunctor.Join
[185 of 299] Compiling Data.Functor.Flip
[186 of 299] Compiling Data.Functor.Joker
[187 of 299] Compiling Data.Functor.Product2
[188 of 299] Compiling Data.Functor.Clown
[190 of 299] Compiling Data.Functor.Coproduct.Inject
[189 of 299] Compiling Data.Functor.Coproduct.Nested
[191 of 299] Compiling Data.FunctorWithIndex
[192 of 299] Compiling Data.Foldable
[193 of 299] Compiling Data.Functor.Product.Nested
[194 of 299] Compiling Control.Monad.ST.Internal
[195 of 299] Compiling Control.Monad.ST.Ref
[197 of 299] Compiling Control.Monad.ST
[196 of 299] Compiling Control.Monad.ST.Uncurried
[198 of 299] Compiling Control.Monad.ST.Global
[199 of 299] Compiling Control.Monad.ST.Class
[200 of 299] Compiling Control.Monad.Except.Trans
[201 of 299] Compiling Control.Monad.Reader.Trans
[202 of 299] Compiling Control.Monad.RWS.Trans
[203 of 299] Compiling Control.Monad.State.Trans
[204 of 299] Compiling Control.Monad.Maybe.Trans
[205 of 299] Compiling Control.Monad.Cont.Trans
[206 of 299] Compiling Control.Monad.Writer.Trans
[207 of 299] Compiling Data.Array.ST
[208 of 299] Compiling Data.Array.ST.Partial
[209 of 299] Compiling Data.Array.ST.Iterator
[210 of 299] Compiling Control.Monad.Cont
[211 of 299] Compiling Control.Monad.Reader
[212 of 299] Compiling Control.Monad.Except
[213 of 299] Compiling Control.Monad.State
[214 of 299] Compiling Control.Parallel.Class
[215 of 299] Compiling Control.Monad.Writer
[217 of 299] Compiling Data.Bifoldable
[216 of 299] Compiling Data.FoldableWithIndex
[218 of 299] Compiling Control.Monad.RWS
[219 of 299] Compiling Data.Traversable
[220 of 299] Compiling Data.Semigroup.Foldable
[221 of 299] Compiling Data.Bitraversable
[222 of 299] Compiling Control.Monad.Identity.Trans
[224 of 299] Compiling Data.Semigroup.Traversable
[223 of 299] Compiling Control.Parallel
[225 of 299] Compiling Effect.Aff
[226 of 299] Compiling Data.Unfoldable1
[227 of 299] Compiling Data.TraversableWithIndex
[228 of 299] Compiling Control.Comonad.Trans.Class
[230 of 299] Compiling Control.Comonad.Traced.Trans
[229 of 299] Compiling Control.Comonad.Store.Trans
[231 of 299] Compiling Data.Unfoldable
[233 of 299] Compiling Control.Monad.Gen
[232 of 299] Compiling Data.Enum
[234 of 299] Compiling Data.NonEmpty
[235 of 299] Compiling Control.Comonad.Env.Trans
[237 of 299] Compiling Data.Array.NonEmpty.Internal
[236 of 299] Compiling Data.Lazy
[238 of 299] Compiling Data.Time.Duration.Gen
[239 of 299] Compiling Effect.Aff.Compat
[240 of 299] Compiling Data.Array
[241 of 299] Compiling Data.Time.Component
[242 of 299] Compiling Data.Char
[243 of 299] Compiling Data.Date.Component
[244 of 299] Compiling Data.Enum.Generic
[245 of 299] Compiling Control.Comonad.Store.Class
[246 of 299] Compiling Data.List.Lazy.Types
[247 of 299] Compiling Control.Monad.Gen.Common
[248 of 299] Compiling Data.Enum.Gen
[250 of 299] Compiling Data.List.Types
[251 of 299] Compiling Data.Char.Gen
[249 of 299] Compiling Control.Monad.List.Trans
[252 of 299] Compiling Control.Comonad.Store
[253 of 299] Compiling Data.String.Gen
[254 of 299] Compiling Control.Comonad.Env.Class
[255 of 299] Compiling Data.Time
[256 of 299] Compiling Data.Time.Component.Gen
[257 of 299] Compiling Data.Date
[258 of 299] Compiling Data.Date.Component.Gen
[259 of 299] Compiling Control.Comonad.Env
[260 of 299] Compiling Control.Comonad.Traced.Class
[261 of 299] Compiling Data.Time.Gen
[262 of 299] Compiling Control.Comonad.Traced
[264 of 299] Compiling Data.Date.Gen
[263 of 299] Compiling Data.DateTime
[265 of 299] Compiling Test.ArrayOps
[268 of 299] Compiling Data.Array.Partial
[266 of 299] Compiling Data.String.CodePoints
[267 of 299] Compiling Data.Array.NonEmpty
[270 of 299] Compiling Data.DateTime.Gen
[269 of 299] Compiling Data.DateTime.Instant
[271 of 299] Compiling App
[272 of 299] Compiling Data.List.Internal
[273 of 299] Compiling Effect.Aff.Class
[274 of 299] Compiling Effect.Now
[275 of 299] Compiling Data.List.Lazy
[276 of 299] Compiling Data.List
[277 of 299] Compiling Data.String
[278 of 299] Compiling Data.String.NonEmpty.Internal
[279 of 299] Compiling Data.String.CaseInsensitive
[280 of 299] Compiling Data.String.Regex.Flags
[281 of 299] Compiling Data.String.NonEmpty.CodeUnits
[283 of 299] Compiling Data.String.Regex
[282 of 299] Compiling Data.String.NonEmpty.CodePoints
[284 of 299] Compiling Data.String.Regex.Unsafe
[285 of 299] Compiling Data.String.NonEmpty
[286 of 299] Compiling Data.String.NonEmpty.CaseInsensitive
[287 of 299] Compiling Data.List.Partial
[290 of 299] Compiling Main
[289 of 299] Compiling Data.List.NonEmpty
[288 of 299] Compiling Data.Map.Internal
[291 of 299] Compiling Data.List.ZipList
[292 of 299] Compiling Data.List.Lazy.NonEmpty
[293 of 299] Compiling Data.Set
[294 of 299] Compiling Data.Map
[295 of 299] Compiling Data.Set.NonEmpty
[297 of 299] Compiling Data.Map.Gen
[296 of 299] Compiling Data.Interval.Duration
[299 of 299] Compiling Data.Interval
[298 of 299] Compiling Data.Interval.Duration.Iso
           Src   Lib   All
Warnings     0     0     0
Errors       0     0     0

✓ Build succeeded.

Compiling with backend "../phpurs/phpurs/bin/phpurs"
Generating PHP code for Control.Semigroupoid (Total AST Nodes: 3)
Generating PHP code for Control.Category (Total AST Nodes: 2)
Generating PHP code for Data.Boolean (Total AST Nodes: 1)
Generating PHP code for Type.Proxy (Total AST Nodes: 1)
Generating PHP code for Data.Symbol (Total AST Nodes: 2)
Generating PHP code for Data.Unit (Total AST Nodes: 0)
Generating PHP code for Record.Unsafe (Total AST Nodes: 0)
Generating PHP code for Data.HeytingAlgebra (Total AST Nodes: 19)
Generating PHP code for Data.Void (Total AST Nodes: 1)
Generating PHP code for Data.Eq (Total AST Nodes: 18)
Generating PHP code for Data.Semigroup (Total AST Nodes: 11)
Generating PHP code for Data.Show (Total AST Nodes: 15)
Generating PHP code for Data.Ordering (Total AST Nodes: 7)
Generating PHP code for Data.Semiring (Total AST Nodes: 16)
Generating PHP code for Data.Ring (Total AST Nodes: 11)
Generating PHP code for Data.Ord (Total AST Nodes: 28)
Generating PHP code for Data.Function (Total AST Nodes: 6)
Generating PHP code for Data.Functor (Total AST Nodes: 9)
Generating PHP code for Control.Apply (Total AST Nodes: 10)
Generating PHP code for Control.Applicative (Total AST Nodes: 7)
Generating PHP code for Control.Bind (Total AST Nodes: 12)
Generating PHP code for Control.Monad (Total AST Nodes: 7)
Generating PHP code for Data.BooleanAlgebra (Total AST Nodes: 7)
Generating PHP code for Data.CommutativeRing (Total AST Nodes: 8)
Generating PHP code for Data.EuclideanRing (Total AST Nodes: 7)
Generating PHP code for Data.Monoid (Total AST Nodes: 12)
Generating PHP code for Data.Bounded (Total AST Nodes: 14)
Generating PHP code for Data.DivisionRing (Total AST Nodes: 4)
Generating PHP code for Data.Field (Total AST Nodes: 1)
Generating PHP code for Data.NaturalTransformation (Total AST Nodes: 0)
Generating PHP code for Prelude (Total AST Nodes: 0)
Generating PHP code for Effect (Total AST Nodes: 7)
Generating PHP code for Effect.Console (Total AST Nodes: 6)
Generating PHP code for Bench (Total AST Nodes: 1)
Generating PHP code for Test.Ackermann (Total AST Nodes: 3)
Generating PHP code for Control.Alt (Total AST Nodes: 2)
Generating PHP code for Control.Plus (Total AST Nodes: 2)
Generating PHP code for Control.Alternative (Total AST Nodes: 2)
Generating PHP code for Control.Lazy (Total AST Nodes: 4)
Generating PHP code for Data.Monoid.Additive (Total AST Nodes: 14)
Generating PHP code for Control.Extend (Total AST Nodes: 7)
Generating PHP code for Control.Comonad (Total AST Nodes: 1)
Generating PHP code for Data.Monoid.Conj (Total AST Nodes: 15)
Generating PHP code for Data.Monoid.Disj (Total AST Nodes: 15)
Generating PHP code for Data.Monoid.Dual (Total AST Nodes: 14)
Generating PHP code for Data.Monoid.Endo (Total AST Nodes: 7)
Generating PHP code for Data.Monoid.Multiplicative (Total AST Nodes: 14)
Generating PHP code for Data.Semigroup.First (Total AST Nodes: 13)
Generating PHP code for Data.Semigroup.Last (Total AST Nodes: 13)
Generating PHP code for Unsafe.Coerce (Total AST Nodes: 0)
Generating PHP code for Safe.Coerce (Total AST Nodes: 1)
Generating PHP code for Data.Newtype (Total AST Nodes: 24)
Generating PHP code for Data.Monoid.Alternate (Total AST Nodes: 20)
Generating PHP code for Data.Functor.Invariant (Total AST Nodes: 11)
Generating PHP code for Data.Const (Total AST Nodes: 21)
Generating PHP code for Data.Generic.Rep (Total AST Nodes: 14)
Generating PHP code for Data.Maybe (Total AST Nodes: 30)
Generating PHP code for Data.Either (Total AST Nodes: 30)
Generating PHP code for Data.Tuple (Total AST Nodes: 30)
Generating PHP code for Data.Bifunctor (Total AST Nodes: 7)
Generating PHP code for Data.Identity (Total AST Nodes: 26)
Generating PHP code for Effect.Ref (Total AST Nodes: 4)
Generating PHP code for Partial (Total AST Nodes: 2)
Generating PHP code for Partial.Unsafe (Total AST Nodes: 2)
Generating PHP code for Control.Monad.Rec.Class (Total AST Nodes: 20)
Generating PHP code for Control.Monad.ST.Internal (Total AST Nodes: 10)
Generating PHP code for Control.Monad.ST (Total AST Nodes: 0)
Generating PHP code for Control.MonadPlus (Total AST Nodes: 1)
Generating PHP code for Data.Functor.App (Total AST Nodes: 24)
Generating PHP code for Data.Functor.Compose (Total AST Nodes: 14)
Generating PHP code for Data.Functor.Coproduct (Total AST Nodes: 14)
Generating PHP code for Data.Functor.Product (Total AST Nodes: 14)
Generating PHP code for Data.Maybe.First (Total AST Nodes: 20)
Generating PHP code for Data.Maybe.Last (Total AST Nodes: 20)
Generating PHP code for Data.Foldable (Total AST Nodes: 58)
Generating PHP code for Data.FunctorWithIndex (Total AST Nodes: 19)
Generating PHP code for Data.FoldableWithIndex (Total AST Nodes: 35)
Generating PHP code for Data.Function.Uncurried (Total AST Nodes: 2)
Generating PHP code for Data.Ord.Max (Total AST Nodes: 7)
Generating PHP code for Data.Ord.Min (Total AST Nodes: 7)
Generating PHP code for Data.Semigroup.Foldable (Total AST Nodes: 26)
Generating PHP code for Data.Traversable.Accum (Total AST Nodes: 0)
Generating PHP code for Data.Traversable.Accum.Internal (Total AST Nodes: 10)
Generating PHP code for Data.Traversable (Total AST Nodes: 26)
Generating PHP code for Data.Semigroup.Traversable (Total AST Nodes: 8)
Generating PHP code for Data.TraversableWithIndex (Total AST Nodes: 25)
Generating PHP code for Data.Unfoldable1 (Total AST Nodes: 8)
Generating PHP code for Data.Array.NonEmpty.Internal (Total AST Nodes: 21)
Generating PHP code for Control.Monad.ST.Uncurried (Total AST Nodes: 0)
Generating PHP code for Data.Array.ST (Total AST Nodes: 22)
Generating PHP code for Control.Monad.ST.Ref (Total AST Nodes: 0)
Generating PHP code for Data.Array.ST.Iterator (Total AST Nodes: 8)
Generating PHP code for Data.Unfoldable (Total AST Nodes: 7)
Generating PHP code for Data.Array (Total AST Nodes: 86)
Generating PHP code for Test.ArrayOps (Total AST Nodes: 5)
Generating PHP code for Test.AstTree (Total AST Nodes: 8)
Generating PHP code for Test.Church (Total AST Nodes: 12)
Generating PHP code for Test.Fib (Total AST Nodes: 3)
Generating PHP code for Test.LazyEvaluation (Total AST Nodes: 7)
Generating PHP code for Test.ListOps (Total AST Nodes: 8)
Generating PHP code for Test.Polymorphism (Total AST Nodes: 6)
Generating PHP code for Test.Primes (Total AST Nodes: 9)
Generating PHP code for Test.RBTree (Total AST Nodes: 13)
Generating PHP code for Test.Records (Total AST Nodes: 4)
Generating PHP code for Test.RowToList (Total AST Nodes: 6)
Generating PHP code for Test.StateMonad (Total AST Nodes: 11)
Generating PHP code for Test.TCO (Total AST Nodes: 3)
Generating PHP code for App (Total AST Nodes: 2)
Generating PHP code for Test.AckermannFFI (Total AST Nodes: 2)
Generating PHP code for Test.AckermannFFICheatcode (Total AST Nodes: 2)
Generating PHP code for Test.ArrayOpsFFI (Total AST Nodes: 2)
Generating PHP code for Test.ArrayOpsFFICheatcode (Total AST Nodes: 2)
Generating PHP code for Test.AstTreeFFI (Total AST Nodes: 2)
Generating PHP code for Test.AstTreeFFICheatcode (Total AST Nodes: 2)
Generating PHP code for Test.ChurchFFI (Total AST Nodes: 2)
Generating PHP code for Test.ChurchFFICheatcode (Total AST Nodes: 2)
Generating PHP code for Test.FibFFI (Total AST Nodes: 2)
Generating PHP code for Test.FibFFICheatcode (Total AST Nodes: 2)
Generating PHP code for Test.LazyEvaluationFFI (Total AST Nodes: 2)
Generating PHP code for Test.LazyEvaluationFFICheatcode (Total AST Nodes: 2)
Generating PHP code for Test.ListOpsFFI (Total AST Nodes: 2)
Generating PHP code for Test.ListOpsFFICheatcode (Total AST Nodes: 2)
Generating PHP code for Test.PolymorphismFFI (Total AST Nodes: 2)
Generating PHP code for Test.PolymorphismFFICheatcode (Total AST Nodes: 2)
Generating PHP code for Test.PrimesFFI (Total AST Nodes: 2)
Generating PHP code for Test.PrimesFFICheatcode (Total AST Nodes: 2)
Generating PHP code for Test.RBTreeFFI (Total AST Nodes: 2)
Generating PHP code for Test.RBTreeFFICheatcode (Total AST Nodes: 2)
Generating PHP code for Test.RecordsFFI (Total AST Nodes: 2)
Generating PHP code for Test.RecordsFFICheatcode (Total AST Nodes: 2)
Generating PHP code for Test.RowToListFFI (Total AST Nodes: 2)
Generating PHP code for Test.RowToListFFICheatcode (Total AST Nodes: 2)
Generating PHP code for Test.StateMonadFFI (Total AST Nodes: 2)
Generating PHP code for Test.StateMonadFFICheatcode (Total AST Nodes: 2)
Generating PHP code for Test.TCOFFI (Total AST Nodes: 2)
Generating PHP code for Test.TCOFFICheatcode (Total AST Nodes: 2)
Generating PHP code for AppFFI (Total AST Nodes: 1)
Generating PHP code for AppFFICheatcode (Total AST Nodes: 1)
Generating PHP code for Control.Biapply (Total AST Nodes: 6)
Generating PHP code for Control.Biapplicative (Total AST Nodes: 2)
Generating PHP code for Control.Monad.Cont.Class (Total AST Nodes: 1)
Generating PHP code for Effect.Exception (Total AST Nodes: 4)
Generating PHP code for Control.Monad.Error.Class (Total AST Nodes: 13)
Generating PHP code for Control.Monad.Reader.Class (Total AST Nodes: 5)
Generating PHP code for Control.Monad.ST.Global (Total AST Nodes: 1)
Generating PHP code for Control.Monad.ST.Class (Total AST Nodes: 3)
Generating PHP code for Control.Monad.State.Class (Total AST Nodes: 6)
Generating PHP code for Control.Monad.Trans.Class (Total AST Nodes: 1)
Generating PHP code for Control.Monad.Writer.Class (Total AST Nodes: 5)
Generating PHP code for Effect.Class (Total AST Nodes: 2)
Generating PHP code for Control.Monad.Identity.Trans (Total AST Nodes: 33)
Generating PHP code for Control.Comonad.Trans.Class (Total AST Nodes: 2)
Generating PHP code for Control.Comonad.Env.Trans (Total AST Nodes: 14)
Generating PHP code for Control.Comonad.Store.Trans (Total AST Nodes: 7)
Generating PHP code for Control.Comonad.Traced.Trans (Total AST Nodes: 7)
Generating PHP code for Control.Comonad.Store.Class (Total AST Nodes: 9)
Generating PHP code for Control.Comonad.Store (Total AST Nodes: 2)
Generating PHP code for Control.Comonad.Env.Class (Total AST Nodes: 11)
Generating PHP code for Control.Comonad.Env (Total AST Nodes: 4)
Generating PHP code for Control.Comonad.Traced.Class (Total AST Nodes: 10)
Generating PHP code for Control.Comonad.Traced (Total AST Nodes: 2)
Generating PHP code for Control.Monad.Cont.Trans (Total AST Nodes: 19)
Generating PHP code for Control.Monad.Cont (Total AST Nodes: 4)
Generating PHP code for Control.Monad.Except.Trans (Total AST Nodes: 29)
Generating PHP code for Control.Monad.Except (Total AST Nodes: 3)
Generating PHP code for Control.Monad.Gen.Class (Total AST Nodes: 5)
Generating PHP code for Control.Monad.Gen (Total AST Nodes: 12)
Generating PHP code for Data.NonEmpty (Total AST Nodes: 21)
Generating PHP code for Control.Monad.Gen.Common (Total AST Nodes: 7)
Generating PHP code for Data.Lazy (Total AST Nodes: 30)
Generating PHP code for Control.Monad.List.Trans (Total AST Nodes: 52)
Generating PHP code for Control.Monad.Maybe.Trans (Total AST Nodes: 27)
Generating PHP code for Control.Monad.RWS.Trans (Total AST Nodes: 30)
Generating PHP code for Control.Monad.RWS (Total AST Nodes: 6)
Generating PHP code for Type.Equality (Total AST Nodes: 4)
Generating PHP code for Data.Distributive (Total AST Nodes: 8)
Generating PHP code for Control.Monad.Reader.Trans (Total AST Nodes: 29)
Generating PHP code for Control.Monad.Reader (Total AST Nodes: 3)
Generating PHP code for Control.Monad.State.Trans (Total AST Nodes: 31)
Generating PHP code for Control.Monad.State (Total AST Nodes: 5)
Generating PHP code for Control.Monad.Writer.Trans (Total AST Nodes: 28)
Generating PHP code for Control.Monad.Writer (Total AST Nodes: 4)
Generating PHP code for Data.Functor.Contravariant (Total AST Nodes: 5)
Generating PHP code for Data.Profunctor (Total AST Nodes: 7)
Generating PHP code for Data.Profunctor.Closed (Total AST Nodes: 2)
Generating PHP code for Data.Profunctor.Strong (Total AST Nodes: 5)
Generating PHP code for Data.Functor.Costar (Total AST Nodes: 16)
Generating PHP code for Data.Profunctor.Choice (Total AST Nodes: 5)
Generating PHP code for Data.Profunctor.Star (Total AST Nodes: 20)
Generating PHP code for Control.Parallel.Class (Total AST Nodes: 17)
Generating PHP code for Control.Parallel (Total AST Nodes: 7)
Generating PHP code for Data.Array.NonEmpty (Total AST Nodes: 103)
Generating PHP code for Data.Array.Partial (Total AST Nodes: 4)
Generating PHP code for Data.Array.ST.Partial (Total AST Nodes: 2)
Generating PHP code for Data.Functor.Clown (Total AST Nodes: 11)
Generating PHP code for Data.Functor.Flip (Total AST Nodes: 12)
Generating PHP code for Data.Functor.Joker (Total AST Nodes: 16)
Generating PHP code for Data.Functor.Product2 (Total AST Nodes: 9)
Generating PHP code for Data.Bifoldable (Total AST Nodes: 20)
Generating PHP code for Data.Bifunctor.Join (Total AST Nodes: 8)
Generating PHP code for Data.Bitraversable (Total AST Nodes: 16)
Generating PHP code for Data.Bounded.Generic (Total AST Nodes: 14)
Generating PHP code for Data.Enum (Total AST Nodes: 35)
Generating PHP code for Data.Char (Total AST Nodes: 2)
Generating PHP code for Data.Char.Gen (Total AST Nodes: 7)
Generating PHP code for Data.Comparison (Total AST Nodes: 6)
Generating PHP code for Data.Date.Component (Total AST Nodes: 43)
Generating PHP code for Data.Int.Bits (Total AST Nodes: 0)
Generating PHP code for Data.Number (Total AST Nodes: 10)
Generating PHP code for Data.Int (Total AST Nodes: 28)
Generating PHP code for Data.Time.Duration (Total AST Nodes: 44)
Generating PHP code for Data.Date (Total AST Nodes: 16)
Generating PHP code for Data.Enum.Gen (Total AST Nodes: 1)
Generating PHP code for Data.Date.Component.Gen (Total AST Nodes: 4)
Generating PHP code for Data.Date.Gen (Total AST Nodes: 1)
Generating PHP code for Data.Time.Component (Total AST Nodes: 24)
Generating PHP code for Data.Time (Total AST Nodes: 19)
Generating PHP code for Data.DateTime (Total AST Nodes: 14)
Generating PHP code for Data.Time.Component.Gen (Total AST Nodes: 4)
Generating PHP code for Data.Time.Gen (Total AST Nodes: 1)
Generating PHP code for Data.DateTime.Gen (Total AST Nodes: 1)
Generating PHP code for Data.DateTime.Instant (Total AST Nodes: 10)
Generating PHP code for Data.Equivalence (Total AST Nodes: 7)
Generating PHP code for Data.Op (Total AST Nodes: 7)
Generating PHP code for Data.Predicate (Total AST Nodes: 5)
Generating PHP code for Data.Divide (Total AST Nodes: 6)
Generating PHP code for Data.Decide (Total AST Nodes: 6)
Generating PHP code for Data.Divisible (Total AST Nodes: 5)
Generating PHP code for Data.Decidable (Total AST Nodes: 6)
Generating PHP code for Data.Either.Inject (Total AST Nodes: 5)
Generating PHP code for Data.Either.Nested (Total AST Nodes: 30)
Generating PHP code for Data.Enum.Generic (Total AST Nodes: 20)
Generating PHP code for Data.Eq.Generic (Total AST Nodes: 8)
Generating PHP code for Data.Exists (Total AST Nodes: 2)
Generating PHP code for Data.Functor.Coproduct.Inject (Total AST Nodes: 5)
Generating PHP code for Data.Functor.Coproduct.Nested (Total AST Nodes: 30)
Generating PHP code for Data.Functor.Product.Nested (Total AST Nodes: 20)
Generating PHP code for Data.HeytingAlgebra.Generic (Total AST Nodes: 16)
Generating PHP code for Data.List.Types (Total AST Nodes: 53)
Generating PHP code for Data.List.Internal (Total AST Nodes: 12)
Generating PHP code for Data.List (Total AST Nodes: 74)
Generating PHP code for Data.Map.Internal (Total AST Nodes: 94)
Generating PHP code for Data.Set (Total AST Nodes: 34)
Generating PHP code for Data.Map (Total AST Nodes: 20)
Generating PHP code for Data.Interval.Duration (Total AST Nodes: 25)
Generating PHP code for Data.Interval (Total AST Nodes: 28)
Generating PHP code for Data.List.NonEmpty (Total AST Nodes: 60)
Generating PHP code for Data.Interval.Duration.Iso (Total AST Nodes: 18)
Generating PHP code for Data.List.Lazy.Types (Total AST Nodes: 59)
Generating PHP code for Data.List.Lazy (Total AST Nodes: 73)
Generating PHP code for Data.List.Lazy.NonEmpty (Total AST Nodes: 16)
Generating PHP code for Data.List.Partial (Total AST Nodes: 4)
Generating PHP code for Data.List.ZipList (Total AST Nodes: 16)
Generating PHP code for Data.Map.Gen (Total AST Nodes: 1)
Generating PHP code for Data.Monoid.Generic (Total AST Nodes: 6)
Generating PHP code for Data.Number.Approximate (Total AST Nodes: 6)
Generating PHP code for Data.Number.Format (Total AST Nodes: 7)
Generating PHP code for Data.Ord.Down (Total AST Nodes: 6)
Generating PHP code for Data.Ord.Generic (Total AST Nodes: 8)
Generating PHP code for Data.Profunctor.Cochoice (Total AST Nodes: 2)
Generating PHP code for Data.Profunctor.Costrong (Total AST Nodes: 2)
Generating PHP code for Data.Profunctor.Join (Total AST Nodes: 8)
Generating PHP code for Data.Profunctor.Split (Total AST Nodes: 8)
Generating PHP code for Data.Reflectable (Total AST Nodes: 6)
Generating PHP code for Data.Ring.Generic (Total AST Nodes: 6)
Generating PHP code for Data.Semigroup.Generic (Total AST Nodes: 7)
Generating PHP code for Data.Semiring.Generic (Total AST Nodes: 12)
Generating PHP code for Data.Set.NonEmpty (Total AST Nodes: 30)
Generating PHP code for Data.Show.Generic (Total AST Nodes: 9)
Generating PHP code for Data.String.Pattern (Total AST Nodes: 10)
Generating PHP code for Data.String.Unsafe (Total AST Nodes: 0)
Generating PHP code for Data.String.CodeUnits (Total AST Nodes: 16)
Generating PHP code for Data.String.Common (Total AST Nodes: 2)
Generating PHP code for Data.String.CodePoints (Total AST Nodes: 33)
Generating PHP code for Data.String (Total AST Nodes: 0)
Generating PHP code for Data.String.CaseInsensitive (Total AST Nodes: 5)
Generating PHP code for Data.String.Gen (Total AST Nodes: 8)
Generating PHP code for Data.String.NonEmpty.Internal (Total AST Nodes: 33)
Generating PHP code for Data.String.NonEmpty.CodePoints (Total AST Nodes: 23)
Generating PHP code for Data.String.NonEmpty (Total AST Nodes: 0)
Generating PHP code for Data.String.NonEmpty.CaseInsensitive (Total AST Nodes: 5)
Generating PHP code for Data.String.NonEmpty.CodeUnits (Total AST Nodes: 26)
Generating PHP code for Data.String.Regex.Flags (Total AST Nodes: 14)
Generating PHP code for Data.String.Regex (Total AST Nodes: 8)
Generating PHP code for Data.String.Regex.Unsafe (Total AST Nodes: 1)
Generating PHP code for Data.Time.Duration.Gen (Total AST Nodes: 5)
Generating PHP code for Data.Tuple.Nested (Total AST Nodes: 50)
Generating PHP code for Effect.Unsafe (Total AST Nodes: 0)
Generating PHP code for Effect.Aff (Total AST Nodes: 58)
Generating PHP code for Effect.Aff.Class (Total AST Nodes: 10)
Generating PHP code for Effect.Uncurried (Total AST Nodes: 20)
Generating PHP code for Effect.Aff.Compat (Total AST Nodes: 3)
Generating PHP code for Effect.Class.Console (Total AST Nodes: 18)
Generating PHP code for Effect.Exception.Unsafe (Total AST Nodes: 2)
Generating PHP code for Effect.Now (Total AST Nodes: 3)
Generating PHP code for Main (Total AST Nodes: 1)
Generating PHP code for Spago.Generated.BuildInfo (Total AST Nodes: 3)
Generating PHP code for Test.Main (Total AST Nodes: 1)
Generating PHP code for Test.TC (Total AST Nodes: 4)
Writing main.mod.php for App

✓ Backend build succeeded.

=== PHP ===
Loading composer repositories with package information
Updating dependencies
Lock file operations: 0 installs, 1 update, 0 removals
  - Upgrading phpurs/lib-deps (dev-edge 9331789 => dev-edge-phpurs 9331789)
Writing lock file
Installing dependencies from lock file (including require-dev)
Package operations: 2 installs, 0 updates, 0 removals
    0 [>---------------------------]    0 [->--------------------------]
  - Installing revolt/event-loop (v1.0.9): Extracting archive
  - Installing phpurs/lib-deps (dev-edge-phpurs 9331789): Symlinking from output
 0/1 [>---------------------------]   0%
 1/1 [============================] 100%
Generating autoload files
No security vulnerability advisories found.
Global warm-up in progress (this may take a moment)...

Global warm-up complete. Starting benchmarks...

--------------------------------------------------

(Test)

AST Evaluation:

(Output & Warm-up)

7

(Execution time - best of 10)

4.00 μs

--------------------------------------------------

(Test)

Fibonacci:

(Output & Warm-up)

55

(Execution time - best of 10)

2.00 μs

--------------------------------------------------

(Test)

List Processing (900 elements):

(Output & Warm-up)

202950

(Execution time - best of 10)

149.00 μs

--------------------------------------------------

(Test)

Tail Call Optimization (100k calls):

(Output & Warm-up)

100000

(Execution time - best of 10)

71.00 μs

--------------------------------------------------

(Test)

Deep Record Updates (10k iterations):

(Output & Warm-up)

20000

(Execution time - best of 10)

1483.00 μs

--------------------------------------------------

(Test)

Ackermann (3, 4):

(Output & Warm-up)

125

(Execution time - best of 10)

49.00 μs

--------------------------------------------------

(Test)

Church Numerals (100k Closure Applications):

(Output & Warm-up)

100000

(Execution time - best of 10)

9026.00 μs

--------------------------------------------------

(Test)

Prime Sieve (sum primes up to 500):

(Output & Warm-up)

21536

(Execution time - best of 10)

446.00 μs

--------------------------------------------------

(Test)

Red-Black Tree (100k Worst-Case Insertions):

(Output & Warm-up)

22

(Execution time - best of 10)

650016.00 μs

--------------------------------------------------

(Test)

Polymorphism (10M Type Class Dict Lookups):

(Output & Warm-up)

10000000

(Execution time - best of 10)

6477.00 μs

--------------------------------------------------

(Test)

State Monad (1.2k Binds, 60 Stack Depth):

(Output & Warm-up)

1200

(Execution time - best of 10)

430.00 μs

--------------------------------------------------

(Test)

Lazy Evaluation (1M Thunks Forced, 1k Depth):

(Output & Warm-up)

1000000

(Execution time - best of 10)

99481.00 μs

--------------------------------------------------

(Test)

Array Processing (900 elements):

(Output & Warm-up)

202950

(Execution time - best of 10)

99.00 μs

--------------------------------------------------

(Test)

RowToList (Keys Count):

(Output & Warm-up)

5

(Execution time - best of 10)

1.00 μs


==================================================

Total exec time: 767.73 ms

       22.30 real        27.48 user         2.76 sys
           620920832  maximum resident set size
                   0  average shared memory size
                   0  average unshared data size
                   0  average unshared stack size
              207500  page reclaims
                 954  page faults
                   0  swaps
                   0  block input operations
                   0  block output operations
                 669  messages sent
                 592  messages received
                   2  signals received
                2118  voluntary context switches
              125777  involuntary context switches
            58389789  instructions retired
            37457717  cycles elapsed
             1802552  peak memory footprint
