=== Rebuilding phpurs backend ===

> phpurs@0.1.0 build
> spago build && spago bundle --module Main --platform node --outfile bin/phpurs.js --bundle-type app

Reading Spago workspace configuration...

✓ Selecting package to build: phpurs

Downloading dependencies...
Building...
[  1 of 417] Compiling Type.Function
[  5 of 417] Compiling Type.Row
[  2 of 417] Compiling Unsafe.Coerce
[  4 of 417] Compiling Spago.Generated.BuildInfo
[  3 of 417] Compiling Type.Proxy
[  6 of 417] Compiling Record.Unsafe
[  7 of 417] Compiling PureScript.Backend.Optimizer.Directives.Defaults
[  8 of 417] Compiling Type.Equality
[  9 of 417] Compiling Data.Unit
[ 10 of 417] Compiling Partial
[ 11 of 417] Compiling Data.Void
[ 12 of 417] Compiling Data.Traversable.Accum
[ 13 of 417] Compiling Data.String.Unsafe
[ 14 of 417] Compiling Data.NaturalTransformation
[ 15 of 417] Compiling Data.Int.Bits
[ 16 of 417] Compiling Control.Semigroupoid
[ 18 of 417] Compiling Data.ArrayBuffer.Types
[ 17 of 417] Compiling Data.Boolean
[ 19 of 417] Compiling Data.Symbol
[ 20 of 417] Compiling Type.Data.Boolean
[ 21 of 417] Compiling Data.Function.Uncurried
[ 22 of 417] Compiling Control.Lazy
[ 23 of 417] Compiling Data.Exists
[ 24 of 417] Compiling Safe.Coerce
[ 25 of 417] Compiling Control.Category
[ 26 of 417] Compiling Partial.Unsafe
[ 27 of 417] Compiling Data.HeytingAlgebra
[ 28 of 417] Compiling Data.Semigroup
[ 29 of 417] Compiling Data.Semiring
[ 30 of 417] Compiling Record.Unsafe.Union
[ 31 of 417] Compiling Data.Show
[ 32 of 417] Compiling Data.Ring
[ 33 of 417] Compiling Data.Generic.Rep
[ 35 of 417] Compiling Data.BooleanAlgebra
[ 34 of 417] Compiling Data.Eq
[ 36 of 417] Compiling Data.CommutativeRing
[ 37 of 417] Compiling Data.EuclideanRing
[ 38 of 417] Compiling Data.Ordering
[ 39 of 417] Compiling Type.Data.Ordering
[ 40 of 417] Compiling Data.Ord
[ 41 of 417] Compiling Data.DivisionRing
[ 42 of 417] Compiling Data.Field
[ 43 of 417] Compiling Type.Data.Symbol
[ 44 of 417] Compiling Type.RowList
[ 45 of 417] Compiling Type.Prelude
[ 46 of 417] Compiling Type.Row.Homogeneous
[ 47 of 417] Compiling Data.Bounded
[ 48 of 417] Compiling Data.Monoid
[ 50 of 417] Compiling Data.Reflectable
[ 49 of 417] Compiling Data.Function
[ 51 of 417] Compiling Data.Functor
[ 53 of 417] Compiling Control.Alt
[ 52 of 417] Compiling Control.Extend
[ 54 of 417] Compiling Control.Apply
[ 55 of 417] Compiling Data.Monoid.Generic
[ 56 of 417] Compiling Data.Bounded.Generic
[ 57 of 417] Compiling Control.Plus
[ 58 of 417] Compiling Control.Comonad
[ 59 of 417] Compiling Control.Applicative
[ 60 of 417] Compiling Control.Alternative
[ 61 of 417] Compiling Control.Bind
[ 62 of 417] Compiling Control.Monad
[ 63 of 417] Compiling Prelude
[ 64 of 417] Compiling Control.MonadPlus
[ 65 of 417] Compiling Data.Monoid.Dual
[ 66 of 417] Compiling Data.Monoid.Conj
[ 67 of 417] Compiling Node.FS.Constants
[ 68 of 417] Compiling Node.Buffer.Types
[ 69 of 417] Compiling Data.Traversable.Accum.Internal
[ 71 of 417] Compiling Control.Monad.Reader.Class
[ 72 of 417] Compiling Data.Show.Generic
[ 70 of 417] Compiling Record
[ 73 of 417] Compiling Data.Semigroup.Last
[ 74 of 417] Compiling Data.HeytingAlgebra.Generic
[ 75 of 417] Compiling Data.Ord.Generic
[ 76 of 417] Compiling Data.Monoid.Disj
[ 77 of 417] Compiling Data.Semigroup.Generic
[ 78 of 417] Compiling Debug
[ 80 of 417] Compiling Data.Semigroup.First
[ 79 of 417] Compiling Node.Encoding
[ 81 of 417] Compiling Data.Semiring.Generic
[ 82 of 417] Compiling Data.Ring.Generic
[ 83 of 417] Compiling Control.Monad.Trans.Class
[ 84 of 417] Compiling Data.Monoid.Multiplicative
[ 86 of 417] Compiling Data.Monoid.Endo
[ 89 of 417] Compiling Control.Monad.Cont.Class
[ 88 of 417] Compiling Record.Builder
[ 85 of 417] Compiling Control.Monad.Gen.Class
[ 87 of 417] Compiling Data.Eq.Generic
[ 90 of 417] Compiling Data.Number.Format
[ 91 of 417] Compiling Effect
[ 92 of 417] Compiling Data.Monoid.Additive
[ 94 of 417] Compiling PureScript.Backend.Optimizer.Debug
[ 93 of 417] Compiling Node.FS
[ 95 of 417] Compiling Data.Yoneda
[ 96 of 417] Compiling Effect.Class
[ 97 of 417] Compiling Node.Buffer.Constants
[ 98 of 417] Compiling Effect.Uncurried
[ 99 of 417] Compiling Effect.Console
[100 of 417] Compiling Effect.Unsafe
[101 of 417] Compiling Phpurs.Mtime
[102 of 417] Compiling Effect.Ref
[103 of 417] Compiling Node.Path
[104 of 417] Compiling Data.Newtype
[105 of 417] Compiling Effect.Class.Console
[106 of 417] Compiling Data.Posix
[107 of 417] Compiling Data.Time.Duration
[108 of 417] Compiling Data.Ord.Down
[109 of 417] Compiling Data.Ord.Max
[110 of 417] Compiling Data.Profunctor
[111 of 417] Compiling Data.Functor.App
[112 of 417] Compiling Data.Monoid.Alternate
[113 of 417] Compiling Data.Ord.Min
[114 of 417] Compiling Data.String.Pattern
[115 of 417] Compiling Data.String.Common
[116 of 417] Compiling Data.Profunctor.Closed
[117 of 417] Compiling Data.Lens.Internal.Exchange
[118 of 417] Compiling Data.Functor.Invariant
[119 of 417] Compiling Data.Lens.Internal.Grating
[120 of 417] Compiling Data.Lens.Internal.Zipping
[121 of 417] Compiling Data.Functor.Compose
[122 of 417] Compiling Data.Const
[123 of 417] Compiling Data.Tuple
[124 of 417] Compiling Data.Profunctor.Split
[125 of 417] Compiling Data.Profunctor.Join
[127 of 417] Compiling Data.Identity
[126 of 417] Compiling Data.Maybe
[128 of 417] Compiling Data.Functor.Contravariant
[129 of 417] Compiling Data.Comparison
[130 of 417] Compiling Data.Predicate
[131 of 417] Compiling Data.Op
[132 of 417] Compiling Data.Equivalence
[133 of 417] Compiling Data.Maybe.Last
[134 of 417] Compiling Data.String.CodeUnits
[135 of 417] Compiling Data.Nullable
[136 of 417] Compiling Data.Maybe.First
[137 of 417] Compiling Data.Number
[138 of 417] Compiling Data.Posix.Signal
[139 of 417] Compiling Node.Platform
[140 of 417] Compiling Data.Either
[142 of 417] Compiling Data.Number.Approximate
[141 of 417] Compiling Data.Int
[143 of 417] Compiling Phpurs.ComposerMerge
[145 of 417] Compiling PureScript.Backend.Optimizer.FfiSupport
[144 of 417] Compiling Node.Symbol
[146 of 417] Compiling Node.Buffer.Immutable
[147 of 417] Compiling Data.Divide
[148 of 417] Compiling Data.Lens.Internal.Focusing
[149 of 417] Compiling Data.Distributive
[151 of 417] Compiling Control.Monad.Writer.Class
[150 of 417] Compiling Data.Profunctor.Strong
[152 of 417] Compiling Data.Profunctor.Costrong
[153 of 417] Compiling Dodo.Internal
[154 of 417] Compiling Data.Tuple.Nested
[155 of 417] Compiling Control.Monad.State.Class
[156 of 417] Compiling Node.Buffer.Class
[157 of 417] Compiling Data.Lens.Internal.Shop
[158 of 417] Compiling Data.Divisible
[159 of 417] Compiling Effect.Exception
[160 of 417] Compiling Data.Decide
[161 of 417] Compiling Data.Either.Inject
[162 of 417] Compiling Data.Profunctor.Cochoice
[163 of 417] Compiling Data.Profunctor.Choice
[164 of 417] Compiling Data.Either.Nested
[165 of 417] Compiling Data.Bifunctor
[166 of 417] Compiling Node.EventEmitter
[167 of 417] Compiling Node.Buffer
[169 of 417] Compiling Effect.Exception.Unsafe
[168 of 417] Compiling Control.Monad.Error.Class
[170 of 417] Compiling Data.Profunctor.Star
[172 of 417] Compiling Data.Lens.Internal.Re
[171 of 417] Compiling Control.Biapply
[173 of 417] Compiling Data.Functor.Product
[176 of 417] Compiling Data.Lens.Internal.Stall
[174 of 417] Compiling Data.Functor.Coproduct
[177 of 417] Compiling Data.Lens.Internal.Market
[175 of 417] Compiling Control.Monad.Rec.Class
[178 of 417] Compiling Data.Functor.Costar
[180 of 417] Compiling Control.Biapplicative
[181 of 417] Compiling Node.EventEmitter.UtilTypes
[182 of 417] Compiling Data.Functor.Clown
[183 of 417] Compiling Data.Functor.Flip
[179 of 417] Compiling Data.Decidable
[184 of 417] Compiling Data.Bifunctor.Join
[185 of 417] Compiling Data.Functor.Joker
[186 of 417] Compiling Data.Functor.Product2
[187 of 417] Compiling Node.Stream
[188 of 417] Compiling Data.Functor.Coproduct.Inject
[189 of 417] Compiling Data.Functor.Coproduct.Nested
[190 of 417] Compiling Data.FunctorWithIndex
[192 of 417] Compiling Data.Functor.Product.Nested
[191 of 417] Compiling Data.Foldable
[193 of 417] Compiling Control.Monad.ST.Internal
[194 of 417] Compiling Data.Lens.Internal.Wander
[195 of 417] Compiling Data.Lens.Internal.Indexed
[196 of 417] Compiling Data.Lens.Internal.Forget
[197 of 417] Compiling Control.Monad.ST
[198 of 417] Compiling Control.Monad.ST.Ref
[199 of 417] Compiling Control.Monad.ST.Uncurried
[200 of 417] Compiling Control.Monad.ST.Global
[202 of 417] Compiling TestST
[203 of 417] Compiling Foreign.Object.ST
[201 of 417] Compiling Node.Buffer.ST
[204 of 417] Compiling Control.Monad.ST.Class
[206 of 417] Compiling Control.Monad.State.Trans
[205 of 417] Compiling Control.Monad.Reader.Trans
[207 of 417] Compiling Control.Monad.Writer.Trans
[208 of 417] Compiling Control.Monad.Maybe.Trans
[209 of 417] Compiling Control.Monad.Except.Trans
[210 of 417] Compiling Control.Monad.RWS.Trans
[211 of 417] Compiling Control.Monad.Cont.Trans
[212 of 417] Compiling Data.Array.ST
[213 of 417] Compiling Node.FS.Stream
[214 of 417] Compiling Data.Array.ST.Iterator
[215 of 417] Compiling Data.Array.ST.Partial
[216 of 417] Compiling Control.Monad.Cont
[217 of 417] Compiling Control.Monad.Reader
[218 of 417] Compiling Control.Monad.State
[219 of 417] Compiling Control.Monad.Writer
[220 of 417] Compiling Control.Parallel.Class
[221 of 417] Compiling Control.Monad.Except
[222 of 417] Compiling Control.Monad.RWS
[224 of 417] Compiling Data.Bifoldable
[223 of 417] Compiling Data.FoldableWithIndex
[226 of 417] Compiling Data.Traversable
[225 of 417] Compiling Data.Semigroup.Foldable
[227 of 417] Compiling Data.Semigroup.Traversable
[228 of 417] Compiling Control.Parallel
[229 of 417] Compiling Data.Bitraversable
[231 of 417] Compiling Data.Lens.Internal.Tagged
[230 of 417] Compiling Control.Monad.Identity.Trans
[232 of 417] Compiling Effect.Aff
[234 of 417] Compiling Data.Unfoldable1
[233 of 417] Compiling Data.Coyoneda
[235 of 417] Compiling Data.TraversableWithIndex
[236 of 417] Compiling Control.Comonad.Trans.Class
[238 of 417] Compiling Control.Comonad.Store.Trans
[237 of 417] Compiling Control.Comonad.Traced.Trans
[239 of 417] Compiling Data.Unfoldable
[240 of 417] Compiling Data.Lens.Internal.Bazaar
[241 of 417] Compiling Control.Monad.Gen
[242 of 417] Compiling Data.Enum
[243 of 417] Compiling Data.Lens.Types
[244 of 417] Compiling Data.Lens.Grate
[245 of 417] Compiling Data.Lens.Iso
[246 of 417] Compiling Data.Lens.Prism
[247 of 417] Compiling Data.Lens.AffineTraversal
[248 of 417] Compiling Data.Lens.Setter
[249 of 417] Compiling Data.Lens.Getter
[250 of 417] Compiling Data.Lens.Zoom
[251 of 417] Compiling Data.Lens.Lens
[252 of 417] Compiling Data.Time.Duration.Gen
[253 of 417] Compiling Data.Lazy
[254 of 417] Compiling Data.NonEmpty
[255 of 417] Compiling Effect.Aff.Compat
[256 of 417] Compiling Data.Array.NonEmpty.Internal
[257 of 417] Compiling Control.Comonad.Env.Trans
[258 of 417] Compiling Data.Lens.Lens.Void
[259 of 417] Compiling Data.Lens.Lens.Tuple
[260 of 417] Compiling Data.Lens.Lens.Unit
[261 of 417] Compiling Data.Lens.Prism.Maybe
[262 of 417] Compiling Data.Lens.Prism.Either
[263 of 417] Compiling Data.Array
[264 of 417] Compiling Data.Lens.Iso.Newtype
[265 of 417] Compiling Data.Lens.Common
[266 of 417] Compiling Data.Lens.Lens.Product
[267 of 417] Compiling Data.Lens.Prism.Coproduct
[268 of 417] Compiling Data.Lens.Indexed
[269 of 417] Compiling Data.Time.Component
[270 of 417] Compiling Data.Char
[271 of 417] Compiling Data.Enum.Generic
[272 of 417] Compiling Data.Date.Component
[273 of 417] Compiling Control.Comonad.Store.Class
[274 of 417] Compiling Data.Lens.Traversal
[275 of 417] Compiling Control.Monad.List.Trans
[276 of 417] Compiling Data.Char.Gen
[277 of 417] Compiling Data.Enum.Gen
[278 of 417] Compiling Data.List.Types
[279 of 417] Compiling Data.List.Lazy.Types
[280 of 417] Compiling Control.Monad.Gen.Common
[281 of 417] Compiling Control.Comonad.Store
[282 of 417] Compiling Data.String.Gen
[283 of 417] Compiling Control.Comonad.Env.Class
[284 of 417] Compiling Data.Time.Component.Gen
[285 of 417] Compiling Data.Time
[286 of 417] Compiling Control.Comonad.Env
[288 of 417] Compiling Data.Date.Component.Gen
[287 of 417] Compiling Data.Date
[289 of 417] Compiling Control.Comonad.Traced.Class
[290 of 417] Compiling Data.Time.Gen
[291 of 417] Compiling Control.Comonad.Traced
[292 of 417] Compiling Data.Date.Gen
[293 of 417] Compiling Data.DateTime
[294 of 417] Compiling Data.String.CodePoints
[296 of 417] Compiling Data.Array.Partial
[297 of 417] Compiling Foreign.Object
[295 of 417] Compiling Data.Array.NonEmpty
[298 of 417] Compiling Data.List.Internal
[299 of 417] Compiling Data.DateTime.Instant
[300 of 417] Compiling Effect.Aff.Class
[301 of 417] Compiling Data.DateTime.Gen
[302 of 417] Compiling Node.Stream.Aff
[303 of 417] Compiling Data.List.Lazy
[304 of 417] Compiling Data.List
[305 of 417] Compiling Data.String
[306 of 417] Compiling Data.String.Regex.Flags
[307 of 417] Compiling Node.FS.Perms
[309 of 417] Compiling Data.String.CaseInsensitive
[308 of 417] Compiling Data.String.NonEmpty.Internal
[311 of 417] Compiling Foreign.Object.Unsafe
[310 of 417] Compiling Data.Argonaut.Core
[312 of 417] Compiling Foreign.Object.ST.Unsafe
[313 of 417] Compiling Data.String.NonEmpty.CodeUnits
[314 of 417] Compiling Data.String.Regex
[315 of 417] Compiling Data.String.NonEmpty.CodePoints
[316 of 417] Compiling PureScript.CST.Types
[317 of 417] Compiling PureScript.Backend.Optimizer.Utils
[318 of 417] Compiling Data.Argonaut.Decode.Error
[319 of 417] Compiling Data.Argonaut.Gen
[320 of 417] Compiling Data.Argonaut.Parser
[321 of 417] Compiling Data.String.Regex.Unsafe
[322 of 417] Compiling Data.String.NonEmpty
[323 of 417] Compiling Data.String.NonEmpty.CaseInsensitive
[324 of 417] Compiling Data.Argonaut.Decode.Parser
[326 of 417] Compiling PureScript.CST.Print
[325 of 417] Compiling PureScript.CST.Range.TokenList
[327 of 417] Compiling Data.List.ZipList
[328 of 417] Compiling Data.List.Lazy.NonEmpty
[329 of 417] Compiling PureScript.CST.Layout
[330 of 417] Compiling Dodo.Internal.Buffer
[331 of 417] Compiling Foreign.Object.Gen
[332 of 417] Compiling Data.CatQueue
[335 of 417] Compiling Data.List.Partial
[333 of 417] Compiling Data.List.NonEmpty
[334 of 417] Compiling Data.Lens.Fold
[336 of 417] Compiling Data.Map.Internal
[337 of 417] Compiling PureScript.CST.Errors
[338 of 417] Compiling Dodo
[339 of 417] Compiling PureScript.CST.Range
[340 of 417] Compiling Data.CatList
[342 of 417] Compiling Ansi.Codes
[341 of 417] Compiling Foreign
[343 of 417] Compiling Data.Lens
[344 of 417] Compiling Data.Lens.Fold.Partial
[345 of 417] Compiling Data.Argonaut.Prisms
[346 of 417] Compiling Data.Argonaut.Traversals
[347 of 417] Compiling Data.Lens.Record
[348 of 417] Compiling Control.Monad.Free
[349 of 417] Compiling Foreign.Keys
[350 of 417] Compiling Data.JSDate
[352 of 417] Compiling Foreign.Index
[351 of 417] Compiling Node.Process
[353 of 417] Compiling Dodo.Common
[354 of 417] Compiling Dodo.Box
[355 of 417] Compiling Node.FS.Stats
[356 of 417] Compiling PureScript.CST.TokenStream
[357 of 417] Compiling Control.Monad.Free.Class
[358 of 417] Compiling Control.Comonad.Cofree
[360 of 417] Compiling Control.Monad.Trampoline
[359 of 417] Compiling PureScript.CST.Traversal
[361 of 417] Compiling Node.FS.Sync
[362 of 417] Compiling Node.FS.Async
[364 of 417] Compiling PureScript.CST.Parser.Monad
[363 of 417] Compiling PureScript.CST.Lexer
[365 of 417] Compiling Node.FS.Aff
[366 of 417] Compiling Control.Comonad.Cofree.Class
[368 of 417] Compiling Ansi.Output
[367 of 417] Compiling Dodo.Ansi
[369 of 417] Compiling Data.Set
[372 of 417] Compiling Data.Map
[371 of 417] Compiling Data.Set.NonEmpty
[370 of 417] Compiling PureScript.CST.Parser
[373 of 417] Compiling Data.Interval.Duration
[374 of 417] Compiling Phpurs.PhpAst
[375 of 417] Compiling PureScript.Backend.Optimizer.CoreFn
[376 of 417] Compiling Data.Lens.Index
[377 of 417] Compiling Data.Argonaut.Encode.Encoders
[378 of 417] Compiling PureScript.CST.ModuleGraph
[379 of 417] Compiling Data.Argonaut.Decode.Decoders
[380 of 417] Compiling Data.Map.Gen
[381 of 417] Compiling Data.Interval
[382 of 417] Compiling Data.Interval.Duration.Iso
[383 of 417] Compiling Data.Lens.At
[384 of 417] Compiling Data.Argonaut.Encode.Class
[385 of 417] Compiling Data.Argonaut.Decode.Class
[386 of 417] Compiling Data.Argonaut.Encode.Combinators
[387 of 417] Compiling Data.Argonaut.Encode
[388 of 417] Compiling Data.Argonaut.Decode.Combinators
[389 of 417] Compiling Data.Argonaut.Decode
[390 of 417] Compiling Data.Argonaut.JCursor
[391 of 417] Compiling PureScript.Backend.Optimizer.Syntax
[393 of 417] Compiling Phpurs.GenNativeForeign
[392 of 417] Compiling PureScript.Backend.Optimizer.CoreFn.Sort
[394 of 417] Compiling Data.Argonaut
[395 of 417] Compiling Data.Argonaut.JCursor.Gen
[396 of 417] Compiling PureScript.Backend.Optimizer.CoreFn.TypeTable
[397 of 417] Compiling Phpurs.Printer
[398 of 417] Compiling PureScript.Backend.Optimizer.Analysis
[399 of 417] Compiling PureScript.Backend.Optimizer.CoreFn.Json
[400 of 417] Compiling PureScript.CST
[401 of 417] Compiling PureScript.Backend.Optimizer.Semantics
[403 of 417] Compiling PureScript.Backend.Optimizer.Reachability
[402 of 417] Compiling PureScript.Backend.Optimizer.Semantics.Foreign
[404 of 417] Compiling PureScript.Backend.Optimizer.Directives
[405 of 417] Compiling PureScript.Backend.Optimizer.Cache
[406 of 417] Compiling PureScript.Backend.Optimizer.Codegen.Tco
[407 of 417] Compiling PureScript.Backend.Optimizer.App
[408 of 417] Compiling PureScript.Backend.Optimizer.FreeVars
[409 of 417] Compiling ScratchTco
[410 of 417] Compiling PureScript.Backend.Optimizer.Substitute
[411 of 417] Compiling PureScript.Backend.Optimizer.Convert
[412 of 417] Compiling TestInfer
[413 of 417] Compiling PureScript.Backend.Optimizer.Monomorphize
[414 of 417] Compiling PureScript.Backend.Optimizer.Tracer.Printer
[415 of 417] Compiling PureScript.Backend.Optimizer.Builder
[416 of 417] Compiling Phpurs.CodeGen
[417 of 417] Compiling Main
[WARNING 1/87 UnusedImport] ../../purescript-backend-optimizer-phpurs/src/PureScript/Backend/Optimizer/App.purs:34:1

  34  import Node.Path as Path
      ^^^^^^^^^^^^^^^^^^^^^^^^

  The qualified import of Node.Path as Path is redundant

[WARNING 2/87 UnusedImport] ../../purescript-backend-optimizer-phpurs/src/PureScript/Backend/Optimizer/Builder.purs:19:1

  19  import Data.Newtype (unwrap)
      ^^^^^^^^^^^^^^^^^^^^^^^^^^^^

  The import of Data.Newtype is redundant

[WARNING 3/87 UnusedImport] ../../purescript-backend-optimizer-phpurs/src/PureScript/Backend/Optimizer/Builder.purs:20:1

  20  import Effect.Aff (Aff, attempt)
      ^^^^^^^^^^^^^^^^^^^^^^^^^^^^^^^^

  The import of Effect.Aff is redundant

[WARNING 4/87 UnusedImport] ../../purescript-backend-optimizer-phpurs/src/PureScript/Backend/Optimizer/Builder.purs:21:1

  21  import Effect.Console as Console
      ^^^^^^^^^^^^^^^^^^^^^^^^^^^^^^^^

  The qualified import of Effect.Console as Console is redundant

[WARNING 5/87 UnusedImport] ../../purescript-backend-optimizer-phpurs/src/PureScript/Backend/Optimizer/Builder.purs:22:1

  22  import Effect.Class (liftEffect)
      ^^^^^^^^^^^^^^^^^^^^^^^^^^^^^^^^

  The import of Effect.Class is redundant

[WARNING 6/87 UnusedExplicitImport] ../../purescript-backend-optimizer-phpurs/src/PureScript/Backend/Optimizer/Builder.purs:28:1

  28  import PureScript.Backend.Optimizer.CoreFn (Ann, Ident, Module(..), ModuleName, Qualified, importName)
      ^^^^^^^^^^^^^^^^^^^^^^^^^^^^^^^^^^^^^^^^^^^^^^^^^^^^^^^^^^^^^^^^^^^^^^^^^^^^^^^^^^^^^^^^^^^^^^^^^^^^^^

  The import of module PureScript.Backend.Optimizer.CoreFn contains the following unused references:
    ModuleName
    importName
  It could be replaced with:
    import PureScript.Backend.Optimizer.CoreFn (Ann, Ident, Module(..), Qualified)

[WARNING 7/87 UnusedExplicitImport] ../../purescript-backend-optimizer-phpurs/src/PureScript/Backend/Optimizer/Builder.purs:32:1

  32  import PureScript.Backend.Optimizer.Cache (writePurmetaSync, clearPurmetaCache, logMemory)
      ^^^^^^^^^^^^^^^^^^^^^^^^^^^^^^^^^^^^^^^^^^^^^^^^^^^^^^^^^^^^^^^^^^^^^^^^^^^^^^^^^^^^^^^^^^

  The import of module PureScript.Backend.Optimizer.Cache contains the following unused references:
    logMemory
  It could be replaced with:
    import PureScript.Backend.Optimizer.Cache (clearPurmetaCache, writePurmetaSync)

[WARNING 8/87 UnusedExplicitImport] ../../purescript-backend-optimizer-phpurs/src/PureScript/Backend/Optimizer/Convert.purs:67:1

  67  import Data.Maybe (Maybe(..), fromMaybe, maybe, isJust)
      ^^^^^^^^^^^^^^^^^^^^^^^^^^^^^^^^^^^^^^^^^^^^^^^^^^^^^^^

  The import of module Data.Maybe contains the following unused references:
    isJust
  It could be replaced with:
    import Data.Maybe (Maybe(..), fromMaybe, maybe)

[WARNING 9/87 UnusedImport] ../../purescript-backend-optimizer-phpurs/src/PureScript/Backend/Optimizer/Convert.purs:68:1

  68  import Debug as Debug
      ^^^^^^^^^^^^^^^^^^^^^

  The qualified import of Debug as Debug is redundant

[WARNING 10/87 UnusedImport] ../../purescript-backend-optimizer-phpurs/src/PureScript/Backend/Optimizer/Convert.purs:69:1

  69  import Prelude (unit)
      ^^^^^^^^^^^^^^^^^^^^^

  The import of Prelude is redundant

[WARNING 11/87 DuplicateSelectiveImport] ../../purescript-backend-optimizer-phpurs/src/PureScript/Backend/Optimizer/Convert.purs:69:1

  69  import Prelude (unit)
      ^^^^^^^^^^^^^^^^^^^^^

  There is an existing import of Prelude, consider merging the import lists

[WARNING 12/87 UnusedImport] ../../purescript-backend-optimizer-phpurs/src/PureScript/Backend/Optimizer/Convert.purs:78:1

  78  import Data.String.Pattern as Data.String.Pattern
      ^^^^^^^^^^^^^^^^^^^^^^^^^^^^^^^^^^^^^^^^^^^^^^^^^

  The qualified import of Data.String.Pattern as Data.String.Pattern is redundant

[WARNING 13/87 UnusedImport] ../../purescript-backend-optimizer-phpurs/src/PureScript/Backend/Optimizer/Convert.purs:82:1

  82  import Effect.Console as Console
      ^^^^^^^^^^^^^^^^^^^^^^^^^^^^^^^^

  The qualified import of Effect.Console as Console is redundant

[WARNING 14/87 UnusedDctorExplicitImport] ../../purescript-backend-optimizer-phpurs/src/PureScript/Backend/Optimizer/Convert.purs:90:1

  90  import PureScript.Backend.Optimizer.Syntax (BackendAccessor(..), BackendOperator(..), BackendOperator1(..), BackendOperator2(..), BackendOperatorOrd(..), BackendSyntax(Var, Local, Lit, App, Abs, UncurriedApp, UncurriedAbs, UncurriedEffectApp, UncurriedEffectAbs, Accessor, Update, CtorSaturated, CtorDef, LetRec, Let, EffectBind, EffectPure, EffectDefer, Branch, PrimOp, PrimEffect, PrimUndefined, Fail, Typed), Level(..), Pair(..))
      ^^^^^^^^^^^^^^^^^^^^^^^^^^^^^^^^^^^^^^^^^^^^^^^^^^^^^^^^^^^^^^^^^^^^^^^^^^^^^^^^^^^^^^^^^^^^^^^^^^^^^^^^^^^^^^^^^^^^^^^^^^^^^^^^^^^^^^^^^^^^^^^^^^^^^^^^^^^^^^^^^^^^^^^^^^^^^^^^^^^^^^^^^^^^^^^^^^^^^^^^^^^^^^^^^^^^^^^^^^^^^^^^^^^^^^^^^^^^^^^^^^^^^^^^^^^^^^^^^^^^^^^^^^^^^^^^^^^^^^^^^^^^^^^^^^^^^^^^^^^^^^^^^^^^^^^^^^^^^^^^^^^^^^^^^^^^^^^^^^^^^^^^^^^^^^^^^^^^^^^^^^^^^^^^^^^^^^^^^^^^^^^^^^^^^^^^^^^^^^^^^^^^^^^^^^^^^^^^^^^^^^^^^^^^^^^^

  The import of type BackendSyntax from module PureScript.Backend.Optimizer.Syntax includes the following unused data constructors:
    UncurriedEffectApp
    UncurriedEffectAbs
    CtorSaturated
    EffectBind
    EffectPure
    EffectDefer
    PrimEffect
  It could be replaced with:
    import PureScript.Backend.Optimizer.Syntax (BackendAccessor(..), BackendOperator(..), BackendOperator1(..), BackendOperator2(..), BackendOperatorOrd(..), BackendSyntax(UncurriedAbs, Local, Branch, PrimOp, Lit, Let, Fail, Accessor, UncurriedApp, Typed, LetRec, App, Abs, Update, CtorDef, Var, PrimUndefined), Level(..), Pair(..))

[WARNING 15/87 DuplicateImport] ../../purescript-backend-optimizer-phpurs/src/PureScript/Backend/Optimizer/Convert.purs:94:1

  94  import Effect.Unsafe (unsafePerformEffect)
      ^^^^^^^^^^^^^^^^^^^^^^^^^^^^^^^^^^^^^^^^^^

  Duplicate import of Effect.Unsafe (unsafePerformEffect)

[WARNING 16/87 UnusedName] ../../purescript-backend-optimizer-phpurs/src/PureScript/Backend/Optimizer/Convert.purs:259:29

  259    NonRec binding@(Binding _ ident _) -> do
                                   ^^^^^

  Name ident was introduced but not used.
  in value declaration toBackendTopLevelBindingGroup

[WARNING 17/87 UnusedName] ../../purescript-backend-optimizer-phpurs/src/PureScript/Backend/Optimizer/Convert.purs:288:25

  288    let BackendAnalysis { size } = analysisOf backendExpr
                               ^^^^

  Name size was introduced but not used.
  in value declaration toTopLevelBackendBinding

[WARNING 18/87 UnusedExplicitImport] ../../purescript-backend-optimizer-phpurs/src/PureScript/Backend/Optimizer/CoreFn/Json.purs:31:1

  31  import Data.Traversable (traverse, sequence)
      ^^^^^^^^^^^^^^^^^^^^^^^^^^^^^^^^^^^^^^^^^^^^

  The import of module Data.Traversable contains the following unused references:
    sequence
  It could be replaced with:
    import Data.Traversable (traverse)

[WARNING 19/87 UnusedDctorImport] ../../purescript-backend-optimizer-phpurs/src/PureScript/Backend/Optimizer/CoreFn/Json.purs:38:1

  38  import PureScript.Backend.Optimizer.CoreFn (Ann(..), Bind(..), Binder(..), Binding(..), CaseAlternative(..), CaseGuard(..), ClassDecl, Comment(..), ConstructorType(..), DataConstructor, DataDecl, Expr(..), ExprType(..), Guard(..), Ident(..), Import(..), Literal(..), Meta(..), Module(..), ModuleName(..), Prop(..), ProperName(..), Qualified(..), ReExport(..), SourcePos, SourceSpan, emptySpan)
      ^^^^^^^^^^^^^^^^^^^^^^^^^^^^^^^^^^^^^^^^^^^^^^^^^^^^^^^^^^^^^^^^^^^^^^^^^^^^^^^^^^^^^^^^^^^^^^^^^^^^^^^^^^^^^^^^^^^^^^^^^^^^^^^^^^^^^^^^^^^^^^^^^^^^^^^^^^^^^^^^^^^^^^^^^^^^^^^^^^^^^^^^^^^^^^^^^^^^^^^^^^^^^^^^^^^^^^^^^^^^^^^^^^^^^^^^^^^^^^^^^^^^^^^^^^^^^^^^^^^^^^^^^^^^^^^^^^^^^^^^^^^^^^^^^^^^^^^^^^^^^^^^^^^^^^^^^^^^^^^^^^^^^^^^^^^^^^^^^^^^^^^^^^^^^^^^^^^^^^^^^^^^^^^^^^^^^^^^^^^^^^^^^^^^^^^^^

  The import of type ExprType from module PureScript.Backend.Optimizer.CoreFn includes data constructors but only the type is used
  It could be replaced with:
    import PureScript.Backend.Optimizer.CoreFn (Ann(..), Bind(..), Binder(..), Binding(..), CaseAlternative(..), CaseGuard(..), ClassDecl, Comment(..), ConstructorType(..), DataConstructor, DataDecl, Expr(..), ExprType, Guard(..), Ident(..), Import(..), Literal(..), Meta(..), Module(..), ModuleName(..), Prop(..), ProperName(..), Qualified(..), ReExport(..), SourcePos, SourceSpan, emptySpan)

[WARNING 20/87 UnusedDeclaration] ../../purescript-backend-optimizer-phpurs/src/PureScript/Backend/Optimizer/CoreFn/Json.purs:132:1

       v
  132  decodeFieldRef j = do
  133    o <- decodeJObject j
  134    label <- getField decodeString o "label"
  135    typeId <- getField decodeInt o "type"
  136    pure { label, typeId }
                              ^

  Declaration decodeFieldRef was not used, and is not exported.

[WARNING 21/87 UnusedDeclaration] ../../purescript-backend-optimizer-phpurs/src/PureScript/Backend/Optimizer/CoreFn/Json.purs:141:1

       v
  141  decodeConstraintRef j = do
  142    o <- decodeJObject j
  143    fqn <- getField (decodeArray decodeString) o "fqn"
  144    args <- getField (decodeArray decodeInt) o "args"
  145    pure { fqn, args }
                          ^

  Declaration decodeConstraintRef was not used, and is not exported.

[WARNING 22/87 UnusedDeclaration] ../../purescript-backend-optimizer-phpurs/src/PureScript/Backend/Optimizer/CoreFn/Json.purs:147:1

       v
  147  decodeField tt j = do
  148    o <- decodeJObject j
  149    l <- getField decodeString o "label"
  150    tId <- getField decodeInt o "type"
  151    t <- note (TypeMismatch "FieldType") (Array.index tt tId)
  152    pure (Tuple l t)
                        ^

  Declaration decodeField was not used, and is not exported.

[WARNING 23/87 UnusedExplicitImport] ../../purescript-backend-optimizer-phpurs/src/PureScript/Backend/Optimizer/CoreFn/TypeTable.purs:6:1

  6  import Data.Argonaut (Json, JsonDecodeError(..), caseJson, decodeJson, isNull)
     ^^^^^^^^^^^^^^^^^^^^^^^^^^^^^^^^^^^^^^^^^^^^^^^^^^^^^^^^^^^^^^^^^^^^^^^^^^^^^^

  The import of module Data.Argonaut contains the following unused references:
    decodeJson
  It could be replaced with:
    import Data.Argonaut (Json, JsonDecodeError(..), caseJson, isNull)

[WARNING 24/87 UnusedName] ../../purescript-backend-optimizer-phpurs/src/PureScript/Backend/Optimizer/CoreFn/TypeTable.purs:111:18

  111              Left err -> pure $ Just (Left (TypeMismatch "ExprType"))
                        ^^^

  Name err was introduced but not used.
  in value declaration decodeTypeTableST

[WARNING 25/87 OverlappingPattern] ../../purescript-backend-optimizer-phpurs/src/PureScript/Backend/Optimizer/FreeVars.purs:52:1

  52  freeVars :: TcoExpr -> Set String
      ^^^^^^^^^^^^^^^^^^^^^^^^^^^^^^^^^

  A case expression contains unreachable cases:
  (TypeApp a _)
  in binding group freeVars

[WARNING 26/87 OverlappingPattern] ../../purescript-backend-optimizer-phpurs/src/PureScript/Backend/Optimizer/FreeVars.purs:120:1

  120  paramTypes :: TcoExpr -> Map String ExprType
       ^^^^^^^^^^^^^^^^^^^^^^^^^^^^^^^^^^^^^^^^^^^^

  A case expression contains unreachable cases:
  (TypeApp f _)
  in binding group paramTypes

[WARNING 27/87 UnusedExplicitImport] ../../purescript-backend-optimizer-phpurs/src/PureScript/Backend/Optimizer/Monomorphize.purs:31:1

  31  import Data.Maybe (Maybe(..), fromMaybe, maybe, isJust)
      ^^^^^^^^^^^^^^^^^^^^^^^^^^^^^^^^^^^^^^^^^^^^^^^^^^^^^^^

  The import of module Data.Maybe contains the following unused references:
    isJust
  It could be replaced with:
    import Data.Maybe (Maybe(..), fromMaybe, maybe)

[WARNING 28/87 UnusedImport] ../../purescript-backend-optimizer-phpurs/src/PureScript/Backend/Optimizer/Monomorphize.purs:32:1

  32  import Debug (trace)
      ^^^^^^^^^^^^^^^^^^^^

  The import of Debug is redundant

[WARNING 29/87 DuplicateImport] ../../purescript-backend-optimizer-phpurs/src/PureScript/Backend/Optimizer/Monomorphize.purs:36:1

  36  import Data.String as String
      ^^^^^^^^^^^^^^^^^^^^^^^^^^^^

  Duplicate import of Data.String as String

[WARNING 30/87 UnusedImport] ../../purescript-backend-optimizer-phpurs/src/PureScript/Backend/Optimizer/Monomorphize.purs:38:1

  38  import Debug (trace)
      ^^^^^^^^^^^^^^^^^^^^

  The import of Debug is redundant

[WARNING 31/87 DuplicateImport] ../../purescript-backend-optimizer-phpurs/src/PureScript/Backend/Optimizer/Monomorphize.purs:38:1

  38  import Debug (trace)
      ^^^^^^^^^^^^^^^^^^^^

  Duplicate import of Debug (trace)

[WARNING 32/87 UnusedImport] ../../purescript-backend-optimizer-phpurs/src/PureScript/Backend/Optimizer/Monomorphize.purs:43:1

  43  import Node.Encoding (Encoding(..))
      ^^^^^^^^^^^^^^^^^^^^^^^^^^^^^^^^^^^

  The import of Node.Encoding is redundant

[WARNING 33/87 UnusedImport] ../../purescript-backend-optimizer-phpurs/src/PureScript/Backend/Optimizer/Monomorphize.purs:44:1

  44  import Effect.Unsafe (unsafePerformEffect)
      ^^^^^^^^^^^^^^^^^^^^^^^^^^^^^^^^^^^^^^^^^^

  The import of Effect.Unsafe is redundant

[WARNING 34/87 UnusedImport] ../../purescript-backend-optimizer-phpurs/src/PureScript/Backend/Optimizer/Monomorphize.purs:45:1

  45  import Effect.Console as Console
      ^^^^^^^^^^^^^^^^^^^^^^^^^^^^^^^^

  The qualified import of Effect.Console as Console is redundant

[WARNING 35/87 ShadowedName] ../../purescript-backend-optimizer-phpurs/src/PureScript/Backend/Optimizer/Monomorphize.purs:244:27

  244               printTy (ADT name _ args') = "ADT " <> name <> " [" <> String.joinWith ", " (map printTy args') <> "]"
                                 ^^^^

  Name name was shadowed.
  in value declaration collectExpr

[WARNING 36/87 ShadowedName] ../../purescript-backend-optimizer-phpurs/src/PureScript/Backend/Optimizer/Monomorphize.purs:258:31

  258                   s1 = foldl (\acc (Tuple paramType arg) ->
                                     ^^^

  Name acc was shadowed.
  in value declaration collectExpr

[WARNING 37/87 ShadowedName] ../../purescript-backend-optimizer-phpurs/src/PureScript/Backend/Optimizer/Monomorphize.purs:332:30

  332                  s1 = foldl (\acc (Tuple paramType arg) ->
                                    ^^^

  Name acc was shadowed.
  in value declaration collectLocalExpr

[WARNING 38/87 ShadowedName] ../../purescript-backend-optimizer-phpurs/src/PureScript/Backend/Optimizer/Monomorphize.purs:332:51

  332                  s1 = foldl (\acc (Tuple paramType arg) ->
                                                         ^^^

  Name arg was shadowed.
  in value declaration collectLocalExpr

[WARNING 39/87 ShadowedName] ../../purescript-backend-optimizer-phpurs/src/PureScript/Backend/Optimizer/Monomorphize.purs:344:47

  344                             printTy (TypeApp c args') = "TypeApp (" <> printTy c <> ") [" <> String.joinWith ", " (map printTy args') <> "]"
                                                     ^^^^^

  Name args' was shadowed.
  in value declaration collectLocalExpr

[WARNING 40/87 ShadowedName] ../../purescript-backend-optimizer-phpurs/src/PureScript/Backend/Optimizer/Monomorphize.purs:346:42

  346                             printTy (Func args' ret') = "Func [" <> String.joinWith ", " (map printTy args') <> "] (" <> printTy ret' <> ")"
                                                ^^^^^

  Name args' was shadowed.
  in value declaration collectLocalExpr

[WARNING 41/87 ShadowedName] ../../purescript-backend-optimizer-phpurs/src/PureScript/Backend/Optimizer/Monomorphize.purs:347:48

  347                             printTy (ADT name _ args') = "ADT " <> name <> " [" <> String.joinWith ", " (map printTy args') <> "]"
                                                      ^^^^^

  Name args' was shadowed.
  in value declaration collectLocalExpr

[WARNING 42/87 UnusedName] ../../purescript-backend-optimizer-phpurs/src/PureScript/Backend/Optimizer/Monomorphize.purs:447:15

  447                oldType = case ann of Ann a -> fromMaybe Any a.type
                     ^^^^^^^^^^^^^^^^^^^^^^^^^^^^^^^^^^^^^^^^^^^^^^^^^^^

  Name oldType was introduced but not used.
  in value declaration rewriteExpr

[WARNING 43/87 UnusedName] ../../purescript-backend-optimizer-phpurs/src/PureScript/Backend/Optimizer/Monomorphize.purs:449:15

  449                newType = case newAnn of Ann a -> fromMaybe Any a.type
                     ^^^^^^^^^^^^^^^^^^^^^^^^^^^^^^^^^^^^^^^^^^^^^^^^^^^^^^

  Name newType was introduced but not used.
  in value declaration rewriteExpr

[WARNING 44/87 UnusedName] ../../purescript-backend-optimizer-phpurs/src/PureScript/Backend/Optimizer/Monomorphize.purs:542:9

  542          isGo = name == "go" || name == "$go"
               ^^^^^^^^^^^^^^^^^^^^^^^^^^^^^^^^^^^^

  Name isGo was introduced but not used.
  in value declaration rewriteExpr

[WARNING 45/87 UnusedName] ../../purescript-backend-optimizer-phpurs/src/PureScript/Backend/Optimizer/Monomorphize.purs:543:9

               v
  543          showHasVars = case _ of
  544            Just t -> show (hasTypeVariables t)
  545            Nothing -> "Nothing"
                                    ^

  Name showHasVars was introduced but not used.
  in value declaration rewriteExpr

[WARNING 46/87 ShadowedName] ../../purescript-backend-optimizer-phpurs/src/PureScript/Backend/Optimizer/Monomorphize.purs:597:11

  597    goGuard subst (Unconditional e) = Unconditional (substituteVars subst e)
                 ^^^^^

  Name subst was shadowed.
  in value declaration substituteVars

[WARNING 47/87 ShadowedName] ../../purescript-backend-optimizer-phpurs/src/PureScript/Backend/Optimizer/Monomorphize.purs:598:11

  598    goGuard subst (Guarded guards) = Guarded (map (\(Guard e1 e2) -> Guard (substituteVars subst e1) (substituteVars subst e2)) guards)
                 ^^^^^

  Name subst was shadowed.
  in value declaration substituteVars

[WARNING 48/87 ShadowedName] ../../purescript-backend-optimizer-phpurs/src/PureScript/Backend/Optimizer/Monomorphize.purs:794:3

  794    expr | isAppOrTypeApp expr ->
         ^^^^

  Name expr was shadowed.
  in value declaration monomorphizeExpr

[WARNING 49/87 ShadowedName] ../../purescript-backend-optimizer-phpurs/src/PureScript/Backend/Optimizer/Monomorphize.purs:873:25

  873            injectType ty expr =
                               ^^^^

  Name expr was shadowed.
  in value declaration monomorphizeExpr

[WARNING 50/87 ShadowedName] ../../purescript-backend-optimizer-phpurs/src/PureScript/Backend/Optimizer/Monomorphize.purs:952:14

  952            go expr = case expr of
                    ^^^^

  Name expr was shadowed.
  in value declaration monomorphizeExpr

[WARNING 51/87 UnusedName] ../../purescript-backend-optimizer-phpurs/src/PureScript/Backend/Optimizer/Monomorphize.purs:953:28

  953              ExprApp annApp f arg ->
                                  ^

  Name f was introduced but not used.
  in value declaration monomorphizeExpr

[WARNING 52/87 UnusedName] ../../purescript-backend-optimizer-phpurs/src/PureScript/Backend/Optimizer/Monomorphize.purs:953:30

  953              ExprApp annApp f arg ->
                                    ^^^

  Name arg was introduced but not used.
  in value declaration monomorphizeExpr

[WARNING 53/87 ShadowedName] ../../purescript-backend-optimizer-phpurs/src/PureScript/Backend/Optimizer/Monomorphize.purs:979:61

  979                            s1 = foldl (\acc (Tuple paramType arg) ->
                                                                   ^^^

  Name arg was shadowed.
  in value declaration monomorphizeExpr

[WARNING 54/87 UnusedName] ../../purescript-backend-optimizer-phpurs/src/PureScript/Backend/Optimizer/Monomorphize.purs:1205:33

  1205                                  printMap m = "{" <> String.joinWith ", " (map (\(Tuple k v) -> k <> ": " <> show (hasTypeVariables v)) (Map.toUnfoldable m :: Array (Tuple String ExprType))) <> "}"
                                        ^^^^^^^^^^^^^^^^^^^^^^^^^^^^^^^^^^^^^^^^^^^^^^^^^^^^^^^^^^^^^^^^^^^^^^^^^^^^^^^^^^^^^^^^^^^^^^^^^^^^^^^^^^^^^^^^^^^^^^^^^^^^^^^^^^^^^^^^^^^^^^^^^^^^^^^^^^^^^^^^^^^^

  Name printMap was introduced but not used.
  in value declaration transitiveCollect

[WARNING 55/87 UnusedImport] ../../purescript-backend-optimizer-phpurs/src/PureScript/Backend/Optimizer/Semantics.purs:69:1

  69  import Data.Set as Set
      ^^^^^^^^^^^^^^^^^^^^^^

  The qualified import of Data.Set as Set is redundant

[WARNING 56/87 UnusedExplicitImport] ../../purescript-backend-optimizer-phpurs/src/PureScript/Backend/Optimizer/Semantics.purs:73:1

  73  import PureScript.Backend.Optimizer.Analysis (class HasAnalysis, BackendAnalysis(..), Capture(..), Complexity(..), ResultTerm(..), Usage(..), analysisOf, bound, bump, complex, resultOf, updated, withResult, withRewrite)
      ^^^^^^^^^^^^^^^^^^^^^^^^^^^^^^^^^^^^^^^^^^^^^^^^^^^^^^^^^^^^^^^^^^^^^^^^^^^^^^^^^^^^^^^^^^^^^^^^^^^^^^^^^^^^^^^^^^^^^^^^^^^^^^^^^^^^^^^^^^^^^^^^^^^^^^^^^^^^^^^^^^^^^^^^^^^^^^^^^^^^^^^^^^^^^^^^^^^^^^^^^^^^^^^^^^^^^^^^^^^

  The import of module PureScript.Backend.Optimizer.Analysis contains the following unused references:
    resultOf
    withResult
  It could be replaced with:
    import PureScript.Backend.Optimizer.Analysis (class HasAnalysis, BackendAnalysis(..), Capture(..), Complexity(..), ResultTerm(..), Usage(..), analysisOf, bound, bump, complex, updated, withRewrite)

[WARNING 57/87 OverlappingPattern] ../../purescript-backend-optimizer-phpurs/src/PureScript/Backend/Optimizer/Semantics.purs:473:1

  473  evalApp :: Env -> BackendSemantics -> Spine BackendSemantics -> BackendSemantics
       ^^^^^^^^^^^^^^^^^^^^^^^^^^^^^^^^^^^^^^^^^^^^^^^^^^^^^^^^^^^^^^^^^^^^^^^^^^^^^^^^

  A case expression contains unreachable cases:
  (SemTypeApp _ fn) args
  in value declaration evalApp

[WARNING 58/87 UnusedName] ../../purescript-backend-optimizer-phpurs/src/PureScript/Backend/Optimizer/Semantics.purs:542:16

  542      SemTypeApp ty a ->
                      ^^

  Name ty was introduced but not used.
  in value declaration evalUncurriedApp

[WARNING 59/87 UnusedName] ../../purescript-backend-optimizer-phpurs/src/PureScript/Backend/Optimizer/Semantics.purs:570:16

  570      SemTypeApp ty a ->
                      ^^

  Name ty was introduced but not used.
  in value declaration evalUncurriedEffectApp

[WARNING 60/87 UnusedImport] ../../purescript-backend-optimizer-phpurs/src/TestInfer.purs:5:1

  5  import Data.Map as Map
     ^^^^^^^^^^^^^^^^^^^^^^

  The qualified import of Data.Map as Map is redundant

[WARNING 61/87 UnusedImport] ../../purescript-backend-optimizer-phpurs/src/TestInfer.purs:6:1

  6  import Data.Set as Set
     ^^^^^^^^^^^^^^^^^^^^^^

  The qualified import of Data.Set as Set is redundant

[WARNING 62/87 UnusedImport] ../../purescript-backend-optimizer-phpurs/src/TestInfer.purs:8:1

  8  import Data.Tuple (Tuple(..))
     ^^^^^^^^^^^^^^^^^^^^^^^^^^^^^

  The import of Data.Tuple is redundant

[WARNING 63/87 UnusedExplicitImport] src/Main.purs:7:1

  7  import Effect.Aff (Aff, launchAff_, attempt)
     ^^^^^^^^^^^^^^^^^^^^^^^^^^^^^^^^^^^^^^^^^^^^

  The import of module Effect.Aff contains the following unused references:
    Aff
  It could be replaced with:
    import Effect.Aff (attempt, launchAff_)

[WARNING 64/87 UnusedImport] src/Main.purs:10:1

  10  import Node.FS.Stats as Stats
      ^^^^^^^^^^^^^^^^^^^^^^^^^^^^^

  The qualified import of Node.FS.Stats as Stats is redundant

[WARNING 65/87 UnusedImport] src/Main.purs:13:1

  13  import Data.Argonaut.Parser (jsonParser)
      ^^^^^^^^^^^^^^^^^^^^^^^^^^^^^^^^^^^^^^^^

  The import of Data.Argonaut.Parser is redundant

[WARNING 66/87 UnusedImport] src/Main.purs:15:1

  15  import Data.Either (Either(..), isRight)
      ^^^^^^^^^^^^^^^^^^^^^^^^^^^^^^^^^^^^^^^^

  The import of Data.Either is redundant

[WARNING 67/87 UnusedImport] src/Main.purs:16:1

  16  import Data.Bifunctor (lmap)
      ^^^^^^^^^^^^^^^^^^^^^^^^^^^^

  The import of Data.Bifunctor is redundant

[WARNING 68/87 UnusedImport] src/Main.purs:17:1

  17  import Data.Argonaut.Decode.Error (printJsonDecodeError)
      ^^^^^^^^^^^^^^^^^^^^^^^^^^^^^^^^^^^^^^^^^^^^^^^^^^^^^^^^

  The import of Data.Argonaut.Decode.Error is redundant

[WARNING 69/87 UnusedImport] src/Main.purs:19:1

  19  import Data.List as List
      ^^^^^^^^^^^^^^^^^^^^^^^^

  The qualified import of Data.List as List is redundant

[WARNING 70/87 UnusedExplicitImport] src/Main.purs:20:1

  20  import Data.Maybe (Maybe(..), isJust, maybe, fromMaybe)
      ^^^^^^^^^^^^^^^^^^^^^^^^^^^^^^^^^^^^^^^^^^^^^^^^^^^^^^^

  The import of module Data.Maybe contains the following unused references:
    maybe
  It could be replaced with:
    import Data.Maybe (Maybe(..), fromMaybe, isJust)

[WARNING 71/87 UnusedImport] src/Main.purs:27:1

  27  import PureScript.Backend.Optimizer.CoreFn.Json (decodeModule)
      ^^^^^^^^^^^^^^^^^^^^^^^^^^^^^^^^^^^^^^^^^^^^^^^^^^^^^^^^^^^^^^

  The import of PureScript.Backend.Optimizer.CoreFn.Json is redundant

[WARNING 72/87 UnusedImport] src/Main.purs:28:1

  28  import PureScript.Backend.Optimizer.CoreFn.Sort (sortModules)
      ^^^^^^^^^^^^^^^^^^^^^^^^^^^^^^^^^^^^^^^^^^^^^^^^^^^^^^^^^^^^^

  The import of PureScript.Backend.Optimizer.CoreFn.Sort is redundant

[WARNING 73/87 UnusedExplicitImport] src/Main.purs:30:1

  30  import PureScript.Backend.Optimizer.CoreFn (Module(..), Ann, Ident(..), importName, Qualified(..), ModuleName(..), ExprType(..))
      ^^^^^^^^^^^^^^^^^^^^^^^^^^^^^^^^^^^^^^^^^^^^^^^^^^^^^^^^^^^^^^^^^^^^^^^^^^^^^^^^^^^^^^^^^^^^^^^^^^^^^^^^^^^^^^^^^^^^^^^^^^^^^^^^

  The import of module PureScript.Backend.Optimizer.CoreFn contains the following unused references:
    Ann
    Qualified
  It could be replaced with:
    import PureScript.Backend.Optimizer.CoreFn (ExprType(..), Ident(..), Module(..), ModuleName(..), importName)

[WARNING 74/87 UnusedExplicitImport] src/Main.purs:38:1

  38  import Data.String (joinWith, replace, replaceAll, trim, length, contains)
      ^^^^^^^^^^^^^^^^^^^^^^^^^^^^^^^^^^^^^^^^^^^^^^^^^^^^^^^^^^^^^^^^^^^^^^^^^^

  The import of module Data.String contains the following unused references:
    contains
  It could be replaced with:
    import Data.String (joinWith, length, replace, replaceAll, trim)

[WARNING 75/87 UnusedExplicitImport] src/Main.purs:40:1

  40  import PureScript.Backend.Optimizer.App (coreFnModulesFromOutput, parseCLIArgs, checkCache, writeCache, loadDirectives)
      ^^^^^^^^^^^^^^^^^^^^^^^^^^^^^^^^^^^^^^^^^^^^^^^^^^^^^^^^^^^^^^^^^^^^^^^^^^^^^^^^^^^^^^^^^^^^^^^^^^^^^^^^^^^^^^^^^^^^^^^

  The import of module PureScript.Backend.Optimizer.App contains the following unused references:
    checkCache
    writeCache
  It could be replaced with:
    import PureScript.Backend.Optimizer.App (coreFnModulesFromOutput, loadDirectives, parseCLIArgs)

[WARNING 76/87 UnusedImport] src/Main.purs:45:1

  45  import PureScript.Backend.Optimizer.Convert (BackendBindingGroup(..))
      ^^^^^^^^^^^^^^^^^^^^^^^^^^^^^^^^^^^^^^^^^^^^^^^^^^^^^^^^^^^^^^^^^^^^^

  The import of PureScript.Backend.Optimizer.Convert is redundant

[WARNING 77/87 UnusedName] src/Main.purs:97:13

  97          let modNameStr = unwrap coreFnMod.name
                  ^^^^^^^^^^^^^^^^^^^^^^^^^^^^^^^^^^

  Name modNameStr was introduced but not used.
  in value declaration main

[WARNING 78/87 UnusedExplicitImport] src/Phpurs/CodeGen.purs:17:1

  17  import PureScript.Backend.Optimizer.Codegen.Tco (TcoExpr(..), tcoAnalysisOf, unTcoExpr, TcoRef(..), TcoUsage(..), TcoAnalysis(..))
      ^^^^^^^^^^^^^^^^^^^^^^^^^^^^^^^^^^^^^^^^^^^^^^^^^^^^^^^^^^^^^^^^^^^^^^^^^^^^^^^^^^^^^^^^^^^^^^^^^^^^^^^^^^^^^^^^^^^^^^^^^^^^^^^^^^

  The import of module PureScript.Backend.Optimizer.Codegen.Tco contains the following unused references:
    unTcoExpr
  It could be replaced with:
    import PureScript.Backend.Optimizer.Codegen.Tco (TcoAnalysis(..), TcoExpr(..), TcoRef(..), TcoUsage(..), tcoAnalysisOf)

[WARNING 79/87 UnusedExplicitImport] src/Phpurs/CodeGen.purs:31:1

  31  import Data.Foldable (all, foldl, foldr, foldMap)
      ^^^^^^^^^^^^^^^^^^^^^^^^^^^^^^^^^^^^^^^^^^^^^^^^^

  The import of module Data.Foldable contains the following unused references:
    foldr
  It could be replaced with:
    import Data.Foldable (all, foldMap, foldl)

[WARNING 80/87 UnusedImport] src/Phpurs/CodeGen.purs:33:1

  33  import Debug as Debug
      ^^^^^^^^^^^^^^^^^^^^^

  The qualified import of Debug as Debug is redundant

[WARNING 81/87 UnusedImport] src/Phpurs/CodeGen.purs:37:1

  37  import Data.Set (Set)
      ^^^^^^^^^^^^^^^^^^^^^

  The import of Data.Set is redundant

[WARNING 82/87 UnusedImport] src/Phpurs/CodeGen.purs:38:1

  38  import Data.Set as Set
      ^^^^^^^^^^^^^^^^^^^^^^

  The qualified import of Data.Set as Set is redundant

[WARNING 83/87 UserDefinedWarning] src/Phpurs/CodeGen.purs:153:1

  153  translateExprImpl_ :: String -> Array String -> Map String String -> Map String String -> Maybe String -> Array LoopCtx -> Boolean -> Boolean -> Int -> TcoExpr -> TranslationRes
       ^^^^^^^^^^^^^^^^^^^^^^^^^^^^^^^^^^^^^^^^^^^^^^^^^^^^^^^^^^^^^^^^^^^^^^^^^^^^^^^^^^^^^^^^^^^^^^^^^^^^^^^^^^^^^^^^^^^^^^^^^^^^^^^^^^^^^^^^^^^^^^^^^^^^^^^^^^^^^^^^^^^^^^^^^^^^^^^^^

  A custom warning occurred while solving type class constraints:
    Debug function usage
  in binding group translateExprImpl_

[WARNING 84/87 UserDefinedWarning] src/Phpurs/CodeGen.purs:726:1

  726  translate :: Array (Array String) -> BackendModule -> PhpFile
       ^^^^^^^^^^^^^^^^^^^^^^^^^^^^^^^^^^^^^^^^^^^^^^^^^^^^^^^^^^^^^

  A custom warning occurred while solving type class constraints:
    Debug function usage
  in value declaration translate

[WARNING 85/87 UserDefinedWarning] src/Phpurs/CodeGen.purs:726:1

  726  translate :: Array (Array String) -> BackendModule -> PhpFile
       ^^^^^^^^^^^^^^^^^^^^^^^^^^^^^^^^^^^^^^^^^^^^^^^^^^^^^^^^^^^^^

  A custom warning occurred while solving type class constraints:
    Debug function usage
  in value declaration translate

[WARNING 86/87 UnusedName] src/Phpurs/CodeGen.purs:797:29

  797                              useVarsOuter = Array.nub (map (\mapped -> if Array.elem mapped recVars then "&" <> mapped else mapped) mappedFvs)
                                   ^^^^^^^^^^^^^^^^^^^^^^^^^^^^^^^^^^^^^^^^^^^^^^^^^^^^^^^^^^^^^^^^^^^^^^^^^^^^^^^^^^^^^^^^^^^^^^^^^^^^^^^^^^^^^^^^^

  Name useVarsOuter was introduced but not used.
  in value declaration translate

[WARNING 87/87 UnusedImport] src/ScratchTco.purs:5:1

  5  import Data.Maybe (Maybe(..))
     ^^^^^^^^^^^^^^^^^^^^^^^^^^^^^

  The import of Data.Maybe is redundant

           Src   Lib   All
Warnings    25    62    87
Errors       0     0     0

✓ Build succeeded.

Reading Spago workspace configuration...

✓ Selecting package to build: phpurs

Downloading dependencies...
Building...
           Src   Lib   All
Warnings     0     0     0
Errors       0     0     0

✓ Build succeeded.

Bundling...

  bin/phpurs.js  1.1mb ⚠️

⚡ Done in 29ms

✓ Bundle succeeded.

Building...
Reading Spago workspace configuration...

✓ Selecting package to build: ps-php-test

Downloading dependencies...
Building...
[  3 of 299] Compiling Unsafe.Coerce
[  4 of 299] Compiling Type.Equality
[  2 of 299] Compiling Spago.Generated.BuildInfo
[  1 of 299] Compiling Type.Proxy
[  5 of 299] Compiling Record.Unsafe
[  6 of 299] Compiling Partial
[  7 of 299] Compiling Data.String.Unsafe
[  8 of 299] Compiling Data.Int.Bits
[  9 of 299] Compiling Data.Traversable.Accum
[ 10 of 299] Compiling Data.Void
[ 11 of 299] Compiling Data.NaturalTransformation
[ 12 of 299] Compiling Data.Unit
[ 13 of 299] Compiling Control.Semigroupoid
[ 14 of 299] Compiling Data.Boolean
[ 15 of 299] Compiling Data.Function.Uncurried
[ 16 of 299] Compiling Control.Lazy
[ 17 of 299] Compiling Data.Symbol
[ 18 of 299] Compiling Data.Exists
[ 19 of 299] Compiling Safe.Coerce
[ 20 of 299] Compiling Control.Category
[ 21 of 299] Compiling Partial.Unsafe
[ 22 of 299] Compiling Data.HeytingAlgebra
[ 23 of 299] Compiling Data.Semiring
[ 24 of 299] Compiling Data.Semigroup
[ 25 of 299] Compiling Data.Show
[ 26 of 299] Compiling Data.Ring
[ 27 of 299] Compiling Data.Eq
[ 28 of 299] Compiling Data.Generic.Rep
[ 29 of 299] Compiling Data.BooleanAlgebra
[ 30 of 299] Compiling Data.CommutativeRing
[ 31 of 299] Compiling Data.Ordering
[ 32 of 299] Compiling Data.EuclideanRing
[ 33 of 299] Compiling Data.Ord
[ 34 of 299] Compiling Data.DivisionRing
[ 35 of 299] Compiling Data.Field
[ 36 of 299] Compiling Data.Bounded
[ 38 of 299] Compiling Data.Reflectable
[ 37 of 299] Compiling Data.Monoid
[ 39 of 299] Compiling Data.Function
[ 40 of 299] Compiling Data.Functor
[ 42 of 299] Compiling Control.Alt
[ 41 of 299] Compiling Control.Apply
[ 43 of 299] Compiling Data.Monoid.Generic
[ 44 of 299] Compiling Control.Extend
[ 45 of 299] Compiling Data.Bounded.Generic
[ 46 of 299] Compiling Control.Plus
[ 47 of 299] Compiling Control.Comonad
[ 48 of 299] Compiling Control.Applicative
[ 50 of 299] Compiling Control.Alternative
[ 49 of 299] Compiling Control.Bind
[ 51 of 299] Compiling Control.Monad
[ 52 of 299] Compiling Prelude
[ 53 of 299] Compiling Control.MonadPlus
[ 54 of 299] Compiling Data.Eq.Generic
[ 55 of 299] Compiling Data.Semiring.Generic
[ 56 of 299] Compiling Data.Ord.Generic
[ 57 of 299] Compiling Data.Show.Generic
[ 58 of 299] Compiling Data.Monoid.Additive
[ 60 of 299] Compiling Data.Monoid.Endo
[ 59 of 299] Compiling Data.HeytingAlgebra.Generic
[ 61 of 299] Compiling Data.Monoid.Disj
[ 62 of 299] Compiling Data.Monoid.Multiplicative
[ 63 of 299] Compiling Data.Semigroup.Generic
[ 64 of 299] Compiling Data.Monoid.Dual
[ 66 of 299] Compiling Data.Ring.Generic
[ 67 of 299] Compiling Control.Monad.Trans.Class
[ 65 of 299] Compiling Data.Traversable.Accum.Internal
[ 68 of 299] Compiling Data.Semigroup.First
[ 69 of 299] Compiling Control.Monad.Reader.Class
[ 71 of 299] Compiling Data.Semigroup.Last
[ 72 of 299] Compiling Control.Monad.Cont.Class
[ 73 of 299] Compiling Control.Monad.Gen.Class
[ 74 of 299] Compiling Effect
[ 75 of 299] Compiling Data.Number.Format
[ 70 of 299] Compiling Data.Monoid.Conj
[ 77 of 299] Compiling Test.Main
[ 76 of 299] Compiling Effect.Console
[ 79 of 299] Compiling Effect.Class
[ 80 of 299] Compiling Effect.Ref
[ 78 of 299] Compiling Effect.Uncurried
[ 81 of 299] Compiling Effect.Unsafe
[ 84 of 299] Compiling Test.TC
[ 85 of 299] Compiling Bench
[ 83 of 299] Compiling Effect.Class.Console
[ 82 of 299] Compiling Data.Newtype
[ 86 of 299] Compiling Test.TCOFFI
[ 88 of 299] Compiling Test.RBTreeFFICheatcode
[ 87 of 299] Compiling Test.RBTree
[ 89 of 299] Compiling Test.RowToListFFICheatcode
[ 90 of 299] Compiling Test.TCO
[ 91 of 299] Compiling Test.Records
[ 92 of 299] Compiling Test.PolymorphismFFICheatcode
[ 93 of 299] Compiling Test.StateMonadFFI
[ 94 of 299] Compiling Test.PolymorphismFFI
[ 95 of 299] Compiling Test.ListOps
[ 96 of 299] Compiling Test.TCOFFICheatcode
[ 97 of 299] Compiling Test.Polymorphism
[ 98 of 299] Compiling Test.PrimesFFICheatcode
[ 99 of 299] Compiling Test.RBTreeFFI
[100 of 299] Compiling Test.RowToListFFI
[104 of 299] Compiling Test.Fib
[103 of 299] Compiling Test.ListOpsFFICheatcode
[105 of 299] Compiling Test.RecordsFFI
[101 of 299] Compiling Test.AstTreeFFICheatcode
[106 of 299] Compiling Test.AstTree
[102 of 299] Compiling Test.StateMonad
[107 of 299] Compiling Test.AstTreeFFI
[110 of 299] Compiling Test.Primes
[108 of 299] Compiling Test.ListOpsFFI
[112 of 299] Compiling Test.RowToList
[114 of 299] Compiling Test.PrimesFFI
[113 of 299] Compiling Test.ChurchFFICheatcode
[111 of 299] Compiling Test.AckermannFFI
[109 of 299] Compiling Test.LazyEvaluationFFI
[116 of 299] Compiling Test.LazyEvaluation
[117 of 299] Compiling Test.ArrayOpsFFI
[118 of 299] Compiling Test.Church
[120 of 299] Compiling Test.ChurchFFI
[115 of 299] Compiling Test.ArrayOpsFFICheatcode
[119 of 299] Compiling Test.FibFFICheatcode
[121 of 299] Compiling Test.LazyEvaluationFFICheatcode
[122 of 299] Compiling Test.StateMonadFFICheatcode
[123 of 299] Compiling Test.RecordsFFICheatcode
[124 of 299] Compiling Test.AckermannFFICheatcode
[126 of 299] Compiling Test.FibFFI
[125 of 299] Compiling Test.Ackermann
[130 of 299] Compiling Data.Functor.App
[127 of 299] Compiling Data.Time.Duration
[128 of 299] Compiling Data.Ord.Max
[129 of 299] Compiling Data.Ord.Min
[131 of 299] Compiling Data.String.Pattern
[132 of 299] Compiling Data.Profunctor
[133 of 299] Compiling Data.Monoid.Alternate
[134 of 299] Compiling Data.Ord.Down
[135 of 299] Compiling AppFFICheatcode
[136 of 299] Compiling AppFFI
[137 of 299] Compiling Data.String.Common
[138 of 299] Compiling Data.Profunctor.Closed
[139 of 299] Compiling Data.Functor.Invariant
[140 of 299] Compiling Data.Functor.Compose
[141 of 299] Compiling Data.Const
[143 of 299] Compiling Data.Identity
[142 of 299] Compiling Data.Maybe
[144 of 299] Compiling Data.Tuple
[146 of 299] Compiling Data.Profunctor.Join
[145 of 299] Compiling Data.Profunctor.Split
[147 of 299] Compiling Data.Functor.Contravariant
[148 of 299] Compiling Data.Op
[150 of 299] Compiling Data.Predicate
[149 of 299] Compiling Data.Comparison
[152 of 299] Compiling Data.Number
[151 of 299] Compiling Data.String.CodeUnits
[155 of 299] Compiling Data.Maybe.Last
[154 of 299] Compiling Data.Maybe.First
[153 of 299] Compiling Data.Either
[156 of 299] Compiling Data.Equivalence
[158 of 299] Compiling Data.Number.Approximate
[157 of 299] Compiling Data.Int
[159 of 299] Compiling Data.Divide
[160 of 299] Compiling Data.Profunctor.Strong
[163 of 299] Compiling Control.Monad.Writer.Class
[164 of 299] Compiling Control.Monad.State.Class
[161 of 299] Compiling Data.Distributive
[162 of 299] Compiling Data.Tuple.Nested
[165 of 299] Compiling Data.Profunctor.Costrong
[166 of 299] Compiling Data.Divisible
[167 of 299] Compiling Data.Decide
[169 of 299] Compiling Effect.Exception
[170 of 299] Compiling Data.Either.Inject
[171 of 299] Compiling Data.Profunctor.Cochoice
[172 of 299] Compiling Data.Profunctor.Choice
[173 of 299] Compiling Data.Bifunctor
[168 of 299] Compiling Data.Either.Nested
[174 of 299] Compiling Effect.Exception.Unsafe
[175 of 299] Compiling Control.Monad.Error.Class
[176 of 299] Compiling Control.Biapply
[177 of 299] Compiling Data.Profunctor.Star
[178 of 299] Compiling Control.Monad.Rec.Class
[179 of 299] Compiling Data.Functor.Coproduct
[180 of 299] Compiling Data.Functor.Product
[181 of 299] Compiling Data.Functor.Costar
[182 of 299] Compiling Data.Decidable
[183 of 299] Compiling Control.Biapplicative
[184 of 299] Compiling Data.Functor.Flip
[185 of 299] Compiling Data.Functor.Clown
[186 of 299] Compiling Data.Functor.Joker
[187 of 299] Compiling Data.Functor.Product2
[188 of 299] Compiling Data.Bifunctor.Join
[190 of 299] Compiling Data.Functor.Coproduct.Inject
[189 of 299] Compiling Data.Functor.Coproduct.Nested
[191 of 299] Compiling Data.Functor.Product.Nested
[192 of 299] Compiling Data.FunctorWithIndex
[193 of 299] Compiling Data.Foldable
[194 of 299] Compiling Control.Monad.ST.Internal
[195 of 299] Compiling Control.Monad.ST.Uncurried
[196 of 299] Compiling Control.Monad.ST.Ref
[197 of 299] Compiling Control.Monad.ST
[198 of 299] Compiling Control.Monad.ST.Global
[199 of 299] Compiling Control.Monad.ST.Class
[200 of 299] Compiling Control.Monad.Reader.Trans
[201 of 299] Compiling Control.Monad.Maybe.Trans
[202 of 299] Compiling Control.Monad.Cont.Trans
[203 of 299] Compiling Control.Monad.Except.Trans
[204 of 299] Compiling Control.Monad.RWS.Trans
[205 of 299] Compiling Control.Monad.State.Trans
[206 of 299] Compiling Control.Monad.Writer.Trans
[207 of 299] Compiling Data.Array.ST
[208 of 299] Compiling Data.Array.ST.Iterator
[209 of 299] Compiling Data.Array.ST.Partial
[210 of 299] Compiling Control.Monad.Cont
[211 of 299] Compiling Control.Monad.Reader
[212 of 299] Compiling Control.Monad.State
[213 of 299] Compiling Control.Monad.Except
[214 of 299] Compiling Control.Monad.Writer
[215 of 299] Compiling Control.Parallel.Class
[216 of 299] Compiling Control.Monad.RWS
[217 of 299] Compiling Data.Bifoldable
[218 of 299] Compiling Data.Semigroup.Foldable
[219 of 299] Compiling Data.FoldableWithIndex
[220 of 299] Compiling Data.Traversable
[221 of 299] Compiling Data.Bitraversable
[222 of 299] Compiling Data.Semigroup.Traversable
[223 of 299] Compiling Control.Parallel
[224 of 299] Compiling Control.Monad.Identity.Trans
[225 of 299] Compiling Effect.Aff
[226 of 299] Compiling Data.Unfoldable1
[227 of 299] Compiling Data.TraversableWithIndex
[228 of 299] Compiling Control.Comonad.Trans.Class
[230 of 299] Compiling Control.Comonad.Store.Trans
[229 of 299] Compiling Control.Comonad.Traced.Trans
[231 of 299] Compiling Data.Unfoldable
[233 of 299] Compiling Control.Monad.Gen
[232 of 299] Compiling Data.Enum
[234 of 299] Compiling Data.Time.Duration.Gen
[235 of 299] Compiling Data.Array.NonEmpty.Internal
[236 of 299] Compiling Data.NonEmpty
[237 of 299] Compiling Data.Lazy
[238 of 299] Compiling Control.Comonad.Env.Trans
[239 of 299] Compiling Effect.Aff.Compat
[240 of 299] Compiling Data.Array
[241 of 299] Compiling Data.Char
[242 of 299] Compiling Data.Time.Component
[243 of 299] Compiling Data.Date.Component
[244 of 299] Compiling Data.Enum.Generic
[245 of 299] Compiling Control.Comonad.Store.Class
[246 of 299] Compiling Control.Monad.List.Trans
[247 of 299] Compiling Data.Char.Gen
[248 of 299] Compiling Data.Enum.Gen
[249 of 299] Compiling Data.List.Types
[250 of 299] Compiling Control.Monad.Gen.Common
[251 of 299] Compiling Data.List.Lazy.Types
[252 of 299] Compiling Control.Comonad.Store
[253 of 299] Compiling Data.Time
[254 of 299] Compiling Data.Time.Component.Gen
[255 of 299] Compiling Data.String.Gen
[256 of 299] Compiling Control.Comonad.Env.Class
[257 of 299] Compiling Data.Date.Component.Gen
[258 of 299] Compiling Data.Date
[259 of 299] Compiling Control.Comonad.Env
[260 of 299] Compiling Control.Comonad.Traced.Class
[261 of 299] Compiling Data.Time.Gen
[262 of 299] Compiling Control.Comonad.Traced
[263 of 299] Compiling Data.Date.Gen
[264 of 299] Compiling Data.DateTime
[266 of 299] Compiling Data.DateTime.Gen
[265 of 299] Compiling Data.DateTime.Instant
[269 of 299] Compiling Data.Array.Partial
[267 of 299] Compiling Data.String.CodePoints
[268 of 299] Compiling Data.Array.NonEmpty
[270 of 299] Compiling Test.ArrayOps
[271 of 299] Compiling App
[272 of 299] Compiling Data.List.Internal
[273 of 299] Compiling Effect.Aff.Class
[274 of 299] Compiling Effect.Now
[275 of 299] Compiling Data.List
[276 of 299] Compiling Data.List.Lazy
[277 of 299] Compiling Data.String
[278 of 299] Compiling Data.String.Regex.Flags
[279 of 299] Compiling Data.String.CaseInsensitive
[280 of 299] Compiling Data.String.NonEmpty.Internal
[281 of 299] Compiling Data.String.Regex
[282 of 299] Compiling Data.String.NonEmpty.CodePoints
[283 of 299] Compiling Data.String.NonEmpty.CodeUnits
[284 of 299] Compiling Data.String.Regex.Unsafe
[285 of 299] Compiling Data.String.NonEmpty
[286 of 299] Compiling Data.String.NonEmpty.CaseInsensitive
[287 of 299] Compiling Data.List.Partial
[289 of 299] Compiling Main
[288 of 299] Compiling Data.List.NonEmpty
[292 of 299] Compiling Data.List.ZipList
[291 of 299] Compiling Data.List.Lazy.NonEmpty
[290 of 299] Compiling Data.Map.Internal
[293 of 299] Compiling Data.Set
[295 of 299] Compiling Data.Map
[294 of 299] Compiling Data.Set.NonEmpty
[296 of 299] Compiling Data.Map.Gen
[297 of 299] Compiling Data.Interval.Duration
[298 of 299] Compiling Data.Interval
[299 of 299] Compiling Data.Interval.Duration.Iso
           Src   Lib   All
Warnings     0     0     0
Errors       0     0     0

✓ Build succeeded.

Compiling with backend "../phpurs/phpurs/bin/phpurs"
Generating PHP code for Control.Semigroupoid (Total AST Nodes: 3)
Generating PHP code for Control.Category (Total AST Nodes: 2)
Generating PHP code for Data.Boolean (Total AST Nodes: 1)
Generating PHP code for Type.Proxy (Total AST Nodes: 1)
Generating PHP code for Data.Symbol (Total AST Nodes: 2)
Generating PHP code for Data.Unit (Total AST Nodes: 0)
Generating PHP code for Record.Unsafe (Total AST Nodes: 0)
Generating PHP code for Data.HeytingAlgebra (Total AST Nodes: 19)
Generating PHP code for Data.Void (Total AST Nodes: 1)
Generating PHP code for Data.Eq (Total AST Nodes: 18)
Generating PHP code for Data.Semigroup (Total AST Nodes: 11)
Generating PHP code for Data.Show (Total AST Nodes: 15)
Generating PHP code for Data.Ordering (Total AST Nodes: 7)
Generating PHP code for Data.Semiring (Total AST Nodes: 16)
Generating PHP code for Data.Ring (Total AST Nodes: 11)
Generating PHP code for Data.Ord (Total AST Nodes: 28)
Generating PHP code for Data.Function (Total AST Nodes: 6)
Generating PHP code for Data.Functor (Total AST Nodes: 9)
Generating PHP code for Control.Apply (Total AST Nodes: 10)
Generating PHP code for Control.Applicative (Total AST Nodes: 7)
Generating PHP code for Control.Bind (Total AST Nodes: 12)
Generating PHP code for Control.Monad (Total AST Nodes: 7)
Generating PHP code for Data.BooleanAlgebra (Total AST Nodes: 7)
Generating PHP code for Data.CommutativeRing (Total AST Nodes: 8)
Generating PHP code for Data.EuclideanRing (Total AST Nodes: 7)
Generating PHP code for Data.Monoid (Total AST Nodes: 12)
Generating PHP code for Data.Bounded (Total AST Nodes: 14)
Generating PHP code for Data.DivisionRing (Total AST Nodes: 4)
Generating PHP code for Data.Field (Total AST Nodes: 1)
Generating PHP code for Data.NaturalTransformation (Total AST Nodes: 0)
Generating PHP code for Prelude (Total AST Nodes: 0)
Generating PHP code for Effect (Total AST Nodes: 7)
Generating PHP code for Effect.Console (Total AST Nodes: 6)
Generating PHP code for Bench (Total AST Nodes: 1)
Generating PHP code for Test.Ackermann (Total AST Nodes: 3)
Generating PHP code for Control.Alt (Total AST Nodes: 2)
Generating PHP code for Control.Plus (Total AST Nodes: 2)
Generating PHP code for Control.Alternative (Total AST Nodes: 2)
Generating PHP code for Control.Lazy (Total AST Nodes: 4)
Generating PHP code for Data.Monoid.Additive (Total AST Nodes: 14)
Generating PHP code for Control.Extend (Total AST Nodes: 7)
Generating PHP code for Control.Comonad (Total AST Nodes: 1)
Generating PHP code for Data.Monoid.Conj (Total AST Nodes: 15)
Generating PHP code for Data.Monoid.Disj (Total AST Nodes: 15)
Generating PHP code for Data.Monoid.Dual (Total AST Nodes: 14)
Generating PHP code for Data.Monoid.Endo (Total AST Nodes: 7)
Generating PHP code for Data.Monoid.Multiplicative (Total AST Nodes: 14)
Generating PHP code for Data.Semigroup.First (Total AST Nodes: 13)
Generating PHP code for Data.Semigroup.Last (Total AST Nodes: 13)
Generating PHP code for Unsafe.Coerce (Total AST Nodes: 0)
Generating PHP code for Safe.Coerce (Total AST Nodes: 1)
Generating PHP code for Data.Newtype (Total AST Nodes: 24)
Generating PHP code for Data.Monoid.Alternate (Total AST Nodes: 20)
Generating PHP code for Data.Functor.Invariant (Total AST Nodes: 11)
Generating PHP code for Data.Const (Total AST Nodes: 21)
Generating PHP code for Data.Generic.Rep (Total AST Nodes: 14)
Generating PHP code for Data.Maybe (Total AST Nodes: 30)
Generating PHP code for Data.Either (Total AST Nodes: 30)
Generating PHP code for Data.Tuple (Total AST Nodes: 30)
Generating PHP code for Data.Bifunctor (Total AST Nodes: 7)
Generating PHP code for Data.Identity (Total AST Nodes: 26)
Generating PHP code for Effect.Ref (Total AST Nodes: 4)
Generating PHP code for Partial (Total AST Nodes: 2)
Generating PHP code for Partial.Unsafe (Total AST Nodes: 2)
Generating PHP code for Control.Monad.Rec.Class (Total AST Nodes: 20)
Generating PHP code for Control.Monad.ST.Internal (Total AST Nodes: 10)
Generating PHP code for Control.Monad.ST (Total AST Nodes: 0)
Generating PHP code for Control.MonadPlus (Total AST Nodes: 1)
Generating PHP code for Data.Functor.App (Total AST Nodes: 24)
Generating PHP code for Data.Functor.Compose (Total AST Nodes: 14)
Generating PHP code for Data.Functor.Coproduct (Total AST Nodes: 14)
Generating PHP code for Data.Functor.Product (Total AST Nodes: 14)
Generating PHP code for Data.Maybe.First (Total AST Nodes: 20)
Generating PHP code for Data.Maybe.Last (Total AST Nodes: 20)
Generating PHP code for Data.Foldable (Total AST Nodes: 58)
Generating PHP code for Data.FunctorWithIndex (Total AST Nodes: 19)
Generating PHP code for Data.FoldableWithIndex (Total AST Nodes: 35)
Generating PHP code for Data.Function.Uncurried (Total AST Nodes: 2)
Generating PHP code for Data.Ord.Max (Total AST Nodes: 7)
Generating PHP code for Data.Ord.Min (Total AST Nodes: 7)
Generating PHP code for Data.Semigroup.Foldable (Total AST Nodes: 26)
Generating PHP code for Data.Traversable.Accum (Total AST Nodes: 0)
Generating PHP code for Data.Traversable.Accum.Internal (Total AST Nodes: 10)
Generating PHP code for Data.Traversable (Total AST Nodes: 26)
Generating PHP code for Data.Semigroup.Traversable (Total AST Nodes: 8)
Generating PHP code for Data.TraversableWithIndex (Total AST Nodes: 25)
Generating PHP code for Data.Unfoldable1 (Total AST Nodes: 8)
Generating PHP code for Data.Array.NonEmpty.Internal (Total AST Nodes: 21)
Generating PHP code for Control.Monad.ST.Uncurried (Total AST Nodes: 0)
Generating PHP code for Data.Array.ST (Total AST Nodes: 22)
Generating PHP code for Control.Monad.ST.Ref (Total AST Nodes: 0)
Generating PHP code for Data.Array.ST.Iterator (Total AST Nodes: 8)
Generating PHP code for Data.Unfoldable (Total AST Nodes: 7)
Generating PHP code for Data.Array (Total AST Nodes: 86)
Generating PHP code for Test.ArrayOps (Total AST Nodes: 5)
Generating PHP code for Test.AstTree (Total AST Nodes: 8)
Generating PHP code for Test.Church (Total AST Nodes: 12)
Generating PHP code for Test.Fib (Total AST Nodes: 3)
Generating PHP code for Test.LazyEvaluation (Total AST Nodes: 7)
Generating PHP code for Test.ListOps (Total AST Nodes: 8)
Generating PHP code for Test.Polymorphism (Total AST Nodes: 6)
Generating PHP code for Test.Primes (Total AST Nodes: 9)
Generating PHP code for Test.RBTree (Total AST Nodes: 13)
Generating PHP code for Test.Records (Total AST Nodes: 4)
Generating PHP code for Test.RowToList (Total AST Nodes: 6)
Generating PHP code for Test.StateMonad (Total AST Nodes: 11)
Generating PHP code for Test.TCO (Total AST Nodes: 3)
Generating PHP code for App (Total AST Nodes: 2)
Generating PHP code for Test.AckermannFFI (Total AST Nodes: 2)
Generating PHP code for Test.AckermannFFICheatcode (Total AST Nodes: 2)
Generating PHP code for Test.ArrayOpsFFI (Total AST Nodes: 2)
Generating PHP code for Test.ArrayOpsFFICheatcode (Total AST Nodes: 2)
Generating PHP code for Test.AstTreeFFI (Total AST Nodes: 2)
Generating PHP code for Test.AstTreeFFICheatcode (Total AST Nodes: 2)
Generating PHP code for Test.ChurchFFI (Total AST Nodes: 2)
Generating PHP code for Test.ChurchFFICheatcode (Total AST Nodes: 2)
Generating PHP code for Test.FibFFI (Total AST Nodes: 2)
Generating PHP code for Test.FibFFICheatcode (Total AST Nodes: 2)
Generating PHP code for Test.LazyEvaluationFFI (Total AST Nodes: 2)
Generating PHP code for Test.LazyEvaluationFFICheatcode (Total AST Nodes: 2)
Generating PHP code for Test.ListOpsFFI (Total AST Nodes: 2)
Generating PHP code for Test.ListOpsFFICheatcode (Total AST Nodes: 2)
Generating PHP code for Test.PolymorphismFFI (Total AST Nodes: 2)
Generating PHP code for Test.PolymorphismFFICheatcode (Total AST Nodes: 2)
Generating PHP code for Test.PrimesFFI (Total AST Nodes: 2)
Generating PHP code for Test.PrimesFFICheatcode (Total AST Nodes: 2)
Generating PHP code for Test.RBTreeFFI (Total AST Nodes: 2)
Generating PHP code for Test.RBTreeFFICheatcode (Total AST Nodes: 2)
Generating PHP code for Test.RecordsFFI (Total AST Nodes: 2)
Generating PHP code for Test.RecordsFFICheatcode (Total AST Nodes: 2)
Generating PHP code for Test.RowToListFFI (Total AST Nodes: 2)
Generating PHP code for Test.RowToListFFICheatcode (Total AST Nodes: 2)
Generating PHP code for Test.StateMonadFFI (Total AST Nodes: 2)
Generating PHP code for Test.StateMonadFFICheatcode (Total AST Nodes: 2)
Generating PHP code for Test.TCOFFI (Total AST Nodes: 2)
Generating PHP code for Test.TCOFFICheatcode (Total AST Nodes: 2)
Generating PHP code for AppFFI (Total AST Nodes: 1)
Generating PHP code for AppFFICheatcode (Total AST Nodes: 1)
Generating PHP code for Control.Biapply (Total AST Nodes: 6)
Generating PHP code for Control.Biapplicative (Total AST Nodes: 2)
Generating PHP code for Control.Monad.Cont.Class (Total AST Nodes: 1)
Generating PHP code for Effect.Exception (Total AST Nodes: 4)
Generating PHP code for Control.Monad.Error.Class (Total AST Nodes: 13)
Generating PHP code for Control.Monad.Reader.Class (Total AST Nodes: 5)
Generating PHP code for Control.Monad.ST.Global (Total AST Nodes: 1)
Generating PHP code for Control.Monad.ST.Class (Total AST Nodes: 3)
Generating PHP code for Control.Monad.State.Class (Total AST Nodes: 6)
Generating PHP code for Control.Monad.Trans.Class (Total AST Nodes: 1)
Generating PHP code for Control.Monad.Writer.Class (Total AST Nodes: 5)
Generating PHP code for Effect.Class (Total AST Nodes: 2)
Generating PHP code for Control.Monad.Identity.Trans (Total AST Nodes: 33)
Generating PHP code for Control.Comonad.Trans.Class (Total AST Nodes: 2)
Generating PHP code for Control.Comonad.Env.Trans (Total AST Nodes: 14)
Generating PHP code for Control.Comonad.Store.Trans (Total AST Nodes: 7)
Generating PHP code for Control.Comonad.Traced.Trans (Total AST Nodes: 7)
Generating PHP code for Control.Comonad.Store.Class (Total AST Nodes: 9)
Generating PHP code for Control.Comonad.Store (Total AST Nodes: 2)
Generating PHP code for Control.Comonad.Env.Class (Total AST Nodes: 11)
Generating PHP code for Control.Comonad.Env (Total AST Nodes: 4)
Generating PHP code for Control.Comonad.Traced.Class (Total AST Nodes: 10)
Generating PHP code for Control.Comonad.Traced (Total AST Nodes: 2)
Generating PHP code for Control.Monad.Cont.Trans (Total AST Nodes: 19)
Generating PHP code for Control.Monad.Cont (Total AST Nodes: 4)
Generating PHP code for Control.Monad.Except.Trans (Total AST Nodes: 29)
Generating PHP code for Control.Monad.Except (Total AST Nodes: 3)
Generating PHP code for Control.Monad.Gen.Class (Total AST Nodes: 5)
Generating PHP code for Control.Monad.Gen (Total AST Nodes: 12)
Generating PHP code for Data.NonEmpty (Total AST Nodes: 21)
Generating PHP code for Control.Monad.Gen.Common (Total AST Nodes: 7)
Generating PHP code for Data.Lazy (Total AST Nodes: 30)
Generating PHP code for Control.Monad.List.Trans (Total AST Nodes: 52)
Generating PHP code for Control.Monad.Maybe.Trans (Total AST Nodes: 27)
Generating PHP code for Control.Monad.RWS.Trans (Total AST Nodes: 30)
Generating PHP code for Control.Monad.RWS (Total AST Nodes: 6)
Generating PHP code for Type.Equality (Total AST Nodes: 4)
Generating PHP code for Data.Distributive (Total AST Nodes: 8)
Generating PHP code for Control.Monad.Reader.Trans (Total AST Nodes: 29)
Generating PHP code for Control.Monad.Reader (Total AST Nodes: 3)
Generating PHP code for Control.Monad.State.Trans (Total AST Nodes: 31)
Generating PHP code for Control.Monad.State (Total AST Nodes: 5)
Generating PHP code for Control.Monad.Writer.Trans (Total AST Nodes: 28)
Generating PHP code for Control.Monad.Writer (Total AST Nodes: 4)
Generating PHP code for Data.Functor.Contravariant (Total AST Nodes: 5)
Generating PHP code for Data.Profunctor (Total AST Nodes: 7)
Generating PHP code for Data.Profunctor.Closed (Total AST Nodes: 2)
Generating PHP code for Data.Profunctor.Strong (Total AST Nodes: 5)
Generating PHP code for Data.Functor.Costar (Total AST Nodes: 16)
Generating PHP code for Data.Profunctor.Choice (Total AST Nodes: 5)
Generating PHP code for Data.Profunctor.Star (Total AST Nodes: 20)
Generating PHP code for Control.Parallel.Class (Total AST Nodes: 17)
Generating PHP code for Control.Parallel (Total AST Nodes: 7)
Generating PHP code for Data.Array.NonEmpty (Total AST Nodes: 103)
Generating PHP code for Data.Array.Partial (Total AST Nodes: 4)
Generating PHP code for Data.Array.ST.Partial (Total AST Nodes: 2)
Generating PHP code for Data.Functor.Clown (Total AST Nodes: 11)
Generating PHP code for Data.Functor.Flip (Total AST Nodes: 12)
Generating PHP code for Data.Functor.Joker (Total AST Nodes: 16)
Generating PHP code for Data.Functor.Product2 (Total AST Nodes: 9)
Generating PHP code for Data.Bifoldable (Total AST Nodes: 20)
Generating PHP code for Data.Bifunctor.Join (Total AST Nodes: 8)
Generating PHP code for Data.Bitraversable (Total AST Nodes: 16)
Generating PHP code for Data.Bounded.Generic (Total AST Nodes: 14)
Generating PHP code for Data.Enum (Total AST Nodes: 35)
Generating PHP code for Data.Char (Total AST Nodes: 2)
Generating PHP code for Data.Char.Gen (Total AST Nodes: 7)
Generating PHP code for Data.Comparison (Total AST Nodes: 6)
Generating PHP code for Data.Date.Component (Total AST Nodes: 43)
Generating PHP code for Data.Int.Bits (Total AST Nodes: 0)
Generating PHP code for Data.Number (Total AST Nodes: 10)
Generating PHP code for Data.Int (Total AST Nodes: 28)
Generating PHP code for Data.Time.Duration (Total AST Nodes: 44)
Generating PHP code for Data.Date (Total AST Nodes: 16)
Generating PHP code for Data.Enum.Gen (Total AST Nodes: 1)
Generating PHP code for Data.Date.Component.Gen (Total AST Nodes: 4)
Generating PHP code for Data.Date.Gen (Total AST Nodes: 1)
Generating PHP code for Data.Time.Component (Total AST Nodes: 24)
Generating PHP code for Data.Time (Total AST Nodes: 19)
Generating PHP code for Data.DateTime (Total AST Nodes: 14)
Generating PHP code for Data.Time.Component.Gen (Total AST Nodes: 4)
Generating PHP code for Data.Time.Gen (Total AST Nodes: 1)
Generating PHP code for Data.DateTime.Gen (Total AST Nodes: 1)
Generating PHP code for Data.DateTime.Instant (Total AST Nodes: 10)
Generating PHP code for Data.Equivalence (Total AST Nodes: 7)
Generating PHP code for Data.Op (Total AST Nodes: 7)
Generating PHP code for Data.Predicate (Total AST Nodes: 5)
Generating PHP code for Data.Divide (Total AST Nodes: 6)
Generating PHP code for Data.Decide (Total AST Nodes: 6)
Generating PHP code for Data.Divisible (Total AST Nodes: 5)
Generating PHP code for Data.Decidable (Total AST Nodes: 6)
Generating PHP code for Data.Either.Inject (Total AST Nodes: 5)
Generating PHP code for Data.Either.Nested (Total AST Nodes: 30)
Generating PHP code for Data.Enum.Generic (Total AST Nodes: 20)
Generating PHP code for Data.Eq.Generic (Total AST Nodes: 8)
Generating PHP code for Data.Exists (Total AST Nodes: 2)
Generating PHP code for Data.Functor.Coproduct.Inject (Total AST Nodes: 5)
Generating PHP code for Data.Functor.Coproduct.Nested (Total AST Nodes: 30)
Generating PHP code for Data.Functor.Product.Nested (Total AST Nodes: 20)
Generating PHP code for Data.HeytingAlgebra.Generic (Total AST Nodes: 16)
Generating PHP code for Data.List.Types (Total AST Nodes: 53)
Generating PHP code for Data.List.Internal (Total AST Nodes: 12)
Generating PHP code for Data.List (Total AST Nodes: 74)
Generating PHP code for Data.Map.Internal (Total AST Nodes: 94)
Generating PHP code for Data.Set (Total AST Nodes: 34)
Generating PHP code for Data.Map (Total AST Nodes: 20)
Generating PHP code for Data.Interval.Duration (Total AST Nodes: 25)
Generating PHP code for Data.Interval (Total AST Nodes: 28)
Generating PHP code for Data.List.NonEmpty (Total AST Nodes: 60)
Generating PHP code for Data.Interval.Duration.Iso (Total AST Nodes: 18)
Generating PHP code for Data.List.Lazy.Types (Total AST Nodes: 59)
Generating PHP code for Data.List.Lazy (Total AST Nodes: 73)
Generating PHP code for Data.List.Lazy.NonEmpty (Total AST Nodes: 16)
Generating PHP code for Data.List.Partial (Total AST Nodes: 4)
Generating PHP code for Data.List.ZipList (Total AST Nodes: 16)
Generating PHP code for Data.Map.Gen (Total AST Nodes: 1)
Generating PHP code for Data.Monoid.Generic (Total AST Nodes: 6)
Generating PHP code for Data.Number.Approximate (Total AST Nodes: 6)
Generating PHP code for Data.Number.Format (Total AST Nodes: 7)
Generating PHP code for Data.Ord.Down (Total AST Nodes: 6)
Generating PHP code for Data.Ord.Generic (Total AST Nodes: 8)
Generating PHP code for Data.Profunctor.Cochoice (Total AST Nodes: 2)
Generating PHP code for Data.Profunctor.Costrong (Total AST Nodes: 2)
Generating PHP code for Data.Profunctor.Join (Total AST Nodes: 8)
Generating PHP code for Data.Profunctor.Split (Total AST Nodes: 8)
Generating PHP code for Data.Reflectable (Total AST Nodes: 6)
Generating PHP code for Data.Ring.Generic (Total AST Nodes: 6)
Generating PHP code for Data.Semigroup.Generic (Total AST Nodes: 7)
Generating PHP code for Data.Semiring.Generic (Total AST Nodes: 12)
Generating PHP code for Data.Set.NonEmpty (Total AST Nodes: 30)
Generating PHP code for Data.Show.Generic (Total AST Nodes: 9)
Generating PHP code for Data.String.Pattern (Total AST Nodes: 10)
Generating PHP code for Data.String.Unsafe (Total AST Nodes: 0)
Generating PHP code for Data.String.CodeUnits (Total AST Nodes: 16)
Generating PHP code for Data.String.Common (Total AST Nodes: 2)
Generating PHP code for Data.String.CodePoints (Total AST Nodes: 33)
Generating PHP code for Data.String (Total AST Nodes: 0)
Generating PHP code for Data.String.CaseInsensitive (Total AST Nodes: 5)
Generating PHP code for Data.String.Gen (Total AST Nodes: 8)
Generating PHP code for Data.String.NonEmpty.Internal (Total AST Nodes: 33)
Generating PHP code for Data.String.NonEmpty.CodePoints (Total AST Nodes: 23)
Generating PHP code for Data.String.NonEmpty (Total AST Nodes: 0)
Generating PHP code for Data.String.NonEmpty.CaseInsensitive (Total AST Nodes: 5)
Generating PHP code for Data.String.NonEmpty.CodeUnits (Total AST Nodes: 26)
Generating PHP code for Data.String.Regex.Flags (Total AST Nodes: 14)
Generating PHP code for Data.String.Regex (Total AST Nodes: 8)
Generating PHP code for Data.String.Regex.Unsafe (Total AST Nodes: 1)
Generating PHP code for Data.Time.Duration.Gen (Total AST Nodes: 5)
Generating PHP code for Data.Tuple.Nested (Total AST Nodes: 50)
Generating PHP code for Effect.Unsafe (Total AST Nodes: 0)
Generating PHP code for Effect.Aff (Total AST Nodes: 58)
Generating PHP code for Effect.Aff.Class (Total AST Nodes: 10)
Generating PHP code for Effect.Uncurried (Total AST Nodes: 20)
Generating PHP code for Effect.Aff.Compat (Total AST Nodes: 3)
Generating PHP code for Effect.Class.Console (Total AST Nodes: 18)
Generating PHP code for Effect.Exception.Unsafe (Total AST Nodes: 2)
Generating PHP code for Effect.Now (Total AST Nodes: 3)
Generating PHP code for Main (Total AST Nodes: 1)
Generating PHP code for Spago.Generated.BuildInfo (Total AST Nodes: 3)
Generating PHP code for Test.Main (Total AST Nodes: 1)
Generating PHP code for Test.TC (Total AST Nodes: 4)
Writing main.mod.php for App

✓ Backend build succeeded.

=== PHP ===
Loading composer repositories with package information
Updating dependencies
Nothing to modify in lock file
Writing lock file
Installing dependencies from lock file (including require-dev)
Nothing to install, update or remove
Generating autoload files
No security vulnerability advisories found.
Global warm-up in progress (this may take a moment)...

Global warm-up complete. Starting benchmarks...

--------------------------------------------------

(Test)

AST Evaluation:

(Output & Warm-up)

7

(Execution time - best of 10)

5.00 μs

--------------------------------------------------

(Test)

Fibonacci:

(Output & Warm-up)

55

(Execution time - best of 10)

2.00 μs

--------------------------------------------------

(Test)

List Processing (900 elements):

(Output & Warm-up)

202950

(Execution time - best of 10)

158.00 μs

--------------------------------------------------

(Test)

Tail Call Optimization (100k calls):

(Output & Warm-up)

100000

(Execution time - best of 10)

75.00 μs

--------------------------------------------------

(Test)

Deep Record Updates (10k iterations):

(Output & Warm-up)

20000

(Execution time - best of 10)

1524.00 μs

--------------------------------------------------

(Test)

Ackermann (3, 4):

(Output & Warm-up)

125

(Execution time - best of 10)

49.00 μs

--------------------------------------------------

(Test)

Church Numerals (100k Closure Applications):

(Output & Warm-up)

100000

(Execution time - best of 10)

9080.00 μs

--------------------------------------------------

(Test)

Prime Sieve (sum primes up to 500):

(Output & Warm-up)

21536

(Execution time - best of 10)

489.00 μs

--------------------------------------------------

(Test)

Red-Black Tree (100k Worst-Case Insertions):

(Output & Warm-up)

22

(Execution time - best of 10)

287907.00 μs

--------------------------------------------------

(Test)

Polymorphism (10M Type Class Dict Lookups):

(Output & Warm-up)

10000000

(Execution time - best of 10)

6453.00 μs

--------------------------------------------------

(Test)

State Monad (1.2k Binds, 60 Stack Depth):

(Output & Warm-up)

1200

(Execution time - best of 10)

447.00 μs

--------------------------------------------------

(Test)

Lazy Evaluation (1M Thunks Forced, 1k Depth):

(Output & Warm-up)

1000000

(Execution time - best of 10)

101382.00 μs

--------------------------------------------------

(Test)

Array Processing (900 elements):

(Output & Warm-up)

202950

(Execution time - best of 10)

98.00 μs

--------------------------------------------------

(Test)

RowToList (Keys Count):

(Output & Warm-up)

5

(Execution time - best of 10)

1.00 μs


==================================================

Total exec time: 407.67 ms

